branch=main
head=b4eff597ebffe79c575522b91642f82b26ad5247
git_status_short_begin
 M CURRENT.md
 M "docs/01_\351\241\271\347\233\256\347\216\260\347\212\266/PROJECT_BOTTLENECK_MAP.md"
 M "docs/03_\346\236\266\346\236\204\350\256\276\350\256\241/\344\272\247\345\223\201\346\235\203\345\250\201\350\275\250\350\277\271\346\234\200\345\260\217\345\220\210\345\220\214_v1.md"
 M "docs/04_\351\252\214\350\257\201\344\275\223\347\263\273/\344\272\247\345\223\201\346\235\203\345\250\201\350\275\250\350\277\27112\351\241\271\350\246\206\347\233\226\346\230\240\345\260\204_v1.md"
 M "docs/05_\344\273\273\345\212\241\344\272\244\346\216\245/P9_PRODUCT_AUTHORITATIVE_TRACE_MINIMUM_CONTRACT_REPAIR_V1/MEASUREMENT_ADAPTER.md"
 M "docs/05_\344\273\273\345\212\241\344\272\244\346\216\245/P9_PRODUCT_AUTHORITATIVE_TRACE_MINIMUM_CONTRACT_V1/NEXT_SLICE.md"
 M "docs/reference/\346\231\272\350\203\275\344\275\223\346\224\257\344\273\230\344\272\247\344\270\232\345\212\250\346\200\201\346\240\270\351\252\214\344\270\216\345\244\226\351\203\250\346\265\213\350\257\225\350\267\257\347\272\277_20260801.md"
 M scripts/validation/run_project_impact_baseline.py
 M src/agentic_payment_experiment/webshop_payment_sidecar.py
 M src/agentic_payment_experiment/webshop_runtime_gate.py
 M tests/test_project_impact_baseline.py
 M tests/test_webshop_payment_sidecar.py
 M tests/test_webshop_runtime_gate.py
?? "docs/05_\344\273\273\345\212\241\344\272\244\346\216\245/P9_PRODUCT_AUTHORITATIVE_TRACE_ASSEMBLER_EXTRACTION_V1/"
?? "docs/05_\344\273\273\345\212\241\344\272\244\346\216\245/P9_PRODUCT_AUTHORITATIVE_TRACE_MEASUREMENT_ADAPTER_V1/"
?? "docs/05_\344\273\273\345\212\241\344\272\244\346\216\245/P9_PRODUCT_AUTHORITATIVE_TRACE_MINIMUM_CONTRACT_REPAIR_V1/REVIEW.md"
?? "docs/05_\344\273\273\345\212\241\344\272\244\346\216\245/P9_PRODUCT_AUTHORITATIVE_TRACE_MINIMUM_CONTRACT_REPAIR_V1/evidence/RV-EV-01-initial.meta.json"
?? "docs/05_\344\273\273\345\212\241\344\272\244\346\216\245/P9_PRODUCT_AUTHORITATIVE_TRACE_MINIMUM_CONTRACT_REPAIR_V1/evidence/RV-EV-01-initial.stderr.log"
?? "docs/05_\344\273\273\345\212\241\344\272\244\346\216\245/P9_PRODUCT_AUTHORITATIVE_TRACE_MINIMUM_CONTRACT_REPAIR_V1/evidence/RV-EV-01-initial.stdout.log"
?? "docs/05_\344\273\273\345\212\241\344\272\244\346\216\245/P9_PRODUCT_AUTHORITATIVE_TRACE_MINIMUM_CONTRACT_REPAIR_V1/evidence/RV-EV-01-review-check.py"
?? "docs/05_\344\273\273\345\212\241\344\272\244\346\216\245/P9_PRODUCT_AUTHORITATIVE_TRACE_MINIMUM_CONTRACT_REPAIR_V1/evidence/RV-EV-01.meta.json"
?? "docs/05_\344\273\273\345\212\241\344\272\244\346\216\245/P9_PRODUCT_AUTHORITATIVE_TRACE_MINIMUM_CONTRACT_REPAIR_V1/evidence/RV-EV-01.stderr.log"
?? "docs/05_\344\273\273\345\212\241\344\272\244\346\216\245/P9_PRODUCT_AUTHORITATIVE_TRACE_MINIMUM_CONTRACT_REPAIR_V1/evidence/RV-EV-01.stdout.log"
?? "docs/05_\344\273\273\345\212\241\344\272\244\346\216\245/P9_PRODUCT_AUTHORITATIVE_TRACE_MINIMUM_CONTRACT_REPAIR_V1/evidence/RV-EV-02.meta.json"
?? "docs/05_\344\273\273\345\212\241\344\272\244\346\216\245/P9_PRODUCT_AUTHORITATIVE_TRACE_MINIMUM_CONTRACT_REPAIR_V1/evidence/RV-EV-02.stderr.log"
?? "docs/05_\344\273\273\345\212\241\344\272\244\346\216\245/P9_PRODUCT_AUTHORITATIVE_TRACE_MINIMUM_CONTRACT_REPAIR_V1/evidence/RV-EV-02.stdout.log"
?? "docs/05_\344\273\273\345\212\241\344\272\244\346\216\245/P9_PRODUCT_AUTHORITATIVE_TRACE_MINIMUM_CONTRACT_REPAIR_V1/evidence/RV-EV-03-source-resolution-check.py"
?? "docs/05_\344\273\273\345\212\241\344\272\244\346\216\245/P9_PRODUCT_AUTHORITATIVE_TRACE_MINIMUM_CONTRACT_REPAIR_V1/evidence/RV-EV-03.meta.json"
?? "docs/05_\344\273\273\345\212\241\344\272\244\346\216\245/P9_PRODUCT_AUTHORITATIVE_TRACE_MINIMUM_CONTRACT_REPAIR_V1/evidence/RV-EV-03.stderr.log"
?? "docs/05_\344\273\273\345\212\241\344\272\244\346\216\245/P9_PRODUCT_AUTHORITATIVE_TRACE_MINIMUM_CONTRACT_REPAIR_V1/evidence/RV-EV-03.stdout.log"
?? "docs/05_\344\273\273\345\212\241\344\272\244\346\216\245/P9_PRODUCT_AUTHORITATIVE_TRACE_MINIMUM_CONTRACT_REPAIR_V1/evidence/RV-EV-04-t10-profile-consistency-check.py"
?? "docs/05_\344\273\273\345\212\241\344\272\244\346\216\245/P9_PRODUCT_AUTHORITATIVE_TRACE_MINIMUM_CONTRACT_REPAIR_V1/evidence/RV-EV-04.meta.json"
?? "docs/05_\344\273\273\345\212\241\344\272\244\346\216\245/P9_PRODUCT_AUTHORITATIVE_TRACE_MINIMUM_CONTRACT_REPAIR_V1/evidence/RV-EV-04.stderr.log"
?? "docs/05_\344\273\273\345\212\241\344\272\244\346\216\245/P9_PRODUCT_AUTHORITATIVE_TRACE_MINIMUM_CONTRACT_REPAIR_V1/evidence/RV-EV-04.stdout.log"
?? "docs/05_\344\273\273\345\212\241\344\272\244\346\216\245/P9_PRODUCT_AUTHORITATIVE_TRACE_PROJECTION_IDENTITY_FORMULA_REPAIR_V1/"
?? "docs/05_\344\273\273\345\212\241\344\272\244\346\216\245/P9_PRODUCT_AUTHORITATIVE_TRACE_PROVENANCE_DIAGNOSTIC_REPAIR_V1/"
?? "docs/05_\344\273\273\345\212\241\344\272\244\346\216\245/P9_PRODUCT_AUTHORITATIVE_TRACE_REFERENCE_MODEL_GROUNDING_REPAIR_V1/"
?? "docs/05_\344\273\273\345\212\241\344\272\244\346\216\245/P9_PRODUCT_AUTHORITATIVE_TRACE_SOURCE_BINDING_CONTRACT_REPAIR_V1/"
?? "docs/05_\344\273\273\345\212\241\344\272\244\346\216\245/P9_PRODUCT_AUTHORITATIVE_TRACE_T01_HAPPY_PATH_SLICE_V1/"
?? "docs/05_\344\273\273\345\212\241\344\272\244\346\216\245/P9_PRODUCT_AUTHORITATIVE_TRACE_T09_UNKNOWN_PAYMENT_RECOVERY_SLICE_V1/"
?? "docs/05_\344\273\273\345\212\241\344\272\244\346\216\245/P9_PRODUCT_AUTHORITATIVE_TRACE_T10_DUPLICATE_PREFLIGHT_SLICE_V1/"
?? src/agentic_payment_experiment/authoritative_trace.py
?? src/agentic_payment_experiment/webshop_authoritative_trace.py
?? src/agentic_payment_experiment/webshop_happy_path_authoritative_trace.py
?? src/agentic_payment_experiment/webshop_trace_assembler.py
?? src/agentic_payment_experiment/webshop_unknown_payment_authoritative_trace.py
?? tests/test_authoritative_trace.py
?? tests/test_webshop_authoritative_trace.py
?? tests/test_webshop_trace_assembler.py
?? tests/test_webshop_unknown_payment_authoritative_trace.py
git_status_short_end
saved_snapshot=docs/05_任务交接/P9_PRODUCT_AUTHORITATIVE_TRACE_T09_UNKNOWN_PAYMENT_RECOVERY_SLICE_V1/evidence/EV-07-task-snapshot.txt
saved_snapshot_bytes=149595
saved_snapshot_sha256=b91bb0bb0d7f7d9a8f6ff457a4b640e7a040c4d85092a657f20cbacd9ac3be64
task_file_hashes_begin
c4cd3bd270b214f8de65af13aecde64cad6864fa450bd3a68042c65c29f4f3e0  CURRENT.md
4e053bdefe812c54f0e6002d6c8d2d6caadac98883fc2db3f776724852991d5b  src/agentic_payment_experiment/webshop_trace_assembler.py
f78c2a6b66cd84580a693a21907c70e58a0f387c2ffcdba3030be7b71855f306  src/agentic_payment_experiment/webshop_happy_path_authoritative_trace.py
790351ef8e618f506e597a1e568c2f59873e4dad2dfd4de978a350d3e7c9775f  src/agentic_payment_experiment/webshop_unknown_payment_authoritative_trace.py
b6976cbe4763d771de399600d86d030e5294326062aa5f401b8368786e67fb10  src/agentic_payment_experiment/webshop_payment_sidecar.py
bfe93193a3d7e3d9e78b4fb2e2b4819b47b6f4d01ae6383066ea64f94937747d  tests/test_webshop_trace_assembler.py
7cc4157bb0cae62a05fe465fbefbf0c80b0cded642e71e3c39028a83cafe5843  tests/test_webshop_unknown_payment_authoritative_trace.py
da278f5ff72b33fd2807c5232ea02ad3494165ef0f4ca5b3de3b8ce735a7caa7  tests/test_project_impact_baseline.py
adea3a0fcd54faa9b7b1a4729ce32c778f553c19cf228f8ea3b105c685dfe0fb  docs/05_任务交接/P9_PRODUCT_AUTHORITATIVE_TRACE_T09_UNKNOWN_PAYMENT_RECOVERY_SLICE_V1/CONTRACT.md
task_file_hashes_end
RESULT=PASS
