TASK=P9-KNOWN-PAYMENT-ATTEMPT-PREFLIGHT-GATE-V1
CONTRACT_BASELINE=8acaa9e4319240d258f14d8a23b1f15cc71d09b6
ACTUAL_START_HEAD=71a3acbbd9622b68a8064381b9034e07c1f4d700
--- GIT STATUS ---
## main...origin/main
--- SRC SHA256 ---
bcd378e3d9e35995d2cb308f8e6a56b2825663c8854996367dbf4dda6b85d9d5  src/agentic_payment_experiment/__init__.py
3a2d7e75045ea084349f1228f7ceaf2e19fc2cd77d25d95c45f1ad030d1673e3  src/agentic_payment_experiment/__main__.py
910791fdc3a36fef28b3839fedf36e83f7cb920a3af62b631cbbed7a5388e055  src/agentic_payment_experiment/adapters/__init__.py
726848d2527da9dc916db20de9c7c08c93cfedc9e20be45a14f3a7c44b3c93dc  src/agentic_payment_experiment/adapters/acp.py
22325219bdcd02c69bedd26831608d3fe1752b0cc43e1e34a0442ff3a698b867  src/agentic_payment_experiment/adapters/ap2.py
035e6bb20d44b0a52be3f6adab2830c402e01f53839e917698343761c5481ec4  src/agentic_payment_experiment/adapters/webshop.py
146317c4e54cffd2c7616d5ad0c77086da888141e0549d400ff5ce7a1f8e94a3  src/agentic_payment_experiment/adapters/x402.py
2f14925231f4c59368b096fdcc2398bba8c8c4e6f774d7bcb430487ca65f25d7  src/agentic_payment_experiment/attack_overlay.py
0592c595ba385b0db60d4c65b1f6f8382698973c5025072857ccf83845136c56  src/agentic_payment_experiment/evaluator.py
ca2804d11bfd5a807fc00cd5bda23f08c3842915a1f29a20d5be4195a2b915ea  src/agentic_payment_experiment/exception_matrix.py
b93aeb6f18b59bac195e624b7acf10c20e6ed46338796735a3bfc1017f93164a  src/agentic_payment_experiment/html_report.py
cb083a9fee9c21e5d87e49f097b1ce33d0546c1b0fb79bb59f7b5b7da6308150  src/agentic_payment_experiment/interactive_lab.py
d0be3aa65cca715845d3c41e38a75cb251764e2287cf49c3eb5efef1019b718f  src/agentic_payment_experiment/interactive_server.py
c9d3ad163d1172b80a4a1756c23a190e6921bb4381d9ff05e0ad56cbd121ecdf  src/agentic_payment_experiment/lab_overview.py
3ac0b178ed2bfa5da631bd0594bd2f6670bbfadd2a11a0b3446de209ffd44098  src/agentic_payment_experiment/learning_variants.py
8fc6df6f56d5aad47cc9c449340307324150f12760f0a124bd32296a659a4c92  src/agentic_payment_experiment/lifecycle.py
d38d49fb026e2887198f00292b0ecf9c9a58ea1b9af8fbefd243f79e3b558b65  src/agentic_payment_experiment/models.py
504fa1dfc6d2c18f685599ff937e34de759c949bcd999ae1eb4df7cf40554d25  src/agentic_payment_experiment/order_validation.py
90c7e5c90f5cbe5ca0f71f94bb17715bdd1a5f7db30c023bb9f2c3afac444738  src/agentic_payment_experiment/paybench_challenges.py
5616b8ed313025b21c28f7d77dbd5bfc2fd96204e450e027104f0049e3867dad  src/agentic_payment_experiment/paybench_current_system.py
25113d7c067a6ba43bcae7a182c60ec77404a50229987b0314805b1c10e0ce71  src/agentic_payment_experiment/payment_execution.py
b517d00e28d6a018d03f333af2a638ec8b0f95532a819fcad64a415d4018c9a1  src/agentic_payment_experiment/payment_finality.py
c8c2d7a71b4293105ea2365a7486f143b4ad2f8a9ea10d842bf00dae522107de  src/agentic_payment_experiment/payment_recovery.py
75c87e9382f29b045caf987a4d6e92281395748189df505294a210bb1fbbbf4d  src/agentic_payment_experiment/payment_status_conflict.py
10e04c3c4a6cb0b0198ed2e54d4cfbd83ef668c2ab5ac4a0d340a97b7632e463  src/agentic_payment_experiment/presentation_zh.py
253f160c3d138853745d7f35d1c4a43643eb7b70edb799e5d7844ee8d856380a  src/agentic_payment_experiment/regression_baseline.py
43a76921fe3058edee4b1778b73949a00dc76a44de08a36f8a3d4e8cdb8c15d3  src/agentic_payment_experiment/remediation.py
1332f21efac9c98675527ee76b25fc6b6799a94f9d95bcbd7498897ef7133899  src/agentic_payment_experiment/result_card.py
058c175468234a8f4c5cba65e42cf1f18f17c3856a6edbcd09169d4a5d45a9b6  src/agentic_payment_experiment/runner.py
59af83815a46e752e4358361e21c6d372a7565d85f5b8b1c5ddf8f80bbc8faf6  src/agentic_payment_experiment/scenario_loader.py
feb23392d6382c471af951519fb7c09558d8caa93c9bf1698b9b2eadd0f4ea96  src/agentic_payment_experiment/trusted_execution/__init__.py
c9e4e2de385a63c5c6046afaff39c768b7f2288401c271e0d50f129fb2fb9f24  src/agentic_payment_experiment/trusted_execution/binding.py
0d798ec2da9757c054461821f80270c4c99522858a2723591f94cf914d214457  src/agentic_payment_experiment/trusted_execution/confirmation.py
be5a343ac0f48967b4b861f9b0a0c041d3f87406e6d82df1c366cb6ca810ac56  src/agentic_payment_experiment/trusted_execution/context_policy.py
cfd1ce9168eafecba894b45d5893be93b8c9e2f9668231a55a35930e23bb2c3c  src/agentic_payment_experiment/trusted_execution/execution_facts.py
7608b0f9997eb357a7ca733343eb359183f29bcc52eae6d941c3c83efb9737b5  src/agentic_payment_experiment/trusted_execution/fact_lineage.py
115df903ff7ba4090438c7a5b89132882e43bc97830672899837165d05058c7e  src/agentic_payment_experiment/trusted_execution/governed_action.py
20a3ccbe372d48b4239aafde41dd09ac53446761d95e8e4d7f4686cb118b2931  src/agentic_payment_experiment/trusted_execution/hashing.py
482b7aa23e07f7724b909ab289928e61f9227f2544611b886e028047d4e9e5d9  src/agentic_payment_experiment/trusted_execution/original_transaction.py
139cc77fa57689cd46e9b2716c5877b012d5366e520bab812d8ad121fdcf9e87  src/agentic_payment_experiment/trusted_execution/payment_binding.py
f8c57ef39355b1d7782bac74ece2a2a88176ff0b5b077ee6bd522e625b2db935  src/agentic_payment_experiment/trusted_execution/replay.py
9c001311c36a00d33959fffbf50784ff42928100d622a4d645b79ec8e395cbcb  src/agentic_payment_experiment/validator.py
32c2428e3ff56fd4576a3265636b566cc63c5e1296cf3b1a63a0725eee8435e2  src/agentic_payment_experiment/webshop_payment_sidecar.py
53cf905867905ae73f2886c4612a6d19cc839420677afe4f0eb4f655c87c1dd2  src/agentic_payment_experiment/webshop_runtime_gate.py
5240369a4620b5339538f62a294564fe2d4cda06c11b5a4aefb00fdb16cc9b2e  src/agentic_payment_experiment/x402_conformance.py
