test_authority_and_agent_cannot_be_swapped_at_execution (tests.trusted_execution.test_payment_binding.PaymentExecutionBindingTests.test_authority_and_agent_cannot_be_swapped_at_execution) ... ok
test_critical_payment_fields_cannot_change_silently (tests.trusted_execution.test_payment_binding.PaymentExecutionBindingTests.test_critical_payment_fields_cannot_change_silently) ... ok
test_execution_must_bind_the_validated_request_and_order (tests.trusted_execution.test_payment_binding.PaymentExecutionBindingTests.test_execution_must_bind_the_validated_request_and_order) ... ok
test_invalid_p3_identity_is_denied_before_callback (tests.trusted_execution.test_payment_binding.PaymentExecutionBindingTests.test_invalid_p3_identity_is_denied_before_callback) ... ok
test_missing_continuous_references_fail_closed (tests.trusted_execution.test_payment_binding.PaymentExecutionBindingTests.test_missing_continuous_references_fail_closed) ... ok
test_missing_p3_executor_evidence_is_indeterminate_before_callback (tests.trusted_execution.test_payment_binding.PaymentExecutionBindingTests.test_missing_p3_executor_evidence_is_indeterminate_before_callback) ... ok
test_observation_is_captured_once_at_gate_without_replay_callback (tests.trusted_execution.test_payment_binding.PaymentExecutionBindingTests.test_observation_is_captured_once_at_gate_without_replay_callback) ... ok
test_p4_gate_rejects_complete_coverage_bound_to_another_payment (tests.trusted_execution.test_payment_binding.PaymentExecutionBindingTests.test_p4_gate_rejects_complete_coverage_bound_to_another_payment) ... ok
test_p4_gate_rejects_empty_partial_action_and_policy_mismatch (tests.trusted_execution.test_payment_binding.PaymentExecutionBindingTests.test_p4_gate_rejects_empty_partial_action_and_policy_mismatch) ... ok
test_p4_gate_requires_each_payment_value_source_and_current_digest (tests.trusted_execution.test_payment_binding.PaymentExecutionBindingTests.test_p4_gate_requires_each_payment_value_source_and_current_digest) ... ok
test_p4_missing_invalid_and_safely_blocked_paths_gate_callback (tests.trusted_execution.test_payment_binding.PaymentExecutionBindingTests.test_p4_missing_invalid_and_safely_blocked_paths_gate_callback) ... ok
test_p5_replay_preserves_final_p2_p3_and_p4_gate_blocks (tests.trusted_execution.test_payment_binding.PaymentExecutionBindingTests.test_p5_replay_preserves_final_p2_p3_and_p4_gate_blocks) ... ok
test_reference_collision_or_execution_before_request_is_invalid (tests.trusted_execution.test_payment_binding.PaymentExecutionBindingTests.test_reference_collision_or_execution_before_request_is_invalid) ... ok
test_request_must_bind_the_current_order_and_authority_version (tests.trusted_execution.test_payment_binding.PaymentExecutionBindingTests.test_request_must_bind_the_current_order_and_authority_version) ... ok
test_shared_runtime_gate_emits_causal_reason_for_every_branch (tests.trusted_execution.test_payment_binding.PaymentExecutionBindingTests.test_shared_runtime_gate_emits_causal_reason_for_every_branch) ... ok
test_upstream_non_allow_decision_blocks_even_a_valid_payment_binding (tests.trusted_execution.test_payment_binding.PaymentExecutionBindingTests.test_upstream_non_allow_decision_blocks_even_a_valid_payment_binding) ... ok
test_valid_continuous_binding_is_the_only_path_that_executes (tests.trusted_execution.test_payment_binding.PaymentExecutionBindingTests.test_valid_continuous_binding_is_the_only_path_that_executes) ... ok
test_adapter_amount_mismatch_fails_closed (tests.test_webshop_payment_sidecar.WebShopPaymentSidecarTest.test_adapter_amount_mismatch_fails_closed) ... ok
test_adapter_currency_mismatch_fails_closed (tests.test_webshop_payment_sidecar.WebShopPaymentSidecarTest.test_adapter_currency_mismatch_fails_closed) ... ok
test_adapter_request_id_mismatch_fails_closed (tests.test_webshop_payment_sidecar.WebShopPaymentSidecarTest.test_adapter_request_id_mismatch_fails_closed) ... ok
test_async_only_bound_observation_is_supported_without_retry (tests.test_webshop_payment_sidecar.WebShopPaymentSidecarTest.test_async_only_bound_observation_is_supported_without_retry) ... ok
test_duplicate_successful_attempt_blocks_retry (tests.test_webshop_payment_sidecar.WebShopPaymentSidecarTest.test_duplicate_successful_attempt_blocks_retry) ... ok
test_failed_payment_never_becomes_task_success (tests.test_webshop_payment_sidecar.WebShopPaymentSidecarTest.test_failed_payment_never_becomes_task_success) ... ok
test_fulfillment_binding_mismatch_fails_closed (tests.test_webshop_payment_sidecar.WebShopPaymentSidecarTest.test_fulfillment_binding_mismatch_fails_closed) ... ok
test_full_canonical_adapter_gate_projection_passes (tests.test_webshop_payment_sidecar.WebShopPaymentSidecarTest.test_full_canonical_adapter_gate_projection_passes) ... ok
test_gate_and_explicit_input_prerequisite_matrix_fails_closed (tests.test_webshop_payment_sidecar.WebShopPaymentSidecarTest.test_gate_and_explicit_input_prerequisite_matrix_fails_closed) ... ok
test_inputs_are_immutable_and_effective_status_uses_a_copy (tests.test_webshop_payment_sidecar.WebShopPaymentSidecarTest.test_inputs_are_immutable_and_effective_status_uses_a_copy) ... ok
test_missing_idempotency_boundary_never_allows_retry (tests.test_webshop_payment_sidecar.WebShopPaymentSidecarTest.test_missing_idempotency_boundary_never_allows_retry) ... ok
test_no_query_known_attempts_never_create_retry_candidate (tests.test_webshop_payment_sidecar.WebShopPaymentSidecarTest.test_no_query_known_attempts_never_create_retry_candidate) ... ok
test_no_query_related_successful_attempt_blocks_duplicate_payment (tests.test_webshop_payment_sidecar.WebShopPaymentSidecarTest.test_no_query_related_successful_attempt_blocks_duplicate_payment) ... ok
test_no_query_related_unknown_and_pending_attempts_block_duplicate_payment (tests.test_webshop_payment_sidecar.WebShopPaymentSidecarTest.test_no_query_related_unknown_and_pending_attempts_block_duplicate_payment) ... ok
test_no_query_unrelated_attempt_does_not_set_duplicate_block (tests.test_webshop_payment_sidecar.WebShopPaymentSidecarTest.test_no_query_unrelated_attempt_does_not_set_duplicate_block) ... ok
test_payment_binding_mismatch_fails_closed (tests.test_webshop_payment_sidecar.WebShopPaymentSidecarTest.test_payment_binding_mismatch_fails_closed) ... ok
test_payment_success_and_fulfillment_failure_require_remediation (tests.test_webshop_payment_sidecar.WebShopPaymentSidecarTest.test_payment_success_and_fulfillment_failure_require_remediation) ... ok
test_payment_success_and_fulfillment_success_complete_user_task (tests.test_webshop_payment_sidecar.WebShopPaymentSidecarTest.test_payment_success_and_fulfillment_success_complete_user_task) ... ok
test_payment_success_and_pending_fulfillment_remain_pending (tests.test_webshop_payment_sidecar.WebShopPaymentSidecarTest.test_payment_success_and_pending_fulfillment_remain_pending) ... ok
test_pending_query_remains_unresolved_and_never_retries (tests.test_webshop_payment_sidecar.WebShopPaymentSidecarTest.test_pending_query_remains_unresolved_and_never_retries) ... ok
test_production_sidecar_has_no_file_network_process_environment_or_callback_action (tests.test_webshop_payment_sidecar.WebShopPaymentSidecarTest.test_production_sidecar_has_no_file_network_process_environment_or_callback_action) ... ok
test_public_api_is_exported (tests.test_webshop_payment_sidecar.WebShopPaymentSidecarTest.test_public_api_is_exported) ... ok
test_query_async_monotonic_confirmation_can_drive_lifecycle (tests.test_webshop_payment_sidecar.WebShopPaymentSidecarTest.test_query_async_monotonic_confirmation_can_drive_lifecycle) ... ok
test_query_async_terminal_conflict_never_implies_success (tests.test_webshop_payment_sidecar.WebShopPaymentSidecarTest.test_query_async_terminal_conflict_never_implies_success) ... ok
test_query_binding_mismatch_blocks_recovery_and_success (tests.test_webshop_payment_sidecar.WebShopPaymentSidecarTest.test_query_binding_mismatch_blocks_recovery_and_success) ... ok
test_terminal_failed_can_be_offline_retry_candidate_without_execution (tests.test_webshop_payment_sidecar.WebShopPaymentSidecarTest.test_terminal_failed_can_be_offline_retry_candidate_without_execution) ... ok
test_to_dict_is_deterministic_and_primitive_only (tests.test_webshop_payment_sidecar.WebShopPaymentSidecarTest.test_to_dict_is_deterministic_and_primitive_only) ... ok
test_trusted_query_recovers_unknown_payment_to_succeeded (tests.test_webshop_payment_sidecar.WebShopPaymentSidecarTest.test_trusted_query_recovers_unknown_payment_to_succeeded) ... ok
test_unresolved_parallel_attempt_blocks_retry (tests.test_webshop_payment_sidecar.WebShopPaymentSidecarTest.test_unresolved_parallel_attempt_blocks_retry) ... ok
test_conflicting_failed_observation_cannot_override_known_success (tests.test_payment_recovery.PaymentRecoveryTest.test_conflicting_failed_observation_cannot_override_known_success) ... ok
test_existing_successful_attempt_for_same_request_blocks_retry (tests.test_payment_recovery.PaymentRecoveryTest.test_existing_successful_attempt_for_same_request_blocks_retry) ... ok
test_existing_unknown_or_pending_attempt_for_same_request_blocks_retry (tests.test_payment_recovery.PaymentRecoveryTest.test_existing_unknown_or_pending_attempt_for_same_request_blocks_retry) ... ok
test_failed_observation_without_idempotency_boundary_is_blocked (tests.test_payment_recovery.PaymentRecoveryTest.test_failed_observation_without_idempotency_boundary_is_blocked) ... ok
test_invalid_p2_binding_blocks_status_recovery (tests.test_payment_recovery.PaymentRecoveryTest.test_invalid_p2_binding_blocks_status_recovery) ... ok
test_missing_provider_or_order_blocks_original_transaction_recovery (tests.test_payment_recovery.PaymentRecoveryTest.test_missing_provider_or_order_blocks_original_transaction_recovery) ... ok
test_pending_to_pending_forbids_retry (tests.test_payment_recovery.PaymentRecoveryTest.test_pending_to_pending_forbids_retry) ... ok
test_status_observation_binding_errors_are_blocked (tests.test_payment_recovery.PaymentRecoveryTest.test_status_observation_binding_errors_are_blocked) ... ok
test_unknown_to_failed_is_only_a_safe_retry_candidate (tests.test_payment_recovery.PaymentRecoveryTest.test_unknown_to_failed_is_only_a_safe_retry_candidate) ... ok
test_unknown_to_succeeded_recovers_original_payment_and_forbids_retry (tests.test_payment_recovery.PaymentRecoveryTest.test_unknown_to_succeeded_recovers_original_payment_and_forbids_retry) ... ok
test_unknown_to_unknown_forbids_retry_and_remains_unresolved (tests.test_payment_recovery.PaymentRecoveryTest.test_unknown_to_unknown_forbids_retry_and_remains_unresolved) ... ok
test_equal_time_disagreement_is_conflict (tests.test_payment_status_conflict.PaymentStatusConflictFactTest.test_equal_time_disagreement_is_conflict) ... ok
test_invalid_binding_and_reference_fail_closed (tests.test_payment_status_conflict.PaymentStatusConflictFactTest.test_invalid_binding_and_reference_fail_closed) ... ok
test_invalid_enum_is_blocked_instead_of_coerced (tests.test_payment_status_conflict.PaymentStatusConflictFactTest.test_invalid_enum_is_blocked_instead_of_coerced) ... ok
test_matching_terminal_observations_are_consistent_and_terminal (tests.test_payment_status_conflict.PaymentStatusConflictFactTest.test_matching_terminal_observations_are_consistent_and_terminal) ... ok
test_observation_before_execution_is_blocked (tests.test_payment_status_conflict.PaymentStatusConflictFactTest.test_observation_before_execution_is_blocked) ... ok
test_opposite_terminal_claims_conflict_in_both_channel_orders (tests.test_payment_status_conflict.PaymentStatusConflictFactTest.test_opposite_terminal_claims_conflict_in_both_channel_orders) ... ok
test_pending_to_succeeded_is_monotonic_terminal_confirmation (tests.test_payment_status_conflict.PaymentStatusConflictFactTest.test_pending_to_succeeded_is_monotonic_terminal_confirmation) ... ok
test_serialization_is_deterministic_primitive_only_and_narrow (tests.test_payment_status_conflict.PaymentStatusConflictFactTest.test_serialization_is_deterministic_primitive_only_and_narrow) ... ok
test_terminal_to_unresolved_regression_is_conflict (tests.test_payment_status_conflict.PaymentStatusConflictFactTest.test_terminal_to_unresolved_regression_is_conflict) ... ok
test_unknown_to_failed_is_monotonic_terminal_confirmation (tests.test_payment_status_conflict.PaymentStatusConflictFactTest.test_unknown_to_failed_is_monotonic_terminal_confirmation) ... ok
test_unresolved_observations_remain_non_terminal (tests.test_payment_status_conflict.PaymentStatusConflictFactTest.test_unresolved_observations_remain_non_terminal) ... ok

----------------------------------------------------------------------
Ran 68 tests in 0.188s

OK
