test_closed_models_contain_required_source_and_fact_domains (tests.trusted_execution.test_context_policy.ContextPolicyTests.test_closed_models_contain_required_source_and_fact_domains) ... ok
test_low_trust_sources_cannot_overwrite_critical_facts (tests.trusted_execution.test_context_policy.ContextPolicyTests.test_low_trust_sources_cannot_overwrite_critical_facts) ... ok
test_merchant_cannot_overwrite_a_confirmed_order_fact (tests.trusted_execution.test_context_policy.ContextPolicyTests.test_merchant_cannot_overwrite_a_confirmed_order_fact) ... ok
test_merge_is_copy_based_and_detects_actual_unauthorized_mutation (tests.trusted_execution.test_context_policy.ContextPolicyTests.test_merge_is_copy_based_and_detects_actual_unauthorized_mutation) ... ok
test_missing_metadata_and_unknown_combinations_fail_closed (tests.trusted_execution.test_context_policy.ContextPolicyTests.test_missing_metadata_and_unknown_combinations_fail_closed) ... ok
test_policy_and_current_action_are_required (tests.trusted_execution.test_context_policy.ContextPolicyTests.test_policy_and_current_action_are_required) ... ok
test_provider_status_update_is_allowed_but_authority_is_not (tests.trusted_execution.test_context_policy.ContextPolicyTests.test_provider_status_update_is_allowed_but_authority_is_not) ... ok
test_required_source_coverage_is_missing_partial_or_complete (tests.trusted_execution.test_context_policy.ContextPolicyTests.test_required_source_coverage_is_missing_partial_or_complete) ... ok
test_unknown_or_untrusted_source_does_not_count_as_coverage (tests.trusted_execution.test_context_policy.ContextPolicyTests.test_unknown_or_untrusted_source_does_not_count_as_coverage) ... ok
test_unresolved_value_ref_is_blocked_without_writing_none (tests.trusted_execution.test_context_policy.ContextPolicyTests.test_unresolved_value_ref_is_blocked_without_writing_none) ... ok
test_fails_closed_for_broken_link_duplicate_and_reference_mismatch (tests.trusted_execution.test_replay.ReplayTests.test_fails_closed_for_broken_link_duplicate_and_reference_mismatch) ... ok
test_marks_missing_required_event_as_indeterminate (tests.trusted_execution.test_replay.ReplayTests.test_marks_missing_required_event_as_indeterminate) ... ok
test_rejects_unknown_enum_and_missing_reference (tests.trusted_execution.test_replay.ReplayTests.test_rejects_unknown_enum_and_missing_reference) ... ok
test_replays_complete_allow_chain_as_structured_facts (tests.trusted_execution.test_replay.ReplayTests.test_replays_complete_allow_chain_as_structured_facts) ... ok
test_replays_confirmation_and_deny_from_recorded_decision (tests.trusted_execution.test_replay.ReplayTests.test_replays_confirmation_and_deny_from_recorded_decision) ... ok
test_all_actions_bind_original_transaction (tests.trusted_execution.test_original_transaction.OriginalTransactionTests.test_all_actions_bind_original_transaction) ... ok
test_mismatches_missing_provider_and_unknown_action_fail_closed (tests.trusted_execution.test_original_transaction.OriginalTransactionTests.test_mismatches_missing_provider_and_unknown_action_fail_closed) ... ok
test_conflicting_observation_is_blocked_and_non_terminal (tests.test_payment_finality.PaymentQueryFinalityTest.test_conflicting_observation_is_blocked_and_non_terminal) ... ok
test_invalid_binding_is_blocked_and_non_terminal (tests.test_payment_finality.PaymentQueryFinalityTest.test_invalid_binding_is_blocked_and_non_terminal) ... ok
test_s12_query_confirmed_is_payment_terminal_only (tests.test_payment_finality.PaymentQueryFinalityTest.test_s12_query_confirmed_is_payment_terminal_only) ... ok
test_serialization_is_deterministic (tests.test_payment_finality.PaymentQueryFinalityTest.test_serialization_is_deterministic) ... ok
test_trusted_failed_query_is_payment_terminal_only (tests.test_payment_finality.PaymentQueryFinalityTest.test_trusted_failed_query_is_payment_terminal_only) ... ok
test_unknown_and_pending_queries_are_non_final (tests.test_payment_finality.PaymentQueryFinalityTest.test_unknown_and_pending_queries_are_non_final) ... ok
test_unknown_input_fails_closed (tests.test_payment_finality.PaymentQueryFinalityTest.test_unknown_input_fails_closed) ... ok
test_equal_time_disagreement_is_conflict (tests.test_payment_status_conflict.PaymentStatusConflictFactTest.test_equal_time_disagreement_is_conflict) ... ok
test_invalid_binding_and_reference_fail_closed (tests.test_payment_status_conflict.PaymentStatusConflictFactTest.test_invalid_binding_and_reference_fail_closed) ... ok
test_invalid_enum_is_blocked_instead_of_coerced (tests.test_payment_status_conflict.PaymentStatusConflictFactTest.test_invalid_enum_is_blocked_instead_of_coerced) ... ok
test_matching_terminal_observations_are_consistent_and_terminal (tests.test_payment_status_conflict.PaymentStatusConflictFactTest.test_matching_terminal_observations_are_consistent_and_terminal) ... ok
test_observation_before_execution_is_blocked (tests.test_payment_status_conflict.PaymentStatusConflictFactTest.test_observation_before_execution_is_blocked) ... ok
test_opposite_terminal_claims_conflict_in_both_channel_orders (tests.test_payment_status_conflict.PaymentStatusConflictFactTest.test_opposite_terminal_claims_conflict_in_both_channel_orders) ... ok
test_pending_to_succeeded_is_monotonic_terminal_confirmation (tests.test_payment_status_conflict.PaymentStatusConflictFactTest.test_pending_to_succeeded_is_monotonic_terminal_confirmation) ... ok
test_serialization_is_deterministic_primitive_only_and_narrow (tests.test_payment_status_conflict.PaymentStatusConflictFactTest.test_serialization_is_deterministic_primitive_only_and_narrow) ... ok
test_terminal_to_unresolved_regression_is_conflict (tests.test_payment_status_conflict.PaymentStatusConflictFactTest.test_terminal_to_unresolved_regression_is_conflict) ... ok
test_unknown_to_failed_is_monotonic_terminal_confirmation (tests.test_payment_status_conflict.PaymentStatusConflictFactTest.test_unknown_to_failed_is_monotonic_terminal_confirmation) ... ok
test_unresolved_observations_remain_non_terminal (tests.test_payment_status_conflict.PaymentStatusConflictFactTest.test_unresolved_observations_remain_non_terminal) ... ok

----------------------------------------------------------------------
Ran 35 tests in 0.087s

OK
