repeatability_all_identical=True
normalized_sha256=cef137ad7cc2db4c60954e3dbec778c14c7929a38bbfc6af7528472fe47660ca
product_trace=7/12:0.583333
gesr=6/12:0.500000
valid_product_tasks=T01,T02,T03,T04,T09,T10,T12
absent_product_tasks=T05,T06,T07,T08,T11
T05_missing_events=ACTION_BINDING_DECISION_RECORDED,AUTHORITY_RECORDED,ORDER_RECORDED,REQUEST_RECORDED
T06_missing_events=ACTION_BINDING_DECISION_RECORDED,AUTHORITY_RECORDED,ORDER_RECORDED,REQUEST_RECORDED
T07_missing_events=LINEAGE_DECISION_RECORDED,POLICY_DECISION_RECORDED
T08_missing_events=LINEAGE_DECISION_RECORDED,POLICY_DECISION_RECORDED
all_12_actual_outputs_equal_accepted_snapshot=True
non_trace_projection_sha256=6eb5bca0c0aba10ac75eff3cf5d12ceed015b71d974d685dfa96b7e91e9099dc
T05_decision=DENY
T06_decision=INDETERMINATE
T07_decision=ALLOW trusted_state_changed=false blocked_paths=request.amount
T08_decision=ALLOW trusted_state_changed=false blocked_paths=request.payee
runner_sha256=70bf2142c303c01c6fb3270fb364c46bc220b821c5e554fa2e6af3355dc57dd3
authoritative_trace_sha256=07c7341b62440ea22a6fb22daa2e5e8b48163bc70ba534ac9cb065ffb001414a
src_manifest_unchanged=True
RESULT=PASS
