test_build_payload_does_not_enrich_read_model (tests.test_authoritative_trace_player.AuthoritativeTracePlayerTest.test_build_payload_does_not_enrich_read_model) ... ok
test_chinese_first_controls_and_evidence_labels_are_present (tests.test_authoritative_trace_player.AuthoritativeTracePlayerTest.test_chinese_first_controls_and_evidence_labels_are_present) ... ok
test_duplicate_source_binding_ref_fails_closed (tests.test_authoritative_trace_player.AuthoritativeTracePlayerTest.test_duplicate_source_binding_ref_fails_closed) ... ok
test_embedded_payload_is_deterministic_three_times_per_family (tests.test_authoritative_trace_player.AuthoritativeTracePlayerTest.test_embedded_payload_is_deterministic_three_times_per_family) ... ok
test_embedded_payload_is_exact_read_model_primitive (tests.test_authoritative_trace_player.AuthoritativeTracePlayerTest.test_embedded_payload_is_exact_read_model_primitive) ... ok
test_empty_event_read_model_fails_closed (tests.test_authoritative_trace_player.AuthoritativeTracePlayerTest.test_empty_event_read_model_fails_closed) ... ok
test_event_count_order_and_fields_are_preserved (tests.test_authoritative_trace_player.AuthoritativeTracePlayerTest.test_event_count_order_and_fields_are_preserved) ... ok
test_every_event_source_binding_ref_resolves_exactly_once (tests.test_authoritative_trace_player.AuthoritativeTracePlayerTest.test_every_event_source_binding_ref_resolves_exactly_once) ... ok
test_frontend_uses_text_content_not_inner_html_for_evidence (tests.test_authoritative_trace_player.AuthoritativeTracePlayerTest.test_frontend_uses_text_content_not_inner_html_for_evidence) ... ok
test_generated_document_has_no_network_or_external_resource_hooks (tests.test_authoritative_trace_player.AuthoritativeTracePlayerTest.test_generated_document_has_no_network_or_external_resource_hooks) ... ok
test_hostile_display_string_round_trips_without_breaking_script_boundary (tests.test_authoritative_trace_player.AuthoritativeTracePlayerTest.test_hostile_display_string_round_trips_without_breaking_script_boundary) ... ok
test_playback_uses_only_local_index_and_timer_state (tests.test_authoritative_trace_player.AuthoritativeTracePlayerTest.test_playback_uses_only_local_index_and_timer_state) ... ok
test_player_has_explicit_offline_read_only_notice (tests.test_authoritative_trace_player.AuthoritativeTracePlayerTest.test_player_has_explicit_offline_read_only_notice) ... ok
test_production_player_has_generic_consumer_only_dependency (tests.test_authoritative_trace_player.AuthoritativeTracePlayerTest.test_production_player_has_generic_consumer_only_dependency) ... ok
test_production_player_has_no_business_or_network_calls (tests.test_authoritative_trace_player.AuthoritativeTracePlayerTest.test_production_player_has_no_business_or_network_calls) ... ok
test_relations_and_assertions_are_preserved (tests.test_authoritative_trace_player.AuthoritativeTracePlayerTest.test_relations_and_assertions_are_preserved) ... ok
test_rendering_is_byte_deterministic_three_times_per_family (tests.test_authoritative_trace_player.AuthoritativeTracePlayerTest.test_rendering_is_byte_deterministic_three_times_per_family) ... ok
test_same_player_renders_all_four_representative_families (tests.test_authoritative_trace_player.AuthoritativeTracePlayerTest.test_same_player_renders_all_four_representative_families) ... ok
test_source_binding_drill_down_payload_is_exact (tests.test_authoritative_trace_player.AuthoritativeTracePlayerTest.test_source_binding_drill_down_payload_is_exact) ... ok
test_unresolved_source_binding_ref_fails_closed (tests.test_authoritative_trace_player.AuthoritativeTracePlayerTest.test_unresolved_source_binding_ref_fails_closed) ... ok
test_wrong_input_type_fails_closed (tests.test_authoritative_trace_player.AuthoritativeTracePlayerTest.test_wrong_input_type_fails_closed) ... ok

----------------------------------------------------------------------
Ran 21 tests in 0.062s

OK
