test_added_and_removed_products_change_item_set (tests.test_order_validation.OrderValidationTest.test_added_and_removed_products_change_item_set) ... ok
test_added_product_is_not_misclassified_as_addon (tests.test_order_validation.OrderValidationTest.test_added_product_is_not_misclassified_as_addon) ... ok
test_aggregates_multiple_out_of_scope_items (tests.test_order_validation.OrderValidationTest.test_aggregates_multiple_out_of_scope_items) ... ok
test_aggregates_same_layer_binding_failures_without_business_differences (tests.test_order_validation.OrderValidationTest.test_aggregates_same_layer_binding_failures_without_business_differences) ... ok
test_detects_duplicate_item_id_in_either_snapshot (tests.test_order_validation.OrderValidationTest.test_detects_duplicate_item_id_in_either_snapshot) ... ok
test_each_comparability_failure_is_indeterminate (tests.test_order_validation.OrderValidationTest.test_each_comparability_failure_is_indeterminate) ... ok
test_each_same_item_field_change_requires_confirmation (tests.test_order_validation.OrderValidationTest.test_each_same_item_field_change_requires_confirmation) ... ok
test_exact_same_snapshot_has_valid_binding_fact (tests.test_order_validation.OrderValidationTest.test_exact_same_snapshot_has_valid_binding_fact) ... ok
test_final_item_category_out_of_scope_is_denied (tests.test_order_validation.OrderValidationTest.test_final_item_category_out_of_scope_is_denied) ... ok
test_hard_boundary_wins_while_reliable_differences_are_retained (tests.test_order_validation.OrderValidationTest.test_hard_boundary_wins_while_reliable_differences_are_retained) ... ok
test_missing_either_snapshot_is_indeterminate (tests.test_order_validation.OrderValidationTest.test_missing_either_snapshot_is_indeterminate) ... ok
test_multiple_material_changes_are_aggregated_in_stable_order (tests.test_order_validation.OrderValidationTest.test_multiple_material_changes_are_aggregated_in_stable_order) ... ok
test_name_comparison_strips_only_outer_whitespace (tests.test_order_validation.OrderValidationTest.test_name_comparison_strips_only_outer_whitespace) ... ok
test_non_material_changes_do_not_trigger_confirmation (tests.test_order_validation.OrderValidationTest.test_non_material_changes_do_not_trigger_confirmation) ... ok
test_non_product_addon_has_deterministic_addon_code (tests.test_order_validation.OrderValidationTest.test_non_product_addon_has_deterministic_addon_code) ... ok
test_payee_change_alone_is_indeterminate_without_business_differences (tests.test_order_validation.OrderValidationTest.test_payee_change_alone_is_indeterminate_without_business_differences) ... ok
test_payee_change_and_duplicate_item_ids_are_structural (tests.test_order_validation.OrderValidationTest.test_payee_change_and_duplicate_item_ids_are_structural) ... ok
test_quote_equal_to_request_time_is_not_expired (tests.test_order_validation.OrderValidationTest.test_quote_equal_to_request_time_is_not_expired) ... ok
test_service_terms_and_quote_expiry_require_confirmation (tests.test_order_validation.OrderValidationTest.test_service_terms_and_quote_expiry_require_confirmation) ... ok
test_total_increase_and_decrease_require_confirmation (tests.test_order_validation.OrderValidationTest.test_total_increase_and_decrease_require_confirmation) ... ok
test_version_only_binding_mismatch_does_not_change_payment_decision (tests.test_order_validation.OrderValidationTest.test_version_only_binding_mismatch_does_not_change_payment_decision) ... ok
test_allows_request_within_mandate (tests.test_validator.ValidatorTest.test_allows_request_within_mandate) ... ok
test_allows_unchanged_order_with_matching_binding (tests.test_validator.ValidatorTest.test_allows_unchanged_order_with_matching_binding) ... ok
test_authority_version_change_requires_new_confirmation (tests.test_validator.ValidatorTest.test_authority_version_change_requires_new_confirmation) ... ok
test_confirmation_binding_fact_is_consumed_before_payment (tests.test_validator.ValidatorTest.test_confirmation_binding_fact_is_consumed_before_payment) ... ok
test_denies_count_exceeded (tests.test_validator.ValidatorTest.test_denies_count_exceeded) ... ok
test_denies_declared_agent_mismatch_using_trusted_binding_fact (tests.test_validator.ValidatorTest.test_denies_declared_agent_mismatch_using_trusted_binding_fact) ... ok
test_denies_duplicate_request (tests.test_validator.ValidatorTest.test_denies_duplicate_request) ... ok
test_denies_expired_mandate (tests.test_validator.ValidatorTest.test_denies_expired_mandate) ... ok
test_denies_out_of_scope_category (tests.test_validator.ValidatorTest.test_denies_out_of_scope_category) ... ok
test_denies_out_of_scope_merchant (tests.test_validator.ValidatorTest.test_denies_out_of_scope_merchant) ... ok
test_denies_over_hard_limit (tests.test_validator.ValidatorTest.test_denies_over_hard_limit) ... ok
test_matching_declared_agent_reference_is_not_claimed_as_authentication (tests.test_validator.ValidatorTest.test_matching_declared_agent_reference_is_not_claimed_as_authentication) ... ok
test_missing_confirmation_record_fails_closed_for_versioned_order (tests.test_validator.ValidatorTest.test_missing_confirmation_record_fails_closed_for_versioned_order) ... ok
test_rejects_authorized_order_for_another_mandate (tests.test_validator.ValidatorTest.test_rejects_authorized_order_for_another_mandate) ... ok
test_rejects_authorized_order_for_another_merchant (tests.test_validator.ValidatorTest.test_rejects_authorized_order_for_another_merchant) ... ok
test_rejects_authorized_order_in_another_currency (tests.test_validator.ValidatorTest.test_rejects_authorized_order_in_another_currency) ... ok
test_requires_confirmation_above_threshold (tests.test_validator.ValidatorTest.test_requires_confirmation_above_threshold) ... ok
test_requires_confirmation_when_final_order_total_changes (tests.test_validator.ValidatorTest.test_requires_confirmation_when_final_order_total_changes) ... ok
test_returns_indeterminate_for_currency_mismatch (tests.test_validator.ValidatorTest.test_returns_indeterminate_for_currency_mismatch) ... ok
test_same_confirmed_content_with_new_order_label_remains_valid (tests.test_validator.ValidatorTest.test_same_confirmed_content_with_new_order_label_remains_valid) ... ok

----------------------------------------------------------------------
Ran 41 tests in 0.010s

OK
