test_closed_models_contain_required_source_and_fact_domains (tests.trusted_execution.test_context_policy.ContextPolicyTests.test_closed_models_contain_required_source_and_fact_domains) ... ok
test_low_trust_sources_cannot_overwrite_critical_facts (tests.trusted_execution.test_context_policy.ContextPolicyTests.test_low_trust_sources_cannot_overwrite_critical_facts) ... ok
test_merchant_cannot_overwrite_a_confirmed_order_fact (tests.trusted_execution.test_context_policy.ContextPolicyTests.test_merchant_cannot_overwrite_a_confirmed_order_fact) ... ok
test_merge_is_copy_based_and_detects_actual_unauthorized_mutation (tests.trusted_execution.test_context_policy.ContextPolicyTests.test_merge_is_copy_based_and_detects_actual_unauthorized_mutation) ... ok
test_missing_metadata_and_unknown_combinations_fail_closed (tests.trusted_execution.test_context_policy.ContextPolicyTests.test_missing_metadata_and_unknown_combinations_fail_closed) ... ok
test_policy_and_current_action_are_required (tests.trusted_execution.test_context_policy.ContextPolicyTests.test_policy_and_current_action_are_required) ... ok
test_provider_status_update_is_allowed_but_authority_is_not (tests.trusted_execution.test_context_policy.ContextPolicyTests.test_provider_status_update_is_allowed_but_authority_is_not) ... ok
test_required_source_coverage_is_missing_partial_or_complete (tests.trusted_execution.test_context_policy.ContextPolicyTests.test_required_source_coverage_is_missing_partial_or_complete) ... ok
test_unknown_or_untrusted_source_does_not_count_as_coverage (tests.trusted_execution.test_context_policy.ContextPolicyTests.test_unknown_or_untrusted_source_does_not_count_as_coverage) ... ok
test_unresolved_value_ref_is_blocked_without_writing_none (tests.trusted_execution.test_context_policy.ContextPolicyTests.test_unresolved_value_ref_is_blocked_without_writing_none) ... ok
test_authority_and_agent_cannot_be_swapped_at_execution (tests.trusted_execution.test_payment_binding.PaymentExecutionBindingTests.test_authority_and_agent_cannot_be_swapped_at_execution) ... ok
test_critical_payment_fields_cannot_change_silently (tests.trusted_execution.test_payment_binding.PaymentExecutionBindingTests.test_critical_payment_fields_cannot_change_silently) ... ok
test_execution_must_bind_the_validated_request_and_order (tests.trusted_execution.test_payment_binding.PaymentExecutionBindingTests.test_execution_must_bind_the_validated_request_and_order) ... ok
test_invalid_p3_identity_is_denied_before_callback (tests.trusted_execution.test_payment_binding.PaymentExecutionBindingTests.test_invalid_p3_identity_is_denied_before_callback) ... ok
test_missing_continuous_references_fail_closed (tests.trusted_execution.test_payment_binding.PaymentExecutionBindingTests.test_missing_continuous_references_fail_closed) ... ok
test_missing_p3_executor_evidence_is_indeterminate_before_callback (tests.trusted_execution.test_payment_binding.PaymentExecutionBindingTests.test_missing_p3_executor_evidence_is_indeterminate_before_callback) ... ok
test_p4_gate_rejects_complete_coverage_bound_to_another_payment (tests.trusted_execution.test_payment_binding.PaymentExecutionBindingTests.test_p4_gate_rejects_complete_coverage_bound_to_another_payment) ... ok
test_p4_gate_rejects_empty_partial_action_and_policy_mismatch (tests.trusted_execution.test_payment_binding.PaymentExecutionBindingTests.test_p4_gate_rejects_empty_partial_action_and_policy_mismatch) ... ok
test_p4_missing_invalid_and_safely_blocked_paths_gate_callback (tests.trusted_execution.test_payment_binding.PaymentExecutionBindingTests.test_p4_missing_invalid_and_safely_blocked_paths_gate_callback) ... ok
test_reference_collision_or_execution_before_request_is_invalid (tests.trusted_execution.test_payment_binding.PaymentExecutionBindingTests.test_reference_collision_or_execution_before_request_is_invalid) ... ok
test_request_must_bind_the_current_order_and_authority_version (tests.trusted_execution.test_payment_binding.PaymentExecutionBindingTests.test_request_must_bind_the_current_order_and_authority_version) ... ok
test_upstream_non_allow_decision_blocks_even_a_valid_payment_binding (tests.trusted_execution.test_payment_binding.PaymentExecutionBindingTests.test_upstream_non_allow_decision_blocks_even_a_valid_payment_binding) ... ok
test_valid_continuous_binding_is_the_only_path_that_executes (tests.trusted_execution.test_payment_binding.PaymentExecutionBindingTests.test_valid_continuous_binding_is_the_only_path_that_executes) ... ok
test_loads_thirteen_fixed_scenarios (tests.test_runner.ScenarioRunnerTest.test_loads_thirteen_fixed_scenarios) ... ok
test_runner_generates_interactive_ap2_workbench (tests.test_runner.ScenarioRunnerTest.test_runner_generates_interactive_ap2_workbench) ... ok
test_s12_result_card_catches_forbidden_second_payment_attempt (tests.test_runner.ScenarioRunnerTest.test_s12_result_card_catches_forbidden_second_payment_attempt) ... ok

----------------------------------------------------------------------
Ran 26 tests in 0.400s

OK
