test_cli_exits_zero_with_honestly_reported_capability_gaps (tests.test_project_impact_baseline.ProjectImpactBaselineTest.test_cli_exits_zero_with_honestly_reported_capability_gaps) ... ok
test_compare_records_provenance_gap_for_invalid_combination (tests.test_project_impact_baseline.ProjectImpactBaselineTest.test_compare_records_provenance_gap_for_invalid_combination) ... ok
test_corrected_baseline_records_only_t10_product_trace (tests.test_project_impact_baseline.ProjectImpactBaselineTest.test_corrected_baseline_records_only_t10_product_trace) ... ok
test_external_regressions_remain_separate_guardrails (tests.test_project_impact_baseline.ProjectImpactBaselineTest.test_external_regressions_remain_separate_guardrails) ... ok
test_fixture_v1_1_freezes_t01_t12_and_measurement_integrity_fields (tests.test_project_impact_baseline.ProjectImpactBaselineTest.test_fixture_v1_1_freezes_t01_t12_and_measurement_integrity_fields) ... ok
test_invalid_fixture_fails_before_measurement (tests.test_project_impact_baseline.ProjectImpactBaselineTest.test_invalid_fixture_fails_before_measurement) ... ok
test_main_metric_and_guardrails_match_hand_calculation (tests.test_project_impact_baseline.ProjectImpactBaselineTest.test_main_metric_and_guardrails_match_hand_calculation) ... ok
test_repeat_three_has_identical_normalized_results (tests.test_project_impact_baseline.ProjectImpactBaselineTest.test_repeat_three_has_identical_normalized_results) ... ok
test_report_is_machine_readable_and_records_corrected_measurement (tests.test_project_impact_baseline.ProjectImpactBaselineTest.test_report_is_machine_readable_and_records_corrected_measurement) ... ok
test_runner_reads_only_explicit_authoritative_trace (tests.test_project_impact_baseline.ProjectImpactBaselineTest.test_runner_reads_only_explicit_authoritative_trace) ... ok
test_runner_static_boundary_has_no_product_patch_or_trace_laundering (tests.test_project_impact_baseline.ProjectImpactBaselineTest.test_runner_static_boundary_has_no_product_patch_or_trace_laundering) ... ok
test_synthesized_replay_is_valid_diagnostic_but_never_product_trace (tests.test_project_impact_baseline.ProjectImpactBaselineTest.test_synthesized_replay_is_valid_diagnostic_but_never_product_trace) ... ok
test_t01_t07_t10_t12_hand_spot_checks (tests.test_project_impact_baseline.ProjectImpactBaselineTest.test_t01_t07_t10_t12_hand_spot_checks) ... ok
test_t10_fixture_requires_zero_callback_and_preserves_business_goal (tests.test_project_impact_baseline.ProjectImpactBaselineTest.test_t10_fixture_requires_zero_callback_and_preserves_business_goal) ... ok
test_t10_preflight_removes_duplicate_callback_capability_gap (tests.test_project_impact_baseline.ProjectImpactBaselineTest.test_t10_preflight_removes_duplicate_callback_capability_gap) ... ok
test_t10_target_closes_trace_and_end_to_end_dimensions (tests.test_project_impact_baseline.ProjectImpactBaselineTest.test_t10_target_closes_trace_and_end_to_end_dimensions) ... ok
test_trace_expectation_tamper_does_not_change_actual_provenance (tests.test_project_impact_baseline.ProjectImpactBaselineTest.test_trace_expectation_tamper_does_not_change_actual_provenance) ... ok
test_trace_provenance_closed_negative_matrix (tests.test_project_impact_baseline.ProjectImpactBaselineTest.test_trace_provenance_closed_negative_matrix) ... ok
test_trace_provenance_closed_positive_matrix (tests.test_project_impact_baseline.ProjectImpactBaselineTest.test_trace_provenance_closed_positive_matrix) ... ok
test_zero_tolerance_side_effect_metric_is_independent_of_expected_callback (tests.test_project_impact_baseline.ProjectImpactBaselineTest.test_zero_tolerance_side_effect_metric_is_independent_of_expected_callback) ... ok

----------------------------------------------------------------------
Ran 20 tests in 1.203s

OK
