branch=main
head=b4eff597ebffe79c575522b91642f82b26ad5247
git_status_short_begin
 M CURRENT.md
 M "docs/01_\351\241\271\347\233\256\347\216\260\347\212\266/PROJECT_BOTTLENECK_MAP.md"
 M "docs/03_\346\236\266\346\236\204\350\256\276\350\256\241/\344\272\247\345\223\201\346\235\203\345\250\201\350\275\250\350\277\271\346\234\200\345\260\217\345\220\210\345\220\214_v1.md"
 M "docs/04_\351\252\214\350\257\201\344\275\223\347\263\273/\344\272\247\345\223\201\346\235\203\345\250\201\350\275\250\350\277\27112\351\241\271\350\246\206\347\233\226\346\230\240\345\260\204_v1.md"
 M "docs/05_\344\273\273\345\212\241\344\272\244\346\216\245/P9_PRODUCT_AUTHORITATIVE_TRACE_MINIMUM_CONTRACT_REPAIR_V1/MEASUREMENT_ADAPTER.md"
 M "docs/05_\344\273\273\345\212\241\344\272\244\346\216\245/P9_PRODUCT_AUTHORITATIVE_TRACE_MINIMUM_CONTRACT_V1/NEXT_SLICE.md"
 M "docs/reference/\346\231\272\350\203\275\344\275\223\346\224\257\344\273\230\344\272\247\344\270\232\345\212\250\346\200\201\346\240\270\351\252\214\344\270\216\345\244\226\351\203\250\346\265\213\350\257\225\350\267\257\347\272\277_20260801.md"
 M scripts/validation/run_project_impact_baseline.py
 M src/agentic_payment_experiment/webshop_payment_sidecar.py
 M src/agentic_payment_experiment/webshop_runtime_gate.py
 M tests/test_project_impact_baseline.py
 M tests/test_webshop_payment_sidecar.py
 M tests/test_webshop_runtime_gate.py
?? "docs/05_\344\273\273\345\212\241\344\272\244\346\216\245/P9_PRODUCT_AUTHORITATIVE_TRACE_ASSEMBLER_EXTRACTION_V1/"
?? "docs/05_\344\273\273\345\212\241\344\272\244\346\216\245/P9_PRODUCT_AUTHORITATIVE_TRACE_MEASUREMENT_ADAPTER_V1/"
?? "docs/05_\344\273\273\345\212\241\344\272\244\346\216\245/P9_PRODUCT_AUTHORITATIVE_TRACE_MINIMUM_CONTRACT_REPAIR_V1/REVIEW.md"
?? "docs/05_\344\273\273\345\212\241\344\272\244\346\216\245/P9_PRODUCT_AUTHORITATIVE_TRACE_MINIMUM_CONTRACT_REPAIR_V1/evidence/RV-EV-01-initial.meta.json"
?? "docs/05_\344\273\273\345\212\241\344\272\244\346\216\245/P9_PRODUCT_AUTHORITATIVE_TRACE_MINIMUM_CONTRACT_REPAIR_V1/evidence/RV-EV-01-initial.stderr.log"
?? "docs/05_\344\273\273\345\212\241\344\272\244\346\216\245/P9_PRODUCT_AUTHORITATIVE_TRACE_MINIMUM_CONTRACT_REPAIR_V1/evidence/RV-EV-01-initial.stdout.log"
?? "docs/05_\344\273\273\345\212\241\344\272\244\346\216\245/P9_PRODUCT_AUTHORITATIVE_TRACE_MINIMUM_CONTRACT_REPAIR_V1/evidence/RV-EV-01-review-check.py"
?? "docs/05_\344\273\273\345\212\241\344\272\244\346\216\245/P9_PRODUCT_AUTHORITATIVE_TRACE_MINIMUM_CONTRACT_REPAIR_V1/evidence/RV-EV-01.meta.json"
?? "docs/05_\344\273\273\345\212\241\344\272\244\346\216\245/P9_PRODUCT_AUTHORITATIVE_TRACE_MINIMUM_CONTRACT_REPAIR_V1/evidence/RV-EV-01.stderr.log"
?? "docs/05_\344\273\273\345\212\241\344\272\244\346\216\245/P9_PRODUCT_AUTHORITATIVE_TRACE_MINIMUM_CONTRACT_REPAIR_V1/evidence/RV-EV-01.stdout.log"
?? "docs/05_\344\273\273\345\212\241\344\272\244\346\216\245/P9_PRODUCT_AUTHORITATIVE_TRACE_MINIMUM_CONTRACT_REPAIR_V1/evidence/RV-EV-02.meta.json"
?? "docs/05_\344\273\273\345\212\241\344\272\244\346\216\245/P9_PRODUCT_AUTHORITATIVE_TRACE_MINIMUM_CONTRACT_REPAIR_V1/evidence/RV-EV-02.stderr.log"
?? "docs/05_\344\273\273\345\212\241\344\272\244\346\216\245/P9_PRODUCT_AUTHORITATIVE_TRACE_MINIMUM_CONTRACT_REPAIR_V1/evidence/RV-EV-02.stdout.log"
?? "docs/05_\344\273\273\345\212\241\344\272\244\346\216\245/P9_PRODUCT_AUTHORITATIVE_TRACE_MINIMUM_CONTRACT_REPAIR_V1/evidence/RV-EV-03-source-resolution-check.py"
?? "docs/05_\344\273\273\345\212\241\344\272\244\346\216\245/P9_PRODUCT_AUTHORITATIVE_TRACE_MINIMUM_CONTRACT_REPAIR_V1/evidence/RV-EV-03.meta.json"
?? "docs/05_\344\273\273\345\212\241\344\272\244\346\216\245/P9_PRODUCT_AUTHORITATIVE_TRACE_MINIMUM_CONTRACT_REPAIR_V1/evidence/RV-EV-03.stderr.log"
?? "docs/05_\344\273\273\345\212\241\344\272\244\346\216\245/P9_PRODUCT_AUTHORITATIVE_TRACE_MINIMUM_CONTRACT_REPAIR_V1/evidence/RV-EV-03.stdout.log"
?? "docs/05_\344\273\273\345\212\241\344\272\244\346\216\245/P9_PRODUCT_AUTHORITATIVE_TRACE_MINIMUM_CONTRACT_REPAIR_V1/evidence/RV-EV-04-t10-profile-consistency-check.py"
?? "docs/05_\344\273\273\345\212\241\344\272\244\346\216\245/P9_PRODUCT_AUTHORITATIVE_TRACE_MINIMUM_CONTRACT_REPAIR_V1/evidence/RV-EV-04.meta.json"
?? "docs/05_\344\273\273\345\212\241\344\272\244\346\216\245/P9_PRODUCT_AUTHORITATIVE_TRACE_MINIMUM_CONTRACT_REPAIR_V1/evidence/RV-EV-04.stderr.log"
?? "docs/05_\344\273\273\345\212\241\344\272\244\346\216\245/P9_PRODUCT_AUTHORITATIVE_TRACE_MINIMUM_CONTRACT_REPAIR_V1/evidence/RV-EV-04.stdout.log"
?? "docs/05_\344\273\273\345\212\241\344\272\244\346\216\245/P9_PRODUCT_AUTHORITATIVE_TRACE_PROJECTION_IDENTITY_FORMULA_REPAIR_V1/"
?? "docs/05_\344\273\273\345\212\241\344\272\244\346\216\245/P9_PRODUCT_AUTHORITATIVE_TRACE_PROVENANCE_DIAGNOSTIC_REPAIR_V1/"
?? "docs/05_\344\273\273\345\212\241\344\272\244\346\216\245/P9_PRODUCT_AUTHORITATIVE_TRACE_REFERENCE_MODEL_GROUNDING_REPAIR_V1/"
?? "docs/05_\344\273\273\345\212\241\344\272\244\346\216\245/P9_PRODUCT_AUTHORITATIVE_TRACE_SIDECAR_FAMILY_TOOLKIT_V1/"
?? "docs/05_\344\273\273\345\212\241\344\272\244\346\216\245/P9_PRODUCT_AUTHORITATIVE_TRACE_SOURCE_BINDING_CONTRACT_REPAIR_V1/"
?? "docs/05_\344\273\273\345\212\241\344\272\244\346\216\245/P9_PRODUCT_AUTHORITATIVE_TRACE_T01_HAPPY_PATH_SLICE_V1/"
?? "docs/05_\344\273\273\345\212\241\344\272\244\346\216\245/P9_PRODUCT_AUTHORITATIVE_TRACE_T09_UNKNOWN_PAYMENT_RECOVERY_SLICE_V1/"
?? "docs/05_\344\273\273\345\212\241\344\272\244\346\216\245/P9_PRODUCT_AUTHORITATIVE_TRACE_T10_DUPLICATE_PREFLIGHT_SLICE_V1/"
?? "docs/05_\344\273\273\345\212\241\344\272\244\346\216\245/P9_PRODUCT_AUTHORITATIVE_TRACE_T12_STATUS_CONFLICT_SLICE_V1/"
?? src/agentic_payment_experiment/authoritative_trace.py
?? src/agentic_payment_experiment/webshop_authoritative_trace.py
?? src/agentic_payment_experiment/webshop_happy_path_authoritative_trace.py
?? src/agentic_payment_experiment/webshop_sidecar_trace_profiles.py
?? src/agentic_payment_experiment/webshop_sidecar_trace_toolkit.py
?? src/agentic_payment_experiment/webshop_trace_assembler.py
?? src/agentic_payment_experiment/webshop_unknown_payment_authoritative_trace.py
?? tests/test_authoritative_trace.py
?? tests/test_webshop_authoritative_trace.py
?? tests/test_webshop_sidecar_trace_toolkit.py
?? tests/test_webshop_trace_assembler.py
?? tests/test_webshop_unknown_payment_authoritative_trace.py
git_status_short_end
saved_snapshot=docs/05_任务交接/P9_PRODUCT_AUTHORITATIVE_TRACE_SIDECAR_FAMILY_TOOLKIT_V1/evidence/EV-06-task-snapshot.txt
saved_snapshot_bytes=155464
saved_snapshot_sha256=1bfdf343ffb049a652fac336d4e57d2e78c2950ad211f888abaa2dcd8f22acb3
task_file_hashes_begin
b4dbd957c07067e69b12da6b438c1fed7562079becc96afb4e5c9bcacc237217  CURRENT.md
202b55fbcc28a370702cdee4385f03bf48f931ba99e558624a2733a05262a09f  src/agentic_payment_experiment/webshop_trace_assembler.py
eb03ed375c3cb5c0b2a80ad248b4de00e833c007e8dfb687f742d97cca643941  src/agentic_payment_experiment/webshop_sidecar_trace_profiles.py
1ccf37b62f6eedc0eff41216ec983ddaea74aed7a0e0529be686f6b15aefbbf3  src/agentic_payment_experiment/webshop_sidecar_trace_toolkit.py
0762eb9c3c5ac5d1d84cf3cfcad44ed04aeb1feb4ecbd86e0a248a124e7704da  src/agentic_payment_experiment/webshop_happy_path_authoritative_trace.py
d2c446639beefba8613a725c63a5e6a127bd8ed918394340fc82dbf7680218c1  src/agentic_payment_experiment/webshop_unknown_payment_authoritative_trace.py
e74939a0b1da9eba5e70f34ab8f745ac61e8ae2254c2ab823ee92c5299a210c8  src/agentic_payment_experiment/webshop_payment_sidecar.py
13850d919625f6836d339ff0f5432f38a5fac147cf60ca848b1bea4cb10bdef1  tests/test_webshop_sidecar_trace_toolkit.py
cf1e76dca9235104f50c544ef04c566f3c653b22ee4a98ab892310d0c6cc4e09  tests/test_webshop_trace_assembler.py
5bd379b0909b378259882dce79b2add7800da6d3046680a21111349e0afb5f2e  tests/test_project_impact_baseline.py
b4ef830cd4b79d95b84be2e0fe4a29aad9b066e21ad994103df4f40c999d4af1  docs/05_任务交接/P9_PRODUCT_AUTHORITATIVE_TRACE_SIDECAR_FAMILY_TOOLKIT_V1/CONTRACT.md
task_file_hashes_end
RESULT=PASS
