validator_status=VALID
T01_profile=WEBSHOP_NORMAL_PURCHASE_V2
T01_events=11
T01_bindings=10
T01_trace_sha256=7c47cb15b6dcc687f35ac158eae556979ad05520ec7f36f8511a4bcf13e66906
T09_profile=WEBSHOP_UNKNOWN_PAYMENT_RECOVERY_V2
T09_events=11
T09_bindings=10
T09_trace_sha256=a596f5f35697a878286b85b8e37792aeee34ab7c0800b27739bc91382032310e
T10_profile=WEBSHOP_DUPLICATE_PREFLIGHT_BLOCK_V2
T10_events=12
T10_bindings=11
T10_trace_sha256=2b97fd1f81001086d4793bf21fd0dbe3ed950643e6d9e5031e18510fb7c99fb3
T12_profile=WEBSHOP_PAYMENT_STATUS_CONFLICT_V2
T12_events=11
T12_bindings=10
T12_trace_sha256=ebb38113abb2582d52f434b1a1b30247cc68ee8f4b57c0c18f52efa37bb1c230
t12_candidate_status=PENDING
t12_payment_outcome_status=UNKNOWN
t12_conflict_status=CONFLICT
t12_final_status=UNKNOWN
saved_file_sha256=4901e1dfac057d00fcc02a679122b7f3da252eb64421948ab8446ecf9fe22072
saved_file=docs/05_任务交接/P9_PRODUCT_AUTHORITATIVE_TRACE_SIDECAR_FAMILY_TOOLKIT_V1/evidence/EV-02-family-full-traces.json
RESULT=PASS
