test_async_only_bound_observation_is_supported_without_retry (tests.test_webshop_payment_sidecar.WebShopPaymentSidecarTest.test_async_only_bound_observation_is_supported_without_retry) ... ok
test_duplicate_successful_attempt_blocks_retry (tests.test_webshop_payment_sidecar.WebShopPaymentSidecarTest.test_duplicate_successful_attempt_blocks_retry) ... ok
test_failed_payment_never_becomes_task_success (tests.test_webshop_payment_sidecar.WebShopPaymentSidecarTest.test_failed_payment_never_becomes_task_success) ... ok
test_fulfillment_binding_mismatch_fails_closed (tests.test_webshop_payment_sidecar.WebShopPaymentSidecarTest.test_fulfillment_binding_mismatch_fails_closed) ... ok
test_gate_and_explicit_input_prerequisite_matrix_fails_closed (tests.test_webshop_payment_sidecar.WebShopPaymentSidecarTest.test_gate_and_explicit_input_prerequisite_matrix_fails_closed) ... ok
test_inputs_are_immutable_and_effective_status_uses_a_copy (tests.test_webshop_payment_sidecar.WebShopPaymentSidecarTest.test_inputs_are_immutable_and_effective_status_uses_a_copy) ... ok
test_missing_idempotency_boundary_never_allows_retry (tests.test_webshop_payment_sidecar.WebShopPaymentSidecarTest.test_missing_idempotency_boundary_never_allows_retry) ... ok
test_payment_binding_mismatch_fails_closed (tests.test_webshop_payment_sidecar.WebShopPaymentSidecarTest.test_payment_binding_mismatch_fails_closed) ... ok
test_payment_success_and_fulfillment_failure_require_remediation (tests.test_webshop_payment_sidecar.WebShopPaymentSidecarTest.test_payment_success_and_fulfillment_failure_require_remediation) ... ok
test_payment_success_and_fulfillment_success_complete_user_task (tests.test_webshop_payment_sidecar.WebShopPaymentSidecarTest.test_payment_success_and_fulfillment_success_complete_user_task) ... ok
test_payment_success_and_pending_fulfillment_remain_pending (tests.test_webshop_payment_sidecar.WebShopPaymentSidecarTest.test_payment_success_and_pending_fulfillment_remain_pending) ... ok
test_pending_query_remains_unresolved_and_never_retries (tests.test_webshop_payment_sidecar.WebShopPaymentSidecarTest.test_pending_query_remains_unresolved_and_never_retries) ... ok
test_production_sidecar_has_no_file_network_process_environment_or_callback_action (tests.test_webshop_payment_sidecar.WebShopPaymentSidecarTest.test_production_sidecar_has_no_file_network_process_environment_or_callback_action) ... ok
test_public_api_is_exported (tests.test_webshop_payment_sidecar.WebShopPaymentSidecarTest.test_public_api_is_exported) ... ok
test_query_async_monotonic_confirmation_can_drive_lifecycle (tests.test_webshop_payment_sidecar.WebShopPaymentSidecarTest.test_query_async_monotonic_confirmation_can_drive_lifecycle) ... ok
test_query_async_terminal_conflict_never_implies_success (tests.test_webshop_payment_sidecar.WebShopPaymentSidecarTest.test_query_async_terminal_conflict_never_implies_success) ... ok
test_query_binding_mismatch_blocks_recovery_and_success (tests.test_webshop_payment_sidecar.WebShopPaymentSidecarTest.test_query_binding_mismatch_blocks_recovery_and_success) ... ok
test_terminal_failed_can_be_offline_retry_candidate_without_execution (tests.test_webshop_payment_sidecar.WebShopPaymentSidecarTest.test_terminal_failed_can_be_offline_retry_candidate_without_execution) ... ok
test_to_dict_is_deterministic_and_primitive_only (tests.test_webshop_payment_sidecar.WebShopPaymentSidecarTest.test_to_dict_is_deterministic_and_primitive_only) ... ok
test_trusted_query_recovers_unknown_payment_to_succeeded (tests.test_webshop_payment_sidecar.WebShopPaymentSidecarTest.test_trusted_query_recovers_unknown_payment_to_succeeded) ... ok
test_unresolved_parallel_attempt_blocks_retry (tests.test_webshop_payment_sidecar.WebShopPaymentSidecarTest.test_unresolved_parallel_attempt_blocks_retry) ... ok

----------------------------------------------------------------------
Ran 21 tests in 0.072s

OK
