test_adapter_performs_no_network_wallet_signing_or_payment_action (tests.test_x402_adapter.X402AdapterTest.test_adapter_performs_no_network_wallet_signing_or_payment_action) ... ok
test_all_six_valid_fixtures_keep_their_adapter_status (tests.test_x402_adapter.X402AdapterTest.test_all_six_valid_fixtures_keep_their_adapter_status) ... ok
test_contradictory_identifiers_and_digest_are_invalid (tests.test_x402_adapter.X402AdapterTest.test_contradictory_identifiers_and_digest_are_invalid) ... ok
test_fixture_inventory_is_versioned_synthetic_and_bounded (tests.test_x402_adapter.X402AdapterTest.test_fixture_inventory_is_versioned_synthetic_and_bounded) ... ok
test_linked_list_valued_proof_reference_is_rejected_before_mapping (tests.test_x402_adapter.X402AdapterTest.test_linked_list_valued_proof_reference_is_rejected_before_mapping) ... ok
test_mapping_payee_and_numeric_requirement_id_are_rejected (tests.test_x402_adapter.X402AdapterTest.test_mapping_payee_and_numeric_requirement_id_are_rejected) ... ok
test_missing_reference_malformed_type_and_unknown_enum_fail_closed (tests.test_x402_adapter.X402AdapterTest.test_missing_reference_malformed_type_and_unknown_enum_fail_closed) ... ok
test_normal_fixture_maps_to_existing_protocol_neutral_models (tests.test_x402_adapter.X402AdapterTest.test_normal_fixture_maps_to_existing_protocol_neutral_models) ... ok
test_project_context_and_delivery_attempt_references_are_strict_strings (tests.test_x402_adapter.X402AdapterTest.test_project_context_and_delivery_attempt_references_are_strict_strings) ... ok
test_protocol_text_fields_and_optional_failure_code_are_strict_strings (tests.test_x402_adapter.X402AdapterTest.test_protocol_text_fields_and_optional_failure_code_are_strict_strings) ... ok
test_unsupported_scheme_or_network_is_not_silently_coerced (tests.test_x402_adapter.X402AdapterTest.test_unsupported_scheme_or_network_is_not_silently_coerced) ... ok
test_changed_payee_value_rail_and_resource_expose_reason_codes (tests.test_x402_conformance.X402ConformanceTest.test_changed_payee_value_rail_and_resource_expose_reason_codes) ... ok
test_duplicate_proof_has_one_successful_delivery_and_explicit_idempotency_fact (tests.test_x402_conformance.X402ConformanceTest.test_duplicate_proof_has_one_successful_delivery_and_explicit_idempotency_fact) ... ok
test_evidence_answers_the_required_business_questions (tests.test_x402_conformance.X402ConformanceTest.test_evidence_answers_the_required_business_questions) ... ok
test_harness_performs_no_network_or_payment_action (tests.test_x402_conformance.X402ConformanceTest.test_harness_performs_no_network_or_payment_action) ... ok
test_pass_status_is_not_hard_coded_presentation_metadata (tests.test_x402_conformance.X402ConformanceTest.test_pass_status_is_not_hard_coded_presentation_metadata) ... ok
test_report_is_deterministic_closed_and_has_explicit_limitations (tests.test_x402_conformance.X402ConformanceTest.test_report_is_deterministic_closed_and_has_explicit_limitations) ... ok
test_settlement_delivery_and_terminal_conflict_remain_separate (tests.test_x402_conformance.X402ConformanceTest.test_settlement_delivery_and_terminal_conflict_remain_separate) ... ok
test_six_required_cases_are_derived_and_pass (tests.test_x402_conformance.X402ConformanceTest.test_six_required_cases_are_derived_and_pass) ... ok

----------------------------------------------------------------------
Ran 19 tests in 0.139s

OK
