BLOCKER=FROZEN_EVENT_NAME_MISMATCH
T02.fixture_expected_events=['AUTHORITY_RECORDED', 'ORDER_RECORDED', 'REQUEST_RECORDED', 'DECISION_RECORDED']
T02.registry_events=['AUTHORITY_RECORDED', 'ORDER_RECORDED', 'ORDER_RECORDED', 'REQUEST_RECORDED', 'PREPAYMENT_DECISION_RECORDED', 'RESULT_RECORDED']
T02.actual_trace_status=VALID
T02.actual_trace_events=['AUTHORITY_RECORDED', 'ORDER_RECORDED', 'ORDER_RECORDED', 'REQUEST_RECORDED', 'PREPAYMENT_DECISION_RECORDED', 'RESULT_RECORDED']
T02.capability_gaps=['product_observed_trace_events_missing:DECISION_RECORDED']
T03.fixture_expected_events=['AUTHORITY_RECORDED', 'ORDER_RECORDED', 'REQUEST_RECORDED', 'DECISION_RECORDED']
T03.registry_events=['AUTHORITY_RECORDED', 'ORDER_RECORDED', 'ORDER_RECORDED', 'REQUEST_RECORDED', 'PREPAYMENT_DECISION_RECORDED', 'RESULT_RECORDED']
T03.actual_trace_status=VALID
T03.actual_trace_events=['AUTHORITY_RECORDED', 'ORDER_RECORDED', 'ORDER_RECORDED', 'REQUEST_RECORDED', 'PREPAYMENT_DECISION_RECORDED', 'RESULT_RECORDED']
T03.capability_gaps=['product_observed_trace_events_missing:DECISION_RECORDED']
T04.fixture_expected_events=['AUTHORITY_RECORDED', 'ORDER_RECORDED', 'REQUEST_RECORDED', 'DECISION_RECORDED']
T04.registry_events=['AUTHORITY_RECORDED', 'ORDER_RECORDED', 'ORDER_RECORDED', 'REQUEST_RECORDED', 'PREPAYMENT_DECISION_RECORDED', 'RESULT_RECORDED']
T04.actual_trace_status=VALID
T04.actual_trace_events=['AUTHORITY_RECORDED', 'ORDER_RECORDED', 'ORDER_RECORDED', 'REQUEST_RECORDED', 'PREPAYMENT_DECISION_RECORDED', 'RESULT_RECORDED']
T04.capability_gaps=['product_observed_trace_events_missing:DECISION_RECORDED']
product_trace_metric={'count': 4, 'denominator': 12, 'rate': '0.333333'}
gesr={'count': 3, 'denominator': 12, 'rate': '0.250000'}
fixture_sha256=4ed2e1f35325cb840de834f5e8c964ff187c291133c958a2ee22111735b615f5
RESULT=BLOCKED_BY_FROZEN_MEASUREMENT_CONTRACT
