test_adaptation_order_id_mismatch_to_trace_fails_closed (tests.test_webshop_journey_read_model.WebShopJourneyReadModelTest.test_adaptation_order_id_mismatch_to_trace_fails_closed) ... ok
test_adaptation_order_request_binding_mismatch_fails_closed (tests.test_webshop_journey_read_model.WebShopJourneyReadModelTest.test_adaptation_order_request_binding_mismatch_fails_closed) ... ok
test_adaptation_origin_mismatch_fails_closed (tests.test_webshop_journey_read_model.WebShopJourneyReadModelTest.test_adaptation_origin_mismatch_fails_closed) ... ok
test_adaptation_request_id_mismatch_to_trace_fails_closed (tests.test_webshop_journey_read_model.WebShopJourneyReadModelTest.test_adaptation_request_id_mismatch_to_trace_fails_closed) ... ok
test_commerce_adaptation_projection_is_exact (tests.test_webshop_journey_read_model.WebShopJourneyReadModelTest.test_commerce_adaptation_projection_is_exact) ... ok
test_experiment_context_is_exact_and_origin_not_promoted (tests.test_webshop_journey_read_model.WebShopJourneyReadModelTest.test_experiment_context_is_exact_and_origin_not_promoted) ... ok
test_four_evidence_namespaces_remain_separate (tests.test_webshop_journey_read_model.WebShopJourneyReadModelTest.test_four_evidence_namespaces_remain_separate) ... ok
test_instruction_mismatch_fails_closed (tests.test_webshop_journey_read_model.WebShopJourneyReadModelTest.test_instruction_mismatch_fails_closed) ... ok
test_journey_ref_is_deterministic_metadata_not_fixed_task_literal (tests.test_webshop_journey_read_model.WebShopJourneyReadModelTest.test_journey_ref_is_deterministic_metadata_not_fixed_task_literal) ... ok
test_limitations_preserve_fixed_script_and_source_boundary (tests.test_webshop_journey_read_model.WebShopJourneyReadModelTest.test_limitations_preserve_fixed_script_and_source_boundary) ... ok
test_order_total_mismatch_fails_closed (tests.test_webshop_journey_read_model.WebShopJourneyReadModelTest.test_order_total_mismatch_fails_closed) ... ok
test_output_is_deterministic_three_times (tests.test_webshop_journey_read_model.WebShopJourneyReadModelTest.test_output_is_deterministic_three_times) ... ok
test_payment_authoritative_trace_projection_is_exact (tests.test_webshop_journey_read_model.WebShopJourneyReadModelTest.test_payment_authoritative_trace_projection_is_exact) ... ok
test_product_amount_mismatch_fails_closed (tests.test_webshop_journey_read_model.WebShopJourneyReadModelTest.test_product_amount_mismatch_fails_closed) ... ok
test_product_asin_mismatch_fails_closed (tests.test_webshop_journey_read_model.WebShopJourneyReadModelTest.test_product_asin_mismatch_fails_closed) ... ok
test_product_name_mismatch_fails_closed (tests.test_webshop_journey_read_model.WebShopJourneyReadModelTest.test_product_name_mismatch_fails_closed) ... ok
test_product_quantity_mismatch_fails_closed (tests.test_webshop_journey_read_model.WebShopJourneyReadModelTest.test_product_quantity_mismatch_fails_closed) ... ok
test_production_path_is_generic_and_has_no_execution_or_ui_imports (tests.test_webshop_journey_read_model.WebShopJourneyReadModelTest.test_production_path_is_generic_and_has_no_execution_or_ui_imports) ... ok
test_promoted_experiment_origin_fails_closed (tests.test_webshop_journey_read_model.WebShopJourneyReadModelTest.test_promoted_experiment_origin_fails_closed) ... ok
test_required_correlation_matrix_is_explicit_and_all_true (tests.test_webshop_journey_read_model.WebShopJourneyReadModelTest.test_required_correlation_matrix_is_explicit_and_all_true) ... ok
test_trace_order_and_request_correlations_resolve_from_bindings (tests.test_webshop_journey_read_model.WebShopJourneyReadModelTest.test_trace_order_and_request_correlations_resolve_from_bindings) ... ok
test_trace_order_projection_mismatch_fails_closed (tests.test_webshop_journey_read_model.WebShopJourneyReadModelTest.test_trace_order_projection_mismatch_fails_closed) ... ok
test_trace_ref_request_binding_mismatch_fails_closed (tests.test_webshop_journey_read_model.WebShopJourneyReadModelTest.test_trace_ref_request_binding_mismatch_fails_closed) ... ok
test_trace_request_order_binding_mismatch_fails_closed (tests.test_webshop_journey_read_model.WebShopJourneyReadModelTest.test_trace_request_order_binding_mismatch_fails_closed) ... ok
test_trace_request_projection_mismatch_fails_closed (tests.test_webshop_journey_read_model.WebShopJourneyReadModelTest.test_trace_request_projection_mismatch_fails_closed) ... ok
test_webshop_runtime_projection_is_exact_and_bounded (tests.test_webshop_journey_read_model.WebShopJourneyReadModelTest.test_webshop_runtime_projection_is_exact_and_bounded) ... ok
test_wrong_boundary_types_fail_closed (tests.test_webshop_journey_read_model.WebShopJourneyReadModelTest.test_wrong_boundary_types_fail_closed) ... ok

----------------------------------------------------------------------
Ran 27 tests in 0.042s

OK
