test_all_four_source_namespaces_and_two_audit_sections_are_visible (tests.test_webshop_journey_player.WebShopJourneyPlayerTest.test_all_four_source_namespaces_and_two_audit_sections_are_visible) ... ok
test_commerce_not_ready_fails_closed (tests.test_webshop_journey_player.WebShopJourneyPlayerTest.test_commerce_not_ready_fails_closed) ... ok
test_commerce_order_request_and_payment_drill_down_remain_in_payload (tests.test_webshop_journey_player.WebShopJourneyPlayerTest.test_commerce_order_request_and_payment_drill_down_remain_in_payload) ... ok
test_correlations_preserve_paths_values_and_equality (tests.test_webshop_journey_player.WebShopJourneyPlayerTest.test_correlations_preserve_paths_values_and_equality) ... ok
test_duplicate_payment_binding_fails_closed (tests.test_webshop_journey_player.WebShopJourneyPlayerTest.test_duplicate_payment_binding_fails_closed) ... ok
test_embedded_payload_equals_journey_primitive_exactly (tests.test_webshop_journey_player.WebShopJourneyPlayerTest.test_embedded_payload_equals_journey_primitive_exactly) ... ok
test_empty_correlations_fail_closed (tests.test_webshop_journey_player.WebShopJourneyPlayerTest.test_empty_correlations_fail_closed) ... ok
test_empty_payment_events_fail_closed (tests.test_webshop_journey_player.WebShopJourneyPlayerTest.test_empty_payment_events_fail_closed) ... ok
test_false_correlation_fails_closed (tests.test_webshop_journey_player.WebShopJourneyPlayerTest.test_false_correlation_fails_closed) ... ok
test_fixed_script_boundary_is_explicit_and_autonomous_claim_absent (tests.test_webshop_journey_player.WebShopJourneyPlayerTest.test_fixed_script_boundary_is_explicit_and_autonomous_claim_absent) ... ok
test_hostile_display_string_round_trips_without_script_escape (tests.test_webshop_journey_player.WebShopJourneyPlayerTest.test_hostile_display_string_round_trips_without_script_escape) ... ok
test_html_is_self_contained_without_external_assets (tests.test_webshop_journey_player.WebShopJourneyPlayerTest.test_html_is_self_contained_without_external_assets) ... ok
test_instruction_and_selected_product_mismatch_are_preserved_without_match_claim (tests.test_webshop_journey_player.WebShopJourneyPlayerTest.test_instruction_and_selected_product_mismatch_are_preserved_without_match_claim) ... ok
test_missing_fixed_script_limitation_fails_closed (tests.test_webshop_journey_player.WebShopJourneyPlayerTest.test_missing_fixed_script_limitation_fails_closed) ... ok
test_missing_runtime_field_fails_closed (tests.test_webshop_journey_player.WebShopJourneyPlayerTest.test_missing_runtime_field_fails_closed) ... ok
test_missing_source_semantic_limitation_fails_closed (tests.test_webshop_journey_player.WebShopJourneyPlayerTest.test_missing_source_semantic_limitation_fails_closed) ... ok
test_payment_playback_controls_and_source_navigation_are_local_only (tests.test_webshop_journey_player.WebShopJourneyPlayerTest.test_payment_playback_controls_and_source_navigation_are_local_only) ... ok
test_player_requires_webshop_journey_read_model (tests.test_webshop_journey_player.WebShopJourneyPlayerTest.test_player_requires_webshop_journey_read_model) ... ok
test_production_has_no_task_profile_fixed_id_or_execution_branch (tests.test_webshop_journey_player.WebShopJourneyPlayerTest.test_production_has_no_task_profile_fixed_id_or_execution_branch) ... ok
test_production_imports_only_stdlib_and_journey_read_model (tests.test_webshop_journey_player.WebShopJourneyPlayerTest.test_production_imports_only_stdlib_and_journey_read_model) ... ok
test_promoted_experiment_origin_fails_closed (tests.test_webshop_journey_player.WebShopJourneyPlayerTest.test_promoted_experiment_origin_fails_closed) ... ok
test_safe_dom_rendering_avoids_html_injection_primitives (tests.test_webshop_journey_player.WebShopJourneyPlayerTest.test_safe_dom_rendering_avoids_html_injection_primitives) ... ok
test_same_journey_rendered_three_times_is_deterministic (tests.test_webshop_journey_player.WebShopJourneyPlayerTest.test_same_journey_rendered_three_times_is_deterministic) ... ok
test_source_semantics_notice_is_explicit (tests.test_webshop_journey_player.WebShopJourneyPlayerTest.test_source_semantics_notice_is_explicit) ... ok
test_unresolved_payment_binding_fails_closed (tests.test_webshop_journey_player.WebShopJourneyPlayerTest.test_unresolved_payment_binding_fails_closed) ... ok

----------------------------------------------------------------------
Ran 25 tests in 0.053s

OK
