test_duplicate_binding_identity_fails_closed (tests.test_authoritative_trace_consumer.AuthoritativeTraceConsumerTest.test_duplicate_binding_identity_fails_closed) ... ok
test_duplicate_event_sequence_fails_closed (tests.test_authoritative_trace_consumer.AuthoritativeTraceConsumerTest.test_duplicate_event_sequence_fails_closed) ... ok
test_event_count_order_and_fields_are_exact (tests.test_authoritative_trace_consumer.AuthoritativeTraceConsumerTest.test_event_count_order_and_fields_are_exact) ... ok
test_frozen_representative_source_trace_hashes_remain_unchanged (tests.test_authoritative_trace_consumer.AuthoritativeTraceConsumerTest.test_frozen_representative_source_trace_hashes_remain_unchanged) ... ok
test_incomplete_trace_fails_closed (tests.test_authoritative_trace_consumer.AuthoritativeTraceConsumerTest.test_incomplete_trace_fails_closed) ... ok
test_malformed_source_binding_projection_fails_closed (tests.test_authoritative_trace_consumer.AuthoritativeTraceConsumerTest.test_malformed_source_binding_projection_fails_closed) ... ok
test_missing_event_binding_ref_fails_closed (tests.test_authoritative_trace_consumer.AuthoritativeTraceConsumerTest.test_missing_event_binding_ref_fails_closed) ... ok
test_missing_required_source_binding_fails_closed (tests.test_authoritative_trace_consumer.AuthoritativeTraceConsumerTest.test_missing_required_source_binding_fails_closed) ... ok
test_one_consumer_accepts_all_four_representative_families (tests.test_authoritative_trace_consumer.AuthoritativeTraceConsumerTest.test_one_consumer_accepts_all_four_representative_families) ... ok
test_plausible_events_with_invalid_trace_envelope_fail_closed (tests.test_authoritative_trace_consumer.AuthoritativeTraceConsumerTest.test_plausible_events_with_invalid_trace_envelope_fail_closed) ... ok
test_primitive_serialization_is_closed_and_json_round_trips (tests.test_authoritative_trace_consumer.AuthoritativeTraceConsumerTest.test_primitive_serialization_is_closed_and_json_round_trips) ... ok
test_production_consumer_has_no_family_branch_or_business_reexecution (tests.test_authoritative_trace_consumer.AuthoritativeTraceConsumerTest.test_production_consumer_has_no_family_branch_or_business_reexecution) ... ok
test_relations_and_binding_assertions_are_exact (tests.test_authoritative_trace_consumer.AuthoritativeTraceConsumerTest.test_relations_and_binding_assertions_are_exact) ... ok
test_repeated_failed_consume_does_not_mutate_or_later_succeed (tests.test_authoritative_trace_consumer.AuthoritativeTraceConsumerTest.test_repeated_failed_consume_does_not_mutate_or_later_succeed) ... ok
test_same_trace_consumed_three_times_has_identical_canonical_sha (tests.test_authoritative_trace_consumer.AuthoritativeTraceConsumerTest.test_same_trace_consumed_three_times_has_identical_canonical_sha) ... ok
test_source_bindings_resolve_and_projection_is_exact (tests.test_authoritative_trace_consumer.AuthoritativeTraceConsumerTest.test_source_bindings_resolve_and_projection_is_exact) ... ok
test_top_level_read_model_metadata_is_exact (tests.test_authoritative_trace_consumer.AuthoritativeTraceConsumerTest.test_top_level_read_model_metadata_is_exact) ... ok
test_unresolved_relation_target_fails_closed (tests.test_authoritative_trace_consumer.AuthoritativeTraceConsumerTest.test_unresolved_relation_target_fails_closed) ... ok
test_wrong_input_type_fails_closed (tests.test_authoritative_trace_consumer.AuthoritativeTraceConsumerTest.test_wrong_input_type_fails_closed) ... ok

----------------------------------------------------------------------
Ran 19 tests in 0.053s

OK
