branch=main
head=b4eff597ebffe79c575522b91642f82b26ad5247
git_status_short_begin
 M CURRENT.md
 M "docs/01_\351\241\271\347\233\256\347\216\260\347\212\266/PROJECT_BOTTLENECK_MAP.md"
 M "docs/03_\346\236\266\346\236\204\350\256\276\350\256\241/\344\272\247\345\223\201\346\235\203\345\250\201\350\275\250\350\277\271\346\234\200\345\260\217\345\220\210\345\220\214_v1.md"
 M "docs/04_\351\252\214\350\257\201\344\275\223\347\263\273/\344\272\247\345\223\201\346\235\203\345\250\201\350\275\250\350\277\27112\351\241\271\350\246\206\347\233\226\346\230\240\345\260\204_v1.md"
 M "docs/05_\344\273\273\345\212\241\344\272\244\346\216\245/P9_PRODUCT_AUTHORITATIVE_TRACE_MINIMUM_CONTRACT_REPAIR_V1/MEASUREMENT_ADAPTER.md"
 M "docs/05_\344\273\273\345\212\241\344\272\244\346\216\245/P9_PRODUCT_AUTHORITATIVE_TRACE_MINIMUM_CONTRACT_V1/NEXT_SLICE.md"
 M "docs/reference/\346\231\272\350\203\275\344\275\223\346\224\257\344\273\230\344\272\247\344\270\232\345\212\250\346\200\201\346\240\270\351\252\214\344\270\216\345\244\226\351\203\250\346\265\213\350\257\225\350\267\257\347\272\277_20260801.md"
 M scripts/validation/run_project_impact_baseline.py
 M src/agentic_payment_experiment/webshop_payment_sidecar.py
 M src/agentic_payment_experiment/webshop_runtime_gate.py
 M tests/test_project_impact_baseline.py
 M tests/test_webshop_payment_sidecar.py
 M tests/test_webshop_runtime_gate.py
?? "docs/05_\344\273\273\345\212\241\344\272\244\346\216\245/P9_PRODUCT_AUTHORITATIVE_TRACE_MEASUREMENT_ADAPTER_V1/"
?? "docs/05_\344\273\273\345\212\241\344\272\244\346\216\245/P9_PRODUCT_AUTHORITATIVE_TRACE_MINIMUM_CONTRACT_REPAIR_V1/REVIEW.md"
?? "docs/05_\344\273\273\345\212\241\344\272\244\346\216\245/P9_PRODUCT_AUTHORITATIVE_TRACE_MINIMUM_CONTRACT_REPAIR_V1/evidence/RV-EV-01-initial.meta.json"
?? "docs/05_\344\273\273\345\212\241\344\272\244\346\216\245/P9_PRODUCT_AUTHORITATIVE_TRACE_MINIMUM_CONTRACT_REPAIR_V1/evidence/RV-EV-01-initial.stderr.log"
?? "docs/05_\344\273\273\345\212\241\344\272\244\346\216\245/P9_PRODUCT_AUTHORITATIVE_TRACE_MINIMUM_CONTRACT_REPAIR_V1/evidence/RV-EV-01-initial.stdout.log"
?? "docs/05_\344\273\273\345\212\241\344\272\244\346\216\245/P9_PRODUCT_AUTHORITATIVE_TRACE_MINIMUM_CONTRACT_REPAIR_V1/evidence/RV-EV-01-review-check.py"
?? "docs/05_\344\273\273\345\212\241\344\272\244\346\216\245/P9_PRODUCT_AUTHORITATIVE_TRACE_MINIMUM_CONTRACT_REPAIR_V1/evidence/RV-EV-01.meta.json"
?? "docs/05_\344\273\273\345\212\241\344\272\244\346\216\245/P9_PRODUCT_AUTHORITATIVE_TRACE_MINIMUM_CONTRACT_REPAIR_V1/evidence/RV-EV-01.stderr.log"
?? "docs/05_\344\273\273\345\212\241\344\272\244\346\216\245/P9_PRODUCT_AUTHORITATIVE_TRACE_MINIMUM_CONTRACT_REPAIR_V1/evidence/RV-EV-01.stdout.log"
?? "docs/05_\344\273\273\345\212\241\344\272\244\346\216\245/P9_PRODUCT_AUTHORITATIVE_TRACE_MINIMUM_CONTRACT_REPAIR_V1/evidence/RV-EV-02.meta.json"
?? "docs/05_\344\273\273\345\212\241\344\272\244\346\216\245/P9_PRODUCT_AUTHORITATIVE_TRACE_MINIMUM_CONTRACT_REPAIR_V1/evidence/RV-EV-02.stderr.log"
?? "docs/05_\344\273\273\345\212\241\344\272\244\346\216\245/P9_PRODUCT_AUTHORITATIVE_TRACE_MINIMUM_CONTRACT_REPAIR_V1/evidence/RV-EV-02.stdout.log"
?? "docs/05_\344\273\273\345\212\241\344\272\244\346\216\245/P9_PRODUCT_AUTHORITATIVE_TRACE_MINIMUM_CONTRACT_REPAIR_V1/evidence/RV-EV-03-source-resolution-check.py"
?? "docs/05_\344\273\273\345\212\241\344\272\244\346\216\245/P9_PRODUCT_AUTHORITATIVE_TRACE_MINIMUM_CONTRACT_REPAIR_V1/evidence/RV-EV-03.meta.json"
?? "docs/05_\344\273\273\345\212\241\344\272\244\346\216\245/P9_PRODUCT_AUTHORITATIVE_TRACE_MINIMUM_CONTRACT_REPAIR_V1/evidence/RV-EV-03.stderr.log"
?? "docs/05_\344\273\273\345\212\241\344\272\244\346\216\245/P9_PRODUCT_AUTHORITATIVE_TRACE_MINIMUM_CONTRACT_REPAIR_V1/evidence/RV-EV-03.stdout.log"
?? "docs/05_\344\273\273\345\212\241\344\272\244\346\216\245/P9_PRODUCT_AUTHORITATIVE_TRACE_MINIMUM_CONTRACT_REPAIR_V1/evidence/RV-EV-04-t10-profile-consistency-check.py"
?? "docs/05_\344\273\273\345\212\241\344\272\244\346\216\245/P9_PRODUCT_AUTHORITATIVE_TRACE_MINIMUM_CONTRACT_REPAIR_V1/evidence/RV-EV-04.meta.json"
?? "docs/05_\344\273\273\345\212\241\344\272\244\346\216\245/P9_PRODUCT_AUTHORITATIVE_TRACE_MINIMUM_CONTRACT_REPAIR_V1/evidence/RV-EV-04.stderr.log"
?? "docs/05_\344\273\273\345\212\241\344\272\244\346\216\245/P9_PRODUCT_AUTHORITATIVE_TRACE_MINIMUM_CONTRACT_REPAIR_V1/evidence/RV-EV-04.stdout.log"
?? "docs/05_\344\273\273\345\212\241\344\272\244\346\216\245/P9_PRODUCT_AUTHORITATIVE_TRACE_PROJECTION_IDENTITY_FORMULA_REPAIR_V1/"
?? "docs/05_\344\273\273\345\212\241\344\272\244\346\216\245/P9_PRODUCT_AUTHORITATIVE_TRACE_PROVENANCE_DIAGNOSTIC_REPAIR_V1/"
?? "docs/05_\344\273\273\345\212\241\344\272\244\346\216\245/P9_PRODUCT_AUTHORITATIVE_TRACE_REFERENCE_MODEL_GROUNDING_REPAIR_V1/"
?? "docs/05_\344\273\273\345\212\241\344\272\244\346\216\245/P9_PRODUCT_AUTHORITATIVE_TRACE_SOURCE_BINDING_CONTRACT_REPAIR_V1/"
?? "docs/05_\344\273\273\345\212\241\344\272\244\346\216\245/P9_PRODUCT_AUTHORITATIVE_TRACE_T01_HAPPY_PATH_SLICE_V1/"
?? "docs/05_\344\273\273\345\212\241\344\272\244\346\216\245/P9_PRODUCT_AUTHORITATIVE_TRACE_T10_DUPLICATE_PREFLIGHT_SLICE_V1/"
?? src/agentic_payment_experiment/authoritative_trace.py
?? src/agentic_payment_experiment/webshop_authoritative_trace.py
?? src/agentic_payment_experiment/webshop_happy_path_authoritative_trace.py
?? tests/test_authoritative_trace.py
?? tests/test_webshop_authoritative_trace.py
git_status_short_end
saved_snapshot=docs/05_任务交接/P9_PRODUCT_AUTHORITATIVE_TRACE_T01_HAPPY_PATH_SLICE_V1/evidence/EV-05-task-snapshot.txt
saved_snapshot_bytes=204093
saved_snapshot_sha256=3bd55864733af614bca86ed06ad3f8d73fd05171cfad9622f595b823cee5e72a
task_file_hashes_begin
480ce1a67f71fa411d6850d60d342a6076fd47efaea4c329591c56100268862f  CURRENT.md
5abf1a6f08060e111b6fbd9ba96809c2823ef07adee0e23b6d60a6c50c06bdef  src/agentic_payment_experiment/webshop_runtime_gate.py
833a34c005061a69b29265190b3c609ec92278afe0bb0d48a700546b548436f7  src/agentic_payment_experiment/webshop_payment_sidecar.py
51b2d6873d66bb28ebbefa321f90e4ea4ab9a6d0102e38e9f8b312413b244880  src/agentic_payment_experiment/webshop_happy_path_authoritative_trace.py
e6b69601c8b14c18d0682200dc43f8cd583eb52a6807757fcde1aeeb3019b85e  tests/test_webshop_runtime_gate.py
cea52a6649d207539c2b3f91b2bdc2a12f807c61b85603aeca31d632a7540a73  tests/test_webshop_payment_sidecar.py
de4cec631b472390f8fc23293ab9030134dba26695a7c693645b65d689b42f46  tests/test_project_impact_baseline.py
12fa1a5f7a82ee25cc0b6d511e5eecc7356a14d5333742aa099182c0388ee1dd  docs/05_任务交接/P9_PRODUCT_AUTHORITATIVE_TRACE_T01_HAPPY_PATH_SLICE_V1/CONTRACT.md
task_file_hashes_end
RESULT=PASS
