{
  "architecture": {
    "assembler_extraction_recommended": true,
    "shared_private_helpers_reused_by_t01": [
      "_action_fact_projection",
      "_action_projection",
      "_binding",
      "_event",
      "_mandate_projection",
      "_order_projection",
      "_payment_projection",
      "_relation",
      "_request_projection",
      "_runtime_projection"
    ],
    "task_specific_builder_count": 2,
    "task_specific_builders": [
      "build_t01_happy_path_trace",
      "build_t10_duplicate_preflight_trace"
    ]
  },
  "file_hashes": {
    "samples/evaluation/project_impact_baseline_v1.json": "4ed2e1f35325cb840de834f5e8c964ff187c291133c958a2ee22111735b615f5",
    "samples/evaluation/project_impact_t10_preflight_target_v1.json": "f5dc05501c79958b197ea7a727e12660756145da870b897496a9ccac714cacee",
    "scripts/validation/run_project_impact_baseline.py": "70bf2142c303c01c6fb3270fb364c46bc220b821c5e554fa2e6af3355dc57dd3",
    "src/agentic_payment_experiment/authoritative_trace.py": "07c7341b62440ea22a6fb22daa2e5e8b48163bc70ba534ac9cb065ffb001414a",
    "src/agentic_payment_experiment/webshop_happy_path_authoritative_trace.py": "51b2d6873d66bb28ebbefa321f90e4ea4ab9a6d0102e38e9f8b312413b244880",
    "src/agentic_payment_experiment/webshop_payment_sidecar.py": "833a34c005061a69b29265190b3c609ec92278afe0bb0d48a700546b548436f7",
    "src/agentic_payment_experiment/webshop_runtime_gate.py": "5abf1a6f08060e111b6fbd9ba96809c2823ef07adee0e23b6d60a6c50c06bdef",
    "tests/test_project_impact_baseline.py": "de4cec631b472390f8fc23293ab9030134dba26695a7c693645b65d689b42f46",
    "tests/test_webshop_payment_sidecar.py": "cea52a6649d207539c2b3f91b2bdc2a12f807c61b85603aeca31d632a7540a73",
    "tests/test_webshop_runtime_gate.py": "e6b69601c8b14c18d0682200dc43f8cd583eb52a6807757fcde1aeeb3019b85e"
  },
  "gesr": {
    "count": 1,
    "denominator": 12,
    "rate": "0.083333"
  },
  "non_trace_projection_sha256": "6eb5bca0c0aba10ac75eff3cf5d12ceed015b71d974d685dfa96b7e91e9099dc",
  "product_trace": {
    "count": 2,
    "denominator": 12,
    "rate": "0.166667"
  },
  "project_summary": {
    "gap_task_ids": [
      "T02",
      "T03",
      "T04",
      "T05",
      "T06",
      "T07",
      "T08",
      "T09",
      "T10",
      "T11",
      "T12"
    ],
    "gap_tasks": 11,
    "matched_tasks": 1,
    "total_tasks": 12
  },
  "registry_hashes": {
    "formula_registry": "2d8f06ba7c5ca9e35c4957412c0b92da5171c95e135e0bb14b5a61d1bf3309fd",
    "profiles": "6b53b88d5413ae9dd6d536089a22efe3f32563b950f61604c79f136c03d720c2",
    "projection_registry": "45aeaa0abb46fbf66573be1ee417bafb41c99802061bc5b3cb63549313c049b4",
    "runtime_contract": "4062944a6b3dfa5ca8042bc4f6a0ed429a75f00b8875c71c844e7eb0eb304f0e"
  },
  "repeatability": {
    "all_identical": true,
    "normalization_excludes": [
      "output_path",
      "temporary_path",
      "current_time",
      "run_index"
    ],
    "normalized_sha256": [
      "56a82f9ab99cd5d83ae0b1259c2cef9f6b6cdf2a1b7183c029ba7569ab332619",
      "56a82f9ab99cd5d83ae0b1259c2cef9f6b6cdf2a1b7183c029ba7569ab332619",
      "56a82f9ab99cd5d83ae0b1259c2cef9f6b6cdf2a1b7183c029ba7569ab332619"
    ],
    "repeat_count": 3
  },
  "result": "PASS",
  "t01": {
    "capability_gaps": [],
    "event_count": 11,
    "matched": true,
    "trace_source": "webshop_payment_fulfilment_outcome",
    "trace_status": "VALID"
  },
  "t10": {
    "event_count": 12,
    "measurement_integrity_gaps": [],
    "trace_source": "webshop_gate_outcome",
    "trace_status": "VALID"
  },
  "valid_product_tasks": [
    "T01",
    "T10"
  ]
}
RESULT=PASS
