changed_hash 7608b0f9997eb357a7ca733343eb359183f29bcc52eae6d941c3c83efb9737b5 src/agentic_payment_experiment/trusted_execution/fact_lineage.py
changed_hash feb23392d6382c471af951519fb7c09558d8caa93c9bf1698b9b2eadd0f4ea96 src/agentic_payment_experiment/trusted_execution/__init__.py
changed_hash bcd378e3d9e35995d2cb308f8e6a56b2825663c8854996367dbf4dda6b85d9d5 src/agentic_payment_experiment/__init__.py
changed_hash 2f14925231f4c59368b096fdcc2398bba8c8c4e6f774d7bcb430487ca65f25d7 src/agentic_payment_experiment/attack_overlay.py
changed_hash bb5cdecc54b08857104243ee73437c3bdc26a5e04a195cd25a6c12445561073f tests/trusted_execution/test_fact_lineage.py
changed_hash afc977542e4d53abfefa42892a62b3a64df0a8cc4cecbcf7e3d662328a23dd27 tests/test_attack_overlay.py
changed_hash 238391eb288abd0226ea72ad385268806afd2a01d907487f7b5ce1331070c14c samples/attacks/fact_lineage_matrix_v1.json
changed_hash e1316c306090e4a436183abfa7d08981cb63ac6fb9079f9471b1a7d0961bdc7f scripts/validation/run_fact_lineage_matrix.py
protected_unchanged be5a343ac0f48967b4b861f9b0a0c041d3f87406e6d82df1c366cb6ca810ac56 src/agentic_payment_experiment/trusted_execution/context_policy.py
protected_unchanged 115df903ff7ba4090438c7a5b89132882e43bc97830672899837165d05058c7e src/agentic_payment_experiment/trusted_execution/governed_action.py
protected_unchanged 53cf905867905ae73f2886c4612a6d19cc839420677afe4f0eb4f655c87c1dd2 src/agentic_payment_experiment/webshop_runtime_gate.py
protected_unchanged 20a3ccbe372d48b4239aafde41dd09ac53446761d95e8e4d7f4686cb118b2931 src/agentic_payment_experiment/trusted_execution/hashing.py
protected_unchanged d38d49fb026e2887198f00292b0ecf9c9a58ea1b9af8fbefd243f79e3b558b65 src/agentic_payment_experiment/models.py
protected_unchanged 9c001311c36a00d33959fffbf50784ff42928100d622a4d645b79ec8e395cbcb src/agentic_payment_experiment/validator.py
protected_unchanged 25113d7c067a6ba43bcae7a182c60ec77404a50229987b0314805b1c10e0ce71 src/agentic_payment_experiment/payment_execution.py
source_type_enum_unchanged=PASS
exact_type_before_attribute_access=PASS
non_recursive_topological_resolution=PASS
agent_declared_classification_explicit=PASS
lineage_has_no_business_decision=PASS
pure_resolver_no_io_network_process_environment=PASS
overlay_uses_shared_resolver_once=PASS
context_policy_remains_decision_owner=PASS
financial_canonical_hash_not_relaxed=PASS
authorizations network=false api=false dependency_install=false create_environment=false webshop_runtime=false buy_now=false payment_side_effect=false commit=false push=false history_rewrite=false
