test_all_nine_hash_identity_vectors_and_binding_digests_recompute (tests.test_authoritative_trace.AuthoritativeTraceContractTest.test_all_nine_hash_identity_vectors_and_binding_digests_recompute) ... ok
test_binding_digest_mismatch_is_invalid (tests.test_authoritative_trace.AuthoritativeTraceContractTest.test_binding_digest_mismatch_is_invalid) ... ok
test_canonical_primitive_closed_set (tests.test_authoritative_trace.AuthoritativeTraceContractTest.test_canonical_primitive_closed_set) ... ok
test_embedded_registry_hashes_match_accepted_contract (tests.test_authoritative_trace.AuthoritativeTraceContractTest.test_embedded_registry_hashes_match_accepted_contract) ... ok
test_entity_and_relation_tamper_are_invalid (tests.test_authoritative_trace.AuthoritativeTraceContractTest.test_entity_and_relation_tamper_are_invalid) ... ok
test_extra_projection_field_is_invalid (tests.test_authoritative_trace.AuthoritativeTraceContractTest.test_extra_projection_field_is_invalid) ... ok
test_float_nan_infinity_and_unsupported_values_fail_closed (tests.test_authoritative_trace.AuthoritativeTraceContractTest.test_float_nan_infinity_and_unsupported_values_fail_closed) ... ok
test_missing_duplicate_and_unreferenced_bindings_have_exact_statuses (tests.test_authoritative_trace.AuthoritativeTraceContractTest.test_missing_duplicate_and_unreferenced_bindings_have_exact_statuses) ... ok
test_missing_extra_and_reordered_events_have_exact_statuses (tests.test_authoritative_trace.AuthoritativeTraceContractTest.test_missing_extra_and_reordered_events_have_exact_statuses) ... ok
test_missing_projection_field_is_indeterminate (tests.test_authoritative_trace.AuthoritativeTraceContractTest.test_missing_projection_field_is_indeterminate) ... ok
test_native_and_hash_identity_mismatch_are_invalid (tests.test_authoritative_trace.AuthoritativeTraceContractTest.test_native_and_hash_identity_mismatch_are_invalid) ... ok
test_native_identity_and_all_t10_binding_digests_recompute (tests.test_authoritative_trace.AuthoritativeTraceContractTest.test_native_identity_and_all_t10_binding_digests_recompute) ... ok
test_public_contract_is_frozen_and_projection_is_deeply_immutable (tests.test_authoritative_trace.AuthoritativeTraceContractTest.test_public_contract_is_frozen_and_projection_is_deeply_immutable) ... ok
test_public_ordered_collections_are_copied_to_tuples (tests.test_authoritative_trace.AuthoritativeTraceContractTest.test_public_ordered_collections_are_copied_to_tuples) ... ok
test_result_projection_containing_authoritative_trace_is_invalid (tests.test_authoritative_trace.AuthoritativeTraceContractTest.test_result_projection_containing_authoritative_trace_is_invalid) ... ok
test_runtime_module_has_no_docs_or_evidence_file_dependency (tests.test_authoritative_trace.AuthoritativeTraceContractTest.test_runtime_module_has_no_docs_or_evidence_file_dependency) ... ok
test_sidecar_fabricated_decision_is_invalid_extra_field (tests.test_authoritative_trace.AuthoritativeTraceContractTest.test_sidecar_fabricated_decision_is_invalid_extra_field) ... ok
test_t10_exact_synthetic_envelope_is_valid (tests.test_authoritative_trace.AuthoritativeTraceContractTest.test_t10_exact_synthetic_envelope_is_valid) ... ok
test_t10_relation_targets_are_resolved (tests.test_authoritative_trace.AuthoritativeTraceContractTest.test_t10_relation_targets_are_resolved) ... ok
test_t10_two_order_roles_share_one_binding (tests.test_authoritative_trace.AuthoritativeTraceContractTest.test_t10_two_order_roles_share_one_binding) ... ok
test_t12_conflict_and_sidecar_bindings_recompute (tests.test_authoritative_trace.AuthoritativeTraceContractTest.test_t12_conflict_and_sidecar_bindings_recompute) ... ok
test_target_binding_assertion_tamper_is_invalid (tests.test_authoritative_trace.AuthoritativeTraceContractTest.test_target_binding_assertion_tamper_is_invalid) ... ok
test_unknown_projection_schema_is_indeterminate (tests.test_authoritative_trace.AuthoritativeTraceContractTest.test_unknown_projection_schema_is_indeterminate) ... ok
test_unresolved_source_binding_is_indeterminate (tests.test_authoritative_trace.AuthoritativeTraceContractTest.test_unresolved_source_binding_is_indeterminate) ... ok
test_wrong_source_and_unknown_profile_fail_closed (tests.test_authoritative_trace.AuthoritativeTraceContractTest.test_wrong_source_and_unknown_profile_fail_closed) ... ok
test_cli_exits_zero_with_honestly_reported_capability_gaps (tests.test_project_impact_baseline.ProjectImpactBaselineTest.test_cli_exits_zero_with_honestly_reported_capability_gaps) ... ok
test_corrected_baseline_records_all_twelve_product_trace_gaps (tests.test_project_impact_baseline.ProjectImpactBaselineTest.test_corrected_baseline_records_all_twelve_product_trace_gaps) ... ok
test_external_regressions_remain_separate_guardrails (tests.test_project_impact_baseline.ProjectImpactBaselineTest.test_external_regressions_remain_separate_guardrails) ... ok
test_fixture_v1_1_freezes_t01_t12_and_measurement_integrity_fields (tests.test_project_impact_baseline.ProjectImpactBaselineTest.test_fixture_v1_1_freezes_t01_t12_and_measurement_integrity_fields) ... ok
test_invalid_fixture_fails_before_measurement (tests.test_project_impact_baseline.ProjectImpactBaselineTest.test_invalid_fixture_fails_before_measurement) ... ok
test_main_metric_and_guardrails_match_hand_calculation (tests.test_project_impact_baseline.ProjectImpactBaselineTest.test_main_metric_and_guardrails_match_hand_calculation) ... ok
test_repeat_three_has_identical_normalized_results (tests.test_project_impact_baseline.ProjectImpactBaselineTest.test_repeat_three_has_identical_normalized_results) ... ok
test_report_is_machine_readable_and_records_corrected_measurement (tests.test_project_impact_baseline.ProjectImpactBaselineTest.test_report_is_machine_readable_and_records_corrected_measurement) ... ok
test_runner_reads_only_explicit_authoritative_trace (tests.test_project_impact_baseline.ProjectImpactBaselineTest.test_runner_reads_only_explicit_authoritative_trace) ... ok
test_runner_static_boundary_has_no_product_patch_or_trace_laundering (tests.test_project_impact_baseline.ProjectImpactBaselineTest.test_runner_static_boundary_has_no_product_patch_or_trace_laundering) ... ok
test_synthesized_replay_is_valid_diagnostic_but_never_product_trace (tests.test_project_impact_baseline.ProjectImpactBaselineTest.test_synthesized_replay_is_valid_diagnostic_but_never_product_trace) ... ok
test_t01_t07_t10_t12_hand_spot_checks (tests.test_project_impact_baseline.ProjectImpactBaselineTest.test_t01_t07_t10_t12_hand_spot_checks) ... ok
test_t10_fixture_requires_zero_callback_and_preserves_business_goal (tests.test_project_impact_baseline.ProjectImpactBaselineTest.test_t10_fixture_requires_zero_callback_and_preserves_business_goal) ... ok
test_t10_preflight_removes_duplicate_callback_capability_gap (tests.test_project_impact_baseline.ProjectImpactBaselineTest.test_t10_preflight_removes_duplicate_callback_capability_gap) ... ok
test_t10_target_closes_only_preflight_safety_dimensions (tests.test_project_impact_baseline.ProjectImpactBaselineTest.test_t10_target_closes_only_preflight_safety_dimensions) ... ok
test_trace_expectation_tamper_does_not_change_actual_provenance (tests.test_project_impact_baseline.ProjectImpactBaselineTest.test_trace_expectation_tamper_does_not_change_actual_provenance) ... ok
test_zero_tolerance_side_effect_metric_is_independent_of_expected_callback (tests.test_project_impact_baseline.ProjectImpactBaselineTest.test_zero_tolerance_side_effect_metric_is_independent_of_expected_callback) ... ok

----------------------------------------------------------------------
Ran 42 tests in 1.140s

OK
