Retrieving notices: ...working... done
Channels:
 - conda-forge
Platform: win-64
Collecting package metadata (repodata.json): ...working... done
Solving environment: ...working... done

## Package Plan ##

  environment location: D:\SoftWare\Anaconda\workspace\.conda\envs\webshop38

  added / updated specs:
    - openjdk=11
    - pip
    - python=3.8.13


The following packages will be downloaded:

    package                    |            build
    ---------------------------|-----------------
    ca-certificates-2026.7.22  |       h4c7d964_0         129 KB  conda-forge
    libffi-3.4.6               |       h537db12_1          44 KB  conda-forge
    liblzma-devel-5.8.3        |       hfd05255_0         128 KB  conda-forge
    libsqlite-3.53.4           |       hf5d6505_0         1.3 MB  conda-forge
    libzlib-1.3.2              |       hfd05255_3          57 KB  conda-forge
    openjdk-11.0.30            |       he453025_1       162.1 MB  conda-forge
    pip-24.3.1                 |     pyh8b19718_0         1.2 MB  conda-forge
    python-3.8.13              |hcf16a7b_0_cpython        16.9 MB  conda-forge
    setuptools-75.3.0          |     pyhd8ed1ab_0         761 KB  conda-forge
    sqlite-3.53.4              |       hdb435a2_0         417 KB  conda-forge
    symlink-exe-runtime-1.0    |       hfd05255_2          13 KB  conda-forge
    tk-8.6.13                  |       h967ab96_3         3.6 MB  conda-forge
    vc-14.5                    |      ha367084_41          21 KB  conda-forge
    vc14_runtime-14.51.36247   |      habf1de7_41         750 KB  conda-forge
    vcomp14-14.51.36247        |      habf1de7_41         152 KB  conda-forge
    vs2015_runtime-14.51.36247 |      h633cb9f_41          21 KB  conda-forge
    wheel-0.45.1               |     pyhd8ed1ab_0          62 KB  conda-forge
    xz-5.8.3                   |       hb6c8415_0          24 KB  conda-forge
    xz-tools-5.8.3             |       hfd05255_0          67 KB  conda-forge
    ------------------------------------------------------------
                                           Total:       187.6 MB

The following NEW packages will be INSTALLED:

  bzip2              conda-forge/win-64::bzip2-1.0.8-h0ad9c76_9 
  ca-certificates    conda-forge/noarch::ca-certificates-2026.7.22-h4c7d964_0 
  libffi             conda-forge/win-64::libffi-3.4.6-h537db12_1 
  liblzma            conda-forge/win-64::liblzma-5.8.3-hfd05255_0 
  liblzma-devel      conda-forge/win-64::liblzma-devel-5.8.3-hfd05255_0 
  libsqlite          conda-forge/win-64::libsqlite-3.53.4-hf5d6505_0 
  libzlib            conda-forge/win-64::libzlib-1.3.2-hfd05255_3 
  openjdk            conda-forge/win-64::openjdk-11.0.30-he453025_1 
  openssl            conda-forge/win-64::openssl-3.6.3-hf411b9b_0 
  pip                conda-forge/noarch::pip-24.3.1-pyh8b19718_0 
  python             conda-forge/win-64::python-3.8.13-hcf16a7b_0_cpython 
  setuptools         conda-forge/noarch::setuptools-75.3.0-pyhd8ed1ab_0 
  sqlite             conda-forge/win-64::sqlite-3.53.4-hdb435a2_0 
  symlink-exe-runti~ conda-forge/win-64::symlink-exe-runtime-1.0-hfd05255_2 
  tk                 conda-forge/win-64::tk-8.6.13-h967ab96_3 
  ucrt               conda-forge/win-64::ucrt-10.0.26100.0-h57928b3_0 
  vc                 conda-forge/win-64::vc-14.5-ha367084_41 
  vc14_runtime       conda-forge/win-64::vc14_runtime-14.51.36247-habf1de7_41 
  vcomp14            conda-forge/win-64::vcomp14-14.51.36247-habf1de7_41 
  vs2015_runtime     conda-forge/win-64::vs2015_runtime-14.51.36247-h633cb9f_41 
  wheel              conda-forge/noarch::wheel-0.45.1-pyhd8ed1ab_0 
  xz                 conda-forge/win-64::xz-5.8.3-hb6c8415_0 
  xz-tools           conda-forge/win-64::xz-tools-5.8.3-hfd05255_0 



Downloading and Extracting Packages: ...working... done
Preparing transaction: ...working... done
Verifying transaction: ...working... done
Executing transaction: ...working... done
#
# To activate this environment, use
#
#     $ conda activate webshop38
#
# To deactivate an active environment, use
#
#     $ conda deactivate

