{
  "actions": {
    "FETCH": [
      {
        "build": "hfd05255_0",
        "build_number": 0,
        "channel": "https://mirrors.tuna.tsinghua.edu.cn/anaconda/cloud/conda-forge/win-64",
        "constrains": [],
        "depends": [
          "liblzma 5.8.3 hfd05255_0",
          "ucrt >=10.0.20348.0",
          "vc >=14.3,<15",
          "vc14_runtime >=14.44.35208"
        ],
        "fn": "liblzma-devel-5.8.3-hfd05255_0.conda",
        "license": "0BSD",
        "md5": "7845201435d0c7c0a02269c2742da1cc",
        "name": "liblzma-devel",
        "sha256": "875f0535e135b9949720b80057508e14a9cb9351d4117760dacc6296f5b5704a",
        "size": 130960,
        "subdir": "win-64",
        "timestamp": 1775825690000,
        "url": "https://mirrors.tuna.tsinghua.edu.cn/anaconda/cloud/conda-forge/win-64/liblzma-devel-5.8.3-hfd05255_0.conda",
        "version": "5.8.3"
      },
      {
        "build": "h4c7d964_0",
        "build_number": 0,
        "channel": "https://mirrors.tuna.tsinghua.edu.cn/anaconda/cloud/conda-forge/noarch",
        "constrains": [],
        "depends": [
          "__win"
        ],
        "fn": "ca-certificates-2026.7.22-h4c7d964_0.conda",
        "license": "ISC",
        "md5": "e27d2ac27b096dc51fedfcf775a53f9b",
        "name": "ca-certificates",
        "noarch": "generic",
        "package_type": "noarch_generic",
        "sha256": "95e8e74062a5fe5f870ac8c90302b6e89945165fdaed7810606e84ddee6aac12",
        "size": 132136,
        "subdir": "noarch",
        "timestamp": 1784754918000,
        "url": "https://mirrors.tuna.tsinghua.edu.cn/anaconda/cloud/conda-forge/noarch/ca-certificates-2026.7.22-h4c7d964_0.conda",
        "version": "2026.7.22"
      },
      {
        "build": "h537db12_1",
        "build_number": 1,
        "channel": "https://mirrors.tuna.tsinghua.edu.cn/anaconda/cloud/conda-forge/win-64",
        "constrains": [],
        "depends": [
          "ucrt >=10.0.20348.0",
          "vc >=14.2,<15",
          "vc14_runtime >=14.29.30139"
        ],
        "fn": "libffi-3.4.6-h537db12_1.conda",
        "license": "MIT",
        "md5": "85d8fa5e55ed8f93f874b3b23ed54ec6",
        "name": "libffi",
        "sha256": "d3b0b8812eab553d3464bbd68204f007f1ebadf96ce30eb0cbc5159f72e353f5",
        "size": 44978,
        "subdir": "win-64",
        "timestamp": 1743435053000,
        "url": "https://mirrors.tuna.tsinghua.edu.cn/anaconda/cloud/conda-forge/win-64/libffi-3.4.6-h537db12_1.conda",
        "version": "3.4.6"
      },
      {
        "build": "hfd05255_3",
        "build_number": 3,
        "channel": "https://mirrors.tuna.tsinghua.edu.cn/anaconda/cloud/conda-forge/win-64",
        "constrains": [
          "zlib 1.3.2 *_3"
        ],
        "depends": [
          "ucrt >=10.0.20348.0",
          "vc >=14.3,<15",
          "vc14_runtime >=14.44.35208"
        ],
        "fn": "libzlib-1.3.2-hfd05255_3.conda",
        "license": "Zlib",
        "md5": "5d2ff29d465097458cc3ff6569151991",
        "name": "libzlib",
        "sha256": "0629c2cc0404d3bb29d6baa7b4ba62da80797015e86de050db81ea5a07050527",
        "size": 58529,
        "subdir": "win-64",
        "timestamp": 1785276664000,
        "url": "https://mirrors.tuna.tsinghua.edu.cn/anaconda/cloud/conda-forge/win-64/libzlib-1.3.2-hfd05255_3.conda",
        "version": "1.3.2"
      },
      {
        "build": "pyh8b19718_0",
        "build_number": 0,
        "channel": "https://mirrors.tuna.tsinghua.edu.cn/anaconda/cloud/conda-forge/noarch",
        "constrains": [],
        "depends": [
          "python >=3.8,<3.13.0a0",
          "setuptools",
          "wheel"
        ],
        "fn": "pip-24.3.1-pyh8b19718_0.conda",
        "license": "MIT",
        "md5": "5dd546fe99b44fda83963d15f84263b7",
        "name": "pip",
        "noarch": "python",
        "package_type": "noarch_python",
        "sha256": "499313e72e20225f84c2e9690bbaf5b952c8d7e0bf34b728278538f766b81628",
        "size": 1243168,
        "subdir": "noarch",
        "timestamp": 1730203795000,
        "url": "https://mirrors.tuna.tsinghua.edu.cn/anaconda/cloud/conda-forge/noarch/pip-24.3.1-pyh8b19718_0.conda",
        "version": "24.3.1"
      },
      {
        "build": "hfd05255_0",
        "build_number": 0,
        "channel": "https://mirrors.tuna.tsinghua.edu.cn/anaconda/cloud/conda-forge/win-64",
        "constrains": [
          "xz 5.8.3.*"
        ],
        "depends": [
          "liblzma 5.8.3 hfd05255_0",
          "ucrt >=10.0.20348.0",
          "vc >=14.3,<15",
          "vc14_runtime >=14.44.35208"
        ],
        "fn": "xz-tools-5.8.3-hfd05255_0.conda",
        "license": "0BSD AND LGPL-2.1-or-later",
        "md5": "01b20ff45704b888d218f31a3aa3ea2a",
        "name": "xz-tools",
        "sha256": "96b8212ff33dd8a1df8c0f69c0ad7b3551496c3068576408c0bedf9260febae2",
        "size": 68149,
        "subdir": "win-64",
        "timestamp": 1775825719000,
        "url": "https://mirrors.tuna.tsinghua.edu.cn/anaconda/cloud/conda-forge/win-64/xz-tools-5.8.3-hfd05255_0.conda",
        "version": "5.8.3"
      },
      {
        "build": "pyhd8ed1ab_0",
        "build_number": 0,
        "channel": "https://mirrors.tuna.tsinghua.edu.cn/anaconda/cloud/conda-forge/noarch",
        "constrains": [],
        "depends": [
          "python >=3.8"
        ],
        "fn": "setuptools-75.3.0-pyhd8ed1ab_0.conda",
        "license": "MIT",
        "md5": "2ce9825396daf72baabaade36cee16da",
        "name": "setuptools",
        "noarch": "python",
        "package_type": "noarch_python",
        "sha256": "a36d020b9f32fc3f1a6488a1c4a9c13988c6468faf6895bf30ca69521a61230e",
        "size": 779561,
        "subdir": "noarch",
        "timestamp": 1730382173000,
        "url": "https://mirrors.tuna.tsinghua.edu.cn/anaconda/cloud/conda-forge/noarch/setuptools-75.3.0-pyhd8ed1ab_0.conda",
        "version": "75.3.0"
      },
      {
        "build": "he453025_1",
        "build_number": 1,
        "channel": "https://mirrors.tuna.tsinghua.edu.cn/anaconda/cloud/conda-forge/win-64",
        "constrains": [],
        "depends": [
          "vc >=14.3,<15",
          "vc14_runtime >=14.44.35208",
          "ucrt >=10.0.20348.0",
          "symlink-exe-runtime >=1.0,<2.0a0"
        ],
        "fn": "openjdk-11.0.30-he453025_1.conda",
        "license": "GPL-2.0-or-later WITH Classpath-exception-2.0",
        "md5": "cd55678484af0cec9600feabd513c807",
        "name": "openjdk",
        "sha256": "cd091d35491ba070a59f888a5eb5aff53201b0f4737e8eea3ffff9fe2334337e",
        "size": 169943435,
        "subdir": "win-64",
        "timestamp": 1771445558000,
        "url": "https://mirrors.tuna.tsinghua.edu.cn/anaconda/cloud/conda-forge/win-64/openjdk-11.0.30-he453025_1.conda",
        "version": "11.0.30"
      },
      {
        "build": "h633cb9f_41",
        "build_number": 41,
        "channel": "https://mirrors.tuna.tsinghua.edu.cn/anaconda/cloud/conda-forge/win-64",
        "constrains": [],
        "depends": [
          "vc14_runtime >=14.51.36247"
        ],
        "fn": "vs2015_runtime-14.51.36247-h633cb9f_41.conda",
        "license": "BSD-3-Clause",
        "md5": "21504569fa34b5d3a67760219e3ff1cc",
        "name": "vs2015_runtime",
        "sha256": "ee0ae67c96b80b9fdb50c3f617c6329dbcdf1562d0267604f6c0e24f494431d6",
        "size": 21386,
        "subdir": "win-64",
        "timestamp": 1785359368000,
        "url": "https://mirrors.tuna.tsinghua.edu.cn/anaconda/cloud/conda-forge/win-64/vs2015_runtime-14.51.36247-h633cb9f_41.conda",
        "version": "14.51.36247"
      },
      {
        "build": "h967ab96_3",
        "build_number": 3,
        "channel": "https://mirrors.tuna.tsinghua.edu.cn/anaconda/cloud/conda-forge/win-64",
        "constrains": [],
        "depends": [
          "vc >=14.3,<15",
          "vc14_runtime >=14.44.35208",
          "ucrt >=10.0.20348.0"
        ],
        "fn": "tk-8.6.13-h967ab96_3.conda",
        "license": "TCL",
        "md5": "aaf79e2af50a151fb5b5a3e3f38b7a69",
        "name": "tk",
        "sha256": "13fa29257d43f8e630a1e591ed77fae9bbbb236b011432f01e2034cf36e6bf03",
        "size": 3782314,
        "subdir": "win-64",
        "timestamp": 1784229072000,
        "url": "https://mirrors.tuna.tsinghua.edu.cn/anaconda/cloud/conda-forge/win-64/tk-8.6.13-h967ab96_3.conda",
        "version": "8.6.13"
      },
      {
        "build": "hcf16a7b_0_cpython",
        "build_number": 0,
        "channel": "https://mirrors.tuna.tsinghua.edu.cn/anaconda/cloud/conda-forge/win-64",
        "constrains": [
          "python_abi 3.8.* *_cp38"
        ],
        "depends": [
          "bzip2 >=1.0.8,<2.0a0",
          "libffi >=3.4.2,<3.5.0a0",
          "libzlib >=1.2.11,<2.0.0a0",
          "openssl >=3.0.2,<4.0a0",
          "sqlite >=3.37.1,<4.0a0",
          "tk >=8.6.12,<8.7.0a0",
          "vc >=14.1,<15",
          "vs2015_runtime >=14.16.27033",
          "xz >=5.2.5,<6.0.0a0",
          "pip"
        ],
        "fn": "python-3.8.13-hcf16a7b_0_cpython.tar.bz2",
        "license": "Python-2.0",
        "md5": "f7f182fd26238021044097981fd25a4e",
        "name": "python",
        "sha256": "6b30b0bf6e408990a922b41bd0aa193ad6c16f8f0c108461eef007174acff797",
        "size": 17728484,
        "subdir": "win-64",
        "timestamp": 1648188527000,
        "url": "https://mirrors.tuna.tsinghua.edu.cn/anaconda/cloud/conda-forge/win-64/python-3.8.13-hcf16a7b_0_cpython.tar.bz2",
        "version": "3.8.13"
      },
      {
        "build": "hfd05255_2",
        "build_number": 2,
        "channel": "https://mirrors.tuna.tsinghua.edu.cn/anaconda/cloud/conda-forge/win-64",
        "constrains": [],
        "depends": [
          "ucrt >=10.0.20348.0",
          "vc >=14.3,<15",
          "vc14_runtime >=14.44.35208"
        ],
        "fn": "symlink-exe-runtime-1.0-hfd05255_2.conda",
        "license": "BSD-3-Clause",
        "md5": "2f96340000d8b3957ecb0978cfed0486",
        "name": "symlink-exe-runtime",
        "sha256": "25a7eaad98aabe1f4f137ecac53cb45de881cc88d399738f95278f0449f97c28",
        "size": 13317,
        "subdir": "win-64",
        "timestamp": 1771438096000,
        "url": "https://mirrors.tuna.tsinghua.edu.cn/anaconda/cloud/conda-forge/win-64/symlink-exe-runtime-1.0-hfd05255_2.conda",
        "version": "1.0"
      },
      {
        "build": "ha367084_41",
        "build_number": 41,
        "channel": "https://mirrors.tuna.tsinghua.edu.cn/anaconda/cloud/conda-forge/win-64",
        "constrains": [],
        "depends": [
          "vc14_runtime >=14.51.36247"
        ],
        "fn": "vc-14.5-ha367084_41.conda",
        "license": "BSD-3-Clause",
        "md5": "aa805b5522c2a98fa286e551a1f48546",
        "name": "vc",
        "sha256": "35444c55a92e2f7f7ba26bc70f81e56e52344f7d064c0fd4b40a46a58517b79c",
        "size": 21383,
        "subdir": "win-64",
        "timestamp": 1785359368000,
        "track_features": "vc14",
        "url": "https://mirrors.tuna.tsinghua.edu.cn/anaconda/cloud/conda-forge/win-64/vc-14.5-ha367084_41.conda",
        "version": "14.5"
      },
      {
        "build": "hf5d6505_0",
        "build_number": 0,
        "channel": "https://mirrors.tuna.tsinghua.edu.cn/anaconda/cloud/conda-forge/win-64",
        "constrains": [],
        "depends": [
          "ucrt >=10.0.20348.0",
          "vc >=14.3,<15",
          "vc14_runtime >=14.44.35208"
        ],
        "fn": "libsqlite-3.53.4-hf5d6505_0.conda",
        "license": "blessing",
        "md5": "ca0d59f40a02a15e9b5d0ff8db0f85e3",
        "name": "libsqlite",
        "sha256": "62e1c45ec71ab2e5deeeb0e47e7df6a609991e91d46348f16df50c68fee145c8",
        "size": 1313790,
        "subdir": "win-64",
        "timestamp": 1785016158000,
        "url": "https://mirrors.tuna.tsinghua.edu.cn/anaconda/cloud/conda-forge/win-64/libsqlite-3.53.4-hf5d6505_0.conda",
        "version": "3.53.4"
      },
      {
        "build": "hdb435a2_0",
        "build_number": 0,
        "channel": "https://mirrors.tuna.tsinghua.edu.cn/anaconda/cloud/conda-forge/win-64",
        "constrains": [],
        "depends": [
          "libsqlite 3.53.4 hf5d6505_0",
          "ucrt >=10.0.20348.0",
          "vc >=14.3,<15",
          "vc14_runtime >=14.44.35208"
        ],
        "fn": "sqlite-3.53.4-hdb435a2_0.conda",
        "license": "blessing",
        "md5": "dafb42fc12203b56f5574658613d256e",
        "name": "sqlite",
        "sha256": "1883446b33b220ced706e1a90b3e62159402087d5e720a0734b3a47609b5c21f",
        "size": 426903,
        "subdir": "win-64",
        "timestamp": 1785016164000,
        "url": "https://mirrors.tuna.tsinghua.edu.cn/anaconda/cloud/conda-forge/win-64/sqlite-3.53.4-hdb435a2_0.conda",
        "version": "3.53.4"
      },
      {
        "build": "hb6c8415_0",
        "build_number": 0,
        "channel": "https://mirrors.tuna.tsinghua.edu.cn/anaconda/cloud/conda-forge/win-64",
        "constrains": [],
        "depends": [
          "liblzma 5.8.3 hfd05255_0",
          "liblzma-devel 5.8.3 hfd05255_0",
          "ucrt >=10.0.20348.0",
          "vc >=14.3,<15",
          "vc14_runtime >=14.44.35208",
          "xz-tools 5.8.3 hfd05255_0"
        ],
        "fn": "xz-5.8.3-hb6c8415_0.conda",
        "license": "0BSD AND LGPL-2.1-or-later AND GPL-2.0-or-later",
        "md5": "46f70d503d68c55c104a564928a39852",
        "name": "xz",
        "sha256": "2c34f766619921fd543095f26a2688b845fe2cb372b71488d232ad3612630bb7",
        "size": 24697,
        "subdir": "win-64",
        "timestamp": 1775825746000,
        "url": "https://mirrors.tuna.tsinghua.edu.cn/anaconda/cloud/conda-forge/win-64/xz-5.8.3-hb6c8415_0.conda",
        "version": "5.8.3"
      },
      {
        "build": "habf1de7_41",
        "build_number": 41,
        "channel": "https://mirrors.tuna.tsinghua.edu.cn/anaconda/cloud/conda-forge/win-64",
        "constrains": [
          "vs2015_runtime 14.51.36247.* *_41"
        ],
        "depends": [
          "ucrt >=10.0.20348.0",
          "vcomp14 14.51.36247 habf1de7_41"
        ],
        "fn": "vc14_runtime-14.51.36247-habf1de7_41.conda",
        "license": "LicenseRef-MicrosoftVisualCpp2015-2022Runtime",
        "md5": "ac5333bb3d429361f23adf704cc49a78",
        "name": "vc14_runtime",
        "sha256": "4e4cb599cdc41bf2109d1464c127b5bcbddf548ce3e322e612afb691338b48f8",
        "size": 767955,
        "subdir": "win-64",
        "timestamp": 1785359364000,
        "url": "https://mirrors.tuna.tsinghua.edu.cn/anaconda/cloud/conda-forge/win-64/vc14_runtime-14.51.36247-habf1de7_41.conda",
        "version": "14.51.36247"
      },
      {
        "build": "habf1de7_41",
        "build_number": 41,
        "channel": "https://mirrors.tuna.tsinghua.edu.cn/anaconda/cloud/conda-forge/win-64",
        "constrains": [
          "vs2015_runtime 14.51.36247.* *_41"
        ],
        "depends": [
          "ucrt >=10.0.20348.0"
        ],
        "fn": "vcomp14-14.51.36247-habf1de7_41.conda",
        "license": "LicenseRef-MicrosoftVisualCpp2015-2022Runtime",
        "md5": "350bb67a5c8e5f1c53347ac544ab6600",
        "name": "vcomp14",
        "sha256": "731e043390c9457299484d39e427221fc868a9249540a498a5a4f6456c7744d1",
        "size": 155910,
        "subdir": "win-64",
        "timestamp": 1785359349000,
        "url": "https://mirrors.tuna.tsinghua.edu.cn/anaconda/cloud/conda-forge/win-64/vcomp14-14.51.36247-habf1de7_41.conda",
        "version": "14.51.36247"
      },
      {
        "build": "pyhd8ed1ab_0",
        "build_number": 0,
        "channel": "https://mirrors.tuna.tsinghua.edu.cn/anaconda/cloud/conda-forge/noarch",
        "constrains": [],
        "depends": [
          "python >=3.8"
        ],
        "fn": "wheel-0.45.1-pyhd8ed1ab_0.conda",
        "license": "MIT",
        "md5": "bdb2f437ce62fd2f1fef9119a37a12d9",
        "name": "wheel",
        "noarch": "python",
        "package_type": "noarch_python",
        "sha256": "24f6851a336a50c53d6b50b142c1654872494a62528d57c3ff40240cbd8b13be",
        "size": 62998,
        "subdir": "noarch",
        "timestamp": 1732339880000,
        "url": "https://mirrors.tuna.tsinghua.edu.cn/anaconda/cloud/conda-forge/noarch/wheel-0.45.1-pyhd8ed1ab_0.conda",
        "version": "0.45.1"
      }
    ],
    "LINK": [
      {
        "base_url": "https://mirrors.tuna.tsinghua.edu.cn/anaconda/cloud/conda-forge",
        "build_number": 0,
        "build_string": "h4c7d964_0",
        "channel": "conda-forge",
        "dist_name": "ca-certificates-2026.7.22-h4c7d964_0",
        "name": "ca-certificates",
        "platform": "noarch",
        "version": "2026.7.22"
      },
      {
        "base_url": "https://mirrors.tuna.tsinghua.edu.cn/anaconda/cloud/conda-forge",
        "build_number": 0,
        "build_string": "h57928b3_0",
        "channel": "conda-forge",
        "dist_name": "ucrt-10.0.26100.0-h57928b3_0",
        "name": "ucrt",
        "platform": "win-64",
        "version": "10.0.26100.0"
      },
      {
        "base_url": "https://mirrors.tuna.tsinghua.edu.cn/anaconda/cloud/conda-forge",
        "build_number": 41,
        "build_string": "habf1de7_41",
        "channel": "conda-forge",
        "dist_name": "vcomp14-14.51.36247-habf1de7_41",
        "name": "vcomp14",
        "platform": "win-64",
        "version": "14.51.36247"
      },
      {
        "base_url": "https://mirrors.tuna.tsinghua.edu.cn/anaconda/cloud/conda-forge",
        "build_number": 41,
        "build_string": "habf1de7_41",
        "channel": "conda-forge",
        "dist_name": "vc14_runtime-14.51.36247-habf1de7_41",
        "name": "vc14_runtime",
        "platform": "win-64",
        "version": "14.51.36247"
      },
      {
        "base_url": "https://mirrors.tuna.tsinghua.edu.cn/anaconda/cloud/conda-forge",
        "build_number": 41,
        "build_string": "ha367084_41",
        "channel": "conda-forge",
        "dist_name": "vc-14.5-ha367084_41",
        "name": "vc",
        "platform": "win-64",
        "version": "14.5"
      },
      {
        "base_url": "https://mirrors.tuna.tsinghua.edu.cn/anaconda/cloud/conda-forge",
        "build_number": 41,
        "build_string": "h633cb9f_41",
        "channel": "conda-forge",
        "dist_name": "vs2015_runtime-14.51.36247-h633cb9f_41",
        "name": "vs2015_runtime",
        "platform": "win-64",
        "version": "14.51.36247"
      },
      {
        "base_url": "https://mirrors.tuna.tsinghua.edu.cn/anaconda/cloud/conda-forge",
        "build_number": 9,
        "build_string": "h0ad9c76_9",
        "channel": "conda-forge",
        "dist_name": "bzip2-1.0.8-h0ad9c76_9",
        "name": "bzip2",
        "platform": "win-64",
        "version": "1.0.8"
      },
      {
        "base_url": "https://mirrors.tuna.tsinghua.edu.cn/anaconda/cloud/conda-forge",
        "build_number": 1,
        "build_string": "h537db12_1",
        "channel": "conda-forge",
        "dist_name": "libffi-3.4.6-h537db12_1",
        "name": "libffi",
        "platform": "win-64",
        "version": "3.4.6"
      },
      {
        "base_url": "https://mirrors.tuna.tsinghua.edu.cn/anaconda/cloud/conda-forge",
        "build_number": 0,
        "build_string": "hfd05255_0",
        "channel": "conda-forge",
        "dist_name": "liblzma-5.8.3-hfd05255_0",
        "name": "liblzma",
        "platform": "win-64",
        "version": "5.8.3"
      },
      {
        "base_url": "https://mirrors.tuna.tsinghua.edu.cn/anaconda/cloud/conda-forge",
        "build_number": 0,
        "build_string": "hf5d6505_0",
        "channel": "conda-forge",
        "dist_name": "libsqlite-3.53.4-hf5d6505_0",
        "name": "libsqlite",
        "platform": "win-64",
        "version": "3.53.4"
      },
      {
        "base_url": "https://mirrors.tuna.tsinghua.edu.cn/anaconda/cloud/conda-forge",
        "build_number": 3,
        "build_string": "hfd05255_3",
        "channel": "conda-forge",
        "dist_name": "libzlib-1.3.2-hfd05255_3",
        "name": "libzlib",
        "platform": "win-64",
        "version": "1.3.2"
      },
      {
        "base_url": "https://mirrors.tuna.tsinghua.edu.cn/anaconda/cloud/conda-forge",
        "build_number": 0,
        "build_string": "hf411b9b_0",
        "channel": "conda-forge",
        "dist_name": "openssl-3.6.3-hf411b9b_0",
        "name": "openssl",
        "platform": "win-64",
        "version": "3.6.3"
      },
      {
        "base_url": "https://mirrors.tuna.tsinghua.edu.cn/anaconda/cloud/conda-forge",
        "build_number": 2,
        "build_string": "hfd05255_2",
        "channel": "conda-forge",
        "dist_name": "symlink-exe-runtime-1.0-hfd05255_2",
        "name": "symlink-exe-runtime",
        "platform": "win-64",
        "version": "1.0"
      },
      {
        "base_url": "https://mirrors.tuna.tsinghua.edu.cn/anaconda/cloud/conda-forge",
        "build_number": 3,
        "build_string": "h967ab96_3",
        "channel": "conda-forge",
        "dist_name": "tk-8.6.13-h967ab96_3",
        "name": "tk",
        "platform": "win-64",
        "version": "8.6.13"
      },
      {
        "base_url": "https://mirrors.tuna.tsinghua.edu.cn/anaconda/cloud/conda-forge",
        "build_number": 0,
        "build_string": "hfd05255_0",
        "channel": "conda-forge",
        "dist_name": "liblzma-devel-5.8.3-hfd05255_0",
        "name": "liblzma-devel",
        "platform": "win-64",
        "version": "5.8.3"
      },
      {
        "base_url": "https://mirrors.tuna.tsinghua.edu.cn/anaconda/cloud/conda-forge",
        "build_number": 1,
        "build_string": "he453025_1",
        "channel": "conda-forge",
        "dist_name": "openjdk-11.0.30-he453025_1",
        "name": "openjdk",
        "platform": "win-64",
        "version": "11.0.30"
      },
      {
        "base_url": "https://mirrors.tuna.tsinghua.edu.cn/anaconda/cloud/conda-forge",
        "build_number": 0,
        "build_string": "hdb435a2_0",
        "channel": "conda-forge",
        "dist_name": "sqlite-3.53.4-hdb435a2_0",
        "name": "sqlite",
        "platform": "win-64",
        "version": "3.53.4"
      },
      {
        "base_url": "https://mirrors.tuna.tsinghua.edu.cn/anaconda/cloud/conda-forge",
        "build_number": 0,
        "build_string": "hfd05255_0",
        "channel": "conda-forge",
        "dist_name": "xz-tools-5.8.3-hfd05255_0",
        "name": "xz-tools",
        "platform": "win-64",
        "version": "5.8.3"
      },
      {
        "base_url": "https://mirrors.tuna.tsinghua.edu.cn/anaconda/cloud/conda-forge",
        "build_number": 0,
        "build_string": "hb6c8415_0",
        "channel": "conda-forge",
        "dist_name": "xz-5.8.3-hb6c8415_0",
        "name": "xz",
        "platform": "win-64",
        "version": "5.8.3"
      },
      {
        "base_url": "https://mirrors.tuna.tsinghua.edu.cn/anaconda/cloud/conda-forge",
        "build_number": 0,
        "build_string": "hcf16a7b_0_cpython",
        "channel": "conda-forge",
        "dist_name": "python-3.8.13-hcf16a7b_0_cpython",
        "name": "python",
        "platform": "win-64",
        "version": "3.8.13"
      },
      {
        "base_url": "https://mirrors.tuna.tsinghua.edu.cn/anaconda/cloud/conda-forge",
        "build_number": 0,
        "build_string": "pyhd8ed1ab_0",
        "channel": "conda-forge",
        "dist_name": "setuptools-75.3.0-pyhd8ed1ab_0",
        "name": "setuptools",
        "platform": "noarch",
        "version": "75.3.0"
      },
      {
        "base_url": "https://mirrors.tuna.tsinghua.edu.cn/anaconda/cloud/conda-forge",
        "build_number": 0,
        "build_string": "pyhd8ed1ab_0",
        "channel": "conda-forge",
        "dist_name": "wheel-0.45.1-pyhd8ed1ab_0",
        "name": "wheel",
        "platform": "noarch",
        "version": "0.45.1"
      },
      {
        "base_url": "https://mirrors.tuna.tsinghua.edu.cn/anaconda/cloud/conda-forge",
        "build_number": 0,
        "build_string": "pyh8b19718_0",
        "channel": "conda-forge",
        "dist_name": "pip-24.3.1-pyh8b19718_0",
        "name": "pip",
        "platform": "noarch",
        "version": "24.3.1"
      }
    ],
    "PREFIX": "D:\\SoftWare\\Anaconda\\workspace\\.conda\\envs\\webshop38"
  },
  "dry_run": true,
  "prefix": "D:\\SoftWare\\Anaconda\\workspace\\.conda\\envs\\webshop38",
  "success": true
}
