REPORT_EXISTS=True
REPORT_BLOCKED=True
REPORT_REVIEW_FALSE=True
REPORT_HAS_EV17=True
REPORT_HAS_MIRROR_FALLBACK_PROPOSAL=True
REPORT_HAS_SHUFFLE_SHA=True
REPORT_HAS_ATTR_SHA=True
REPORT_HAS_HUMAN_SHA=True
CURRENT_EXECUTOR=True
CURRENT_CONTRACT_FROZEN=True
EV_01_TO_EV_17_MISSING=[]
EV17_RESULT=GOOGLE_DRIVE_PERMISSION_CONFIRMED; THREE_MIRROR_SHA256_CONSENSUS
EV17_GDOWN_VERSION=6.1.0
EV17_MIRROR_FILES_COPIED=False
EV17_RUNTIME_SMOKE_EXECUTED=False
EV17_CONSENSUS[items_shuffle_1000.json]=True
EV17_CONSENSUS[items_ins_v2_1000.json]=True
EV17_CONSENSUS[items_human_ins.json]=True
DATA_DIR_FILES=[]
RUNTIME_SEARCH_PATHS_PRESENT=[]
NESTED_WEBSHOP_CLEAN=True
REPORT_DIFF_CHECK_EMPTY=True
=== FINAL_SHA256 ===
ece6cfc4084295a32bdc172795f1b80d84c58c9149edc18a4b2b67f156be2611  docs/05_任务交接/P9_WEBSHOP_SMALL_RUNTIME_SMOKE_V1/REPORT.md
38a7a91c6e81a1a9717d3017891eb7837e7f7f5f0c34777ce6549426dee0c134  docs/05_任务交接/P9_WEBSHOP_SMALL_RUNTIME_SMOKE_V1/evidence/EV-17.meta.json
7ef9f0da053cb084662d1e62899b5f952c669ae2a7884fe20d43ac9eb0ebe70e  docs/05_任务交接/P9_WEBSHOP_SMALL_RUNTIME_SMOKE_V1/evidence/EV-17.stdout.log
c90ebb4b3e201848156843a783c97767226c77650070d7802fd0807e714d5272  docs/05_任务交接/P9_WEBSHOP_SMALL_RUNTIME_SMOKE_V1/evidence/EV-17.stderr.log
MIRROR_DATA_PROMOTED_TO_RUNTIME=False
INDEX_BUILD_EXECUTED=False
RUNTIME_SMOKE_EXECUTED=False
BUY_NOW_EXECUTED=False
COMMIT_EXECUTED=False
PUSH_EXECUTED=False
EVALUATOR_APPROVAL_REQUIRED=True
