REPORT_EXISTS=True
EXECUTOR_STATE_BLOCKED=True
REVIEW_REQUESTED_FALSE=True
CURRENT_ROLE_EXECUTOR_IN_REPORT=True
BUY_NOW_NOT_EXECUTED_RECORDED=True
NO_COMMIT_RECORDED=True
NO_PUSH_RECORDED=True
CURRENT_REMAINS_EXECUTOR=True
CURRENT_REMAINS_CONTRACT_FROZEN=True
CURRENT_TASK_ID_MATCH=True
EV_01_TO_EV_15_MISSING=[]
=== FINAL_FILE_SHA256 ===
4262ed26acbd7462a6ef395e9e683d375943c69c9943de3cf5d72dbcc8f79464  scripts/validation/webshop/bootstrap_webshop_small.ps1
feb511db214d7f978e3b5392c2e1833bf256a52f83a4d4dc3bdafedcd9c53a97  scripts/validation/webshop/verify_webshop_small_assets.py
8628023cbee0c131ff496f0810090d6cc1fb8509cda0333b9474a19aa47d953d  scripts/validation/webshop/smoke_webshop_small.py
18ee77eaae98bbbe637047f3093b22530a5cd99ac1f669226cc95df215d8bc6a  tests/test_webshop_small_runtime_contract.py
3bee65f749e94aa0b3c87fd1638c4ce06a6d68fec4de01601f67a9ac301ecfc2  docs/05_任务交接/P9_WEBSHOP_SMALL_RUNTIME_SMOKE_V1/REPORT.md
REPORT_DIFF_CHECK_OUTPUT_EMPTY=True
DATA_DIR_FILES=[]
RUNTIME_SEARCH_PATHS_PRESENT=[]
AGENT_UNCHANGED=True
NESTED_WEBSHOP_CLEAN=True
REAL_RUNTIME_SMOKE_EXECUTED=False
BUY_NOW_EXECUTED=False
COMMIT_EXECUTED=False
PUSH_EXECUTED=False
EVALUATOR_REVIEW_REQUESTED=False
