=== GDOWN VERSION STDERR ===
=== GDOWN default items_shuffle_1000.json STDERR ===
Failed to retrieve file url:

	Cannot retrieve the public link of the file. You may need to change
	the permission to 'Anyone with the link', or have had many accesses.
	Check FAQ in https://github.com/wkentaro/gdown?tab=readme-ov-file#faq.

You may still be able to access the file from the browser:

	https://drive.google.com/uc?id=1EgHdxQ_YxqIQlvvq5iKlCrkEKR6-j0Ib

but Gdown can't. Please check connections and permissions.
=== GDOWN no_cookies items_shuffle_1000.json STDERR ===
Failed to retrieve file url:

	Cannot retrieve the public link of the file. You may need to change
	the permission to 'Anyone with the link', or have had many accesses.
	Check FAQ in https://github.com/wkentaro/gdown?tab=readme-ov-file#faq.

You may still be able to access the file from the browser:

	https://drive.google.com/uc?id=1EgHdxQ_YxqIQlvvq5iKlCrkEKR6-j0Ib

but Gdown can't. Please check connections and permissions.
=== GDOWN default items_ins_v2_1000.json STDERR ===
Failed to retrieve file url:

	Cannot retrieve the public link of the file. You may need to change
	the permission to 'Anyone with the link', or have had many accesses.
	Check FAQ in https://github.com/wkentaro/gdown?tab=readme-ov-file#faq.

You may still be able to access the file from the browser:

	https://drive.google.com/uc?id=1IduG0xl544V_A_jv3tHXC0kyFi7PnyBu

but Gdown can't. Please check connections and permissions.
=== GDOWN no_cookies items_ins_v2_1000.json STDERR ===
Failed to retrieve file url:

	Cannot retrieve the public link of the file. You may need to change
	the permission to 'Anyone with the link', or have had many accesses.
	Check FAQ in https://github.com/wkentaro/gdown?tab=readme-ov-file#faq.

You may still be able to access the file from the browser:

	https://drive.google.com/uc?id=1IduG0xl544V_A_jv3tHXC0kyFi7PnyBu

but Gdown can't. Please check connections and permissions.
=== GDOWN default items_human_ins.json STDERR ===
Failed to retrieve file url:

	Cannot retrieve the public link of the file. You may need to change
	the permission to 'Anyone with the link', or have had many accesses.
	Check FAQ in https://github.com/wkentaro/gdown?tab=readme-ov-file#faq.

You may still be able to access the file from the browser:

	https://drive.google.com/uc?id=14Kb5SPBk_jfdLZ_CDBNitW98QLDlKR5O

but Gdown can't. Please check connections and permissions.
=== GDOWN no_cookies items_human_ins.json STDERR ===
Failed to retrieve file url:

	Cannot retrieve the public link of the file. You may need to change
	the permission to 'Anyone with the link', or have had many accesses.
	Check FAQ in https://github.com/wkentaro/gdown?tab=readme-ov-file#faq.

You may still be able to access the file from the browser:

	https://drive.google.com/uc?id=14Kb5SPBk_jfdLZ_CDBNitW98QLDlKR5O

but Gdown can't. Please check connections and permissions.
