Channels:
 - pytorch
 - conda-forge
Platform: win-64
Collecting package metadata (repodata.json): ...working... done
Solving environment: ...working... done

## Package Plan ##

  environment location: D:\SoftWare\Anaconda\workspace\.conda\envs\webshop38

  added / updated specs:
    - intel-openmp=2021.4.0
    - mkl=2021.4.0
    - transformers=4.19.2


The following packages will be downloaded:

    package                    |            build
    ---------------------------|-----------------
    fsspec-2024.10.0           |     pyhff2d567_0         132 KB  conda-forge
    huggingface_hub-0.26.5     |     pyhd8ed1ab_0         268 KB  conda-forge
    importlib_metadata-8.5.0   |       hd8ed1ab_1           9 KB  conda-forge
    mkl-2021.4.0               |     h0e2418a_729       181.7 MB  conda-forge
    sacremoses-0.0.53          |     pyhd8ed1ab_0         427 KB  conda-forge
    tokenizers-0.12.1          |   py38h291c280_1         3.1 MB  conda-forge
    transformers-4.19.2        |     pyhd8ed1ab_0         2.0 MB  conda-forge
    ------------------------------------------------------------
                                           Total:       187.6 MB

The following NEW packages will be INSTALLED:

  fsspec             conda-forge/noarch::fsspec-2024.10.0-pyhff2d567_0 
  huggingface_hub    conda-forge/noarch::huggingface_hub-0.26.5-pyhd8ed1ab_0 
  importlib_metadata conda-forge/noarch::importlib_metadata-8.5.0-hd8ed1ab_1 
  sacremoses         conda-forge/noarch::sacremoses-0.0.53-pyhd8ed1ab_0 
  tokenizers         conda-forge/win-64::tokenizers-0.12.1-py38h291c280_1 
  transformers       conda-forge/noarch::transformers-4.19.2-pyhd8ed1ab_0 

The following packages will be DOWNGRADED:

  blas                                            2.135-mkl --> 2.112-mkl 
  blas-devel                          3.9.0-35_h85df5b5_mkl --> 3.9.0-12_win64_mkl 
  intel-openmp                       2024.2.1-h57928b3_1083 --> 2021.4.0-h57928b3_3556 
  libblas                             3.9.0-35_h5709861_mkl --> 3.9.0-12_win64_mkl 
  libcblas                            3.9.0-35_h2a3cdd5_mkl --> 3.9.0-12_win64_mkl 
  liblapack                           3.9.0-35_hf9ab0e9_mkl --> 3.9.0-12_win64_mkl 
  liblapacke                          3.9.0-35_h3ae206f_mkl --> 3.9.0-12_win64_mkl 
  mkl                                  2024.2.2-h66d3029_15 --> 2021.4.0-h0e2418a_729 
  mkl-devel                            2024.2.2-h57928b3_15 --> 2021.4.0-h57928b3_730 
  mkl-include                          2024.2.2-h66d3029_15 --> 2021.4.0-h0e2418a_729 



Downloading and Extracting Packages: ...working... done
Preparing transaction: ...working... done
Verifying transaction: ...working... done
Executing transaction: ...working... done
