WHEEL={"name": "onnxruntime", "version": "1.12.1", "filename": "onnxruntime-1.12.1-cp38-cp38-win_amd64.whl", "url": "https://files.pythonhosted.org/packages/36/84/276c11a89f3625415f4c16b87dcc46dbb6fea8fd6a28276a05d1f6f3fb6f/onnxruntime-1.12.1-cp38-cp38-win_amd64.whl", "bytes": 5816374, "sha256": "f0104e0e8327c8468d646941540af9397b737155dffe078da4bf36da95d1c21e"}
WHEEL={"name": "coloredlogs", "version": "15.0.1", "filename": "coloredlogs-15.0.1-py2.py3-none-any.whl", "url": "https://files.pythonhosted.org/packages/a7/06/3d6badcf13db419e25b07041d9c7b4a2c331d3f4e7134445ec5df57714cd/coloredlogs-15.0.1-py2.py3-none-any.whl", "bytes": 46018, "sha256": "612ee75c546f53e92e70049c9dbfcc18c935a2b9a53b66085ce9ef6a6e5c0934"}
WHEEL={"name": "humanfriendly", "version": "10.0", "filename": "humanfriendly-10.0-py2.py3-none-any.whl", "url": "https://files.pythonhosted.org/packages/f0/0f/310fb31e39e2d734ccaa2c0fb981ee41f7bd5056ce9bc29b2248bd569169/humanfriendly-10.0-py2.py3-none-any.whl", "bytes": 86794, "sha256": "1697e1a8a8f550fd43c2865cd84542fc175a61dcb779b6fee18cf6b6ccba1477"}
WHEEL={"name": "pyreadline3", "version": "3.4.1", "filename": "pyreadline3-3.4.1-py3-none-any.whl", "url": "https://files.pythonhosted.org/packages/56/fc/a3c13ded7b3057680c8ae95a9b6cc83e63657c38e0005c400a5d018a33a7/pyreadline3-3.4.1-py3-none-any.whl", "bytes": 95203, "sha256": "b0efb6516fd4fb07b45949053826a62fa4cb353db5be2bbb4a7aa1fdd1e345fb"}
WHEEL={"name": "flatbuffers", "version": "2.0.7", "filename": "flatbuffers-2.0.7-py2.py3-none-any.whl", "url": "https://files.pythonhosted.org/packages/d7/0d/b5bfb553a6ac66d6ec2b6d7f1e814a908fba7188356ac94bb36ae3d905c3/flatbuffers-2.0.7-py2.py3-none-any.whl", "bytes": 26562, "sha256": "71e135d533be527192819aaab757c5e3d109cb10fbb01e687f6bdb7a61ad39d1"}
WHEEL={"name": "protobuf", "version": "3.20.3", "filename": "protobuf-3.20.3-cp38-cp38-win_amd64.whl", "url": "https://files.pythonhosted.org/packages/32/f8/52f598bceb16fe365f4ef8e957ac8890aeb56abf97d365ff5abd8c1250cf/protobuf-3.20.3-cp38-cp38-win_amd64.whl", "bytes": 904419, "sha256": "447d43819997825d4e71bf5769d869b968ce96848b6479397e29fc24c4a5dfe9"}
WHEEL={"name": "sympy", "version": "1.10.1", "filename": "sympy-1.10.1-py3-none-any.whl", "url": "https://files.pythonhosted.org/packages/d0/04/66be21ceb305c66a4b326b0ae44cc4f027a43bc08cac204b48fb45bb3653/sympy-1.10.1-py3-none-any.whl", "bytes": 6397631, "sha256": "df75d738930f6fe9ebe7034e59d56698f29e85f443f743e51e47df0caccc2130"}
WHEEL={"name": "mpmath", "version": "1.2.1", "filename": "mpmath-1.2.1-py3-none-any.whl", "url": "https://files.pythonhosted.org/packages/d4/cf/3965bddbb4f1a61c49aacae0e78fd1fe36b5dc36c797b31f30cf07dcbbb7/mpmath-1.2.1-py3-none-any.whl", "bytes": 532568, "sha256": "604bc21bd22d2322a177c73bdb573994ef76e62edd595d17e00aff24b0667e5c"}
INSTALL_ARGV=["/mnt/d/SoftWare/Anaconda/install/Scripts/conda.exe", "run", "-n", "webshop38", "python", "-m", "pip", "install", "--isolated", "--no-index", "--no-deps", "D:\\SoftWare\\Anaconda\\workspace\\.conda\\envs\\webshop38\\webshop_bootstrap_cache/onnxruntime-1.12.1-cp38-cp38-win_amd64.whl", "D:\\SoftWare\\Anaconda\\workspace\\.conda\\envs\\webshop38\\webshop_bootstrap_cache/coloredlogs-15.0.1-py2.py3-none-any.whl", "D:\\SoftWare\\Anaconda\\workspace\\.conda\\envs\\webshop38\\webshop_bootstrap_cache/humanfriendly-10.0-py2.py3-none-any.whl", "D:\\SoftWare\\Anaconda\\workspace\\.conda\\envs\\webshop38\\webshop_bootstrap_cache/pyreadline3-3.4.1-py3-none-any.whl", "D:\\SoftWare\\Anaconda\\workspace\\.conda\\envs\\webshop38\\webshop_bootstrap_cache/flatbuffers-2.0.7-py2.py3-none-any.whl", "D:\\SoftWare\\Anaconda\\workspace\\.conda\\envs\\webshop38\\webshop_bootstrap_cache/protobuf-3.20.3-cp38-cp38-win_amd64.whl", "D:\\SoftWare\\Anaconda\\workspace\\.conda\\envs\\webshop38\\webshop_bootstrap_cache/sympy-1.10.1-py3-none-any.whl", "D:\\SoftWare\\Anaconda\\workspace\\.conda\\envs\\webshop38\\webshop_bootstrap_cache/mpmath-1.2.1-py3-none-any.whl"]
INSTALL_EXIT=0
Processing d:\software\anaconda\workspace\.conda\envs\webshop38\webshop_bootstrap_cache\onnxruntime-1.12.1-cp38-cp38-win_amd64.whl
Processing d:\software\anaconda\workspace\.conda\envs\webshop38\webshop_bootstrap_cache\coloredlogs-15.0.1-py2.py3-none-any.whl
Processing d:\software\anaconda\workspace\.conda\envs\webshop38\webshop_bootstrap_cache\humanfriendly-10.0-py2.py3-none-any.whl
Processing d:\software\anaconda\workspace\.conda\envs\webshop38\webshop_bootstrap_cache\pyreadline3-3.4.1-py3-none-any.whl
Processing d:\software\anaconda\workspace\.conda\envs\webshop38\webshop_bootstrap_cache\flatbuffers-2.0.7-py2.py3-none-any.whl
Processing d:\software\anaconda\workspace\.conda\envs\webshop38\webshop_bootstrap_cache\protobuf-3.20.3-cp38-cp38-win_amd64.whl
Processing d:\software\anaconda\workspace\.conda\envs\webshop38\webshop_bootstrap_cache\sympy-1.10.1-py3-none-any.whl
Processing d:\software\anaconda\workspace\.conda\envs\webshop38\webshop_bootstrap_cache\mpmath-1.2.1-py3-none-any.whl
Installing collected packages: pyreadline3, onnxruntime, mpmath, flatbuffers, sympy, protobuf, humanfriendly, coloredlogs
Successfully installed coloredlogs-15.0.1 flatbuffers-2.0.7 humanfriendly-10.0 mpmath-1.2.1 onnxruntime-1.12.1 protobuf-3.20.3 pyreadline3-3.4.1 sympy-1.10.1

PROBE_ARGV=["/mnt/d/SoftWare/Anaconda/install/Scripts/conda.exe", "run", "-n", "webshop38", "python", "-c", "import onnxruntime,faiss,numpy,transformers; from pyserini.search.lucene import LuceneSearcher; print({\"onnxruntime\":onnxruntime.__version__,\"faiss\":faiss.__version__,\"numpy\":numpy.__version__,\"transformers\":transformers.__version__,\"searcher\":LuceneSearcher.__name__})"]
PROBE_EXIT=0
{'onnxruntime': '1.12.1', 'faiss': '1.7.4', 'numpy': '1.23.5', 'transformers': '4.19.2', 'searcher': 'LuceneSearcher'}

