===== COMMAND 1 STDERR =====
===== COMMAND 2 STDERR =====
===== COMMAND 3 STDERR =====
test_build_resources_writes_only_1k_document_file (tests.test_webshop_small_runtime_contract.WebShopSmallRuntimeContractTest.test_build_resources_writes_only_1k_document_file) ... ok
test_checkout_at_wrong_commit_fails (tests.test_webshop_small_runtime_contract.WebShopSmallRuntimeContractTest.test_checkout_at_wrong_commit_fails) ... ok
test_execution_plan_with_buy_now_fails_closed (tests.test_webshop_small_runtime_contract.WebShopSmallRuntimeContractTest.test_execution_plan_with_buy_now_fails_closed) ... ok
test_fallback_switch_is_required (tests.test_webshop_small_runtime_contract.WebShopSmallRuntimeContractTest.test_fallback_switch_is_required) ... ok
test_invalid_staging_is_not_promoted (tests.test_webshop_small_runtime_contract.WebShopSmallRuntimeContractTest.test_invalid_staging_is_not_promoted) ... ok
test_missing_indexes_1k_fails_before_runtime (tests.test_webshop_small_runtime_contract.WebShopSmallRuntimeContractTest.test_missing_indexes_1k_fails_before_runtime) ... ok
test_missing_one_small_data_file_fails (tests.test_webshop_small_runtime_contract.WebShopSmallRuntimeContractTest.test_missing_one_small_data_file_fails) ... ok
test_mutable_main_mirror_url_is_rejected (tests.test_webshop_small_runtime_contract.WebShopSmallRuntimeContractTest.test_mutable_main_mirror_url_is_rejected) ... ok
test_product_count_other_than_1000_fails (tests.test_webshop_small_runtime_contract.WebShopSmallRuntimeContractTest.test_product_count_other_than_1000_fails) ... ok
test_unapproved_repository_or_revision_is_rejected (tests.test_webshop_small_runtime_contract.WebShopSmallRuntimeContractTest.test_unapproved_repository_or_revision_is_rejected) ... ok
test_valid_data_can_be_checked_without_index (tests.test_webshop_small_runtime_contract.WebShopSmallRuntimeContractTest.test_valid_data_can_be_checked_without_index) ... ok
test_valid_fixture_metadata_passes (tests.test_webshop_small_runtime_contract.WebShopSmallRuntimeContractTest.test_valid_fixture_metadata_passes) ... ok
test_valid_pinned_mirror_metadata_passes (tests.test_webshop_small_runtime_contract.WebShopSmallRuntimeContractTest.test_valid_pinned_mirror_metadata_passes) ... ok
test_wrong_bytes_hash_type_or_count_is_rejected (tests.test_webshop_small_runtime_contract.WebShopSmallRuntimeContractTest.test_wrong_bytes_hash_type_or_count_is_rejected) ... ok

----------------------------------------------------------------------
Ran 14 tests in 0.245s

OK
===== COMMAND 4 STDERR =====
Warning: Gym version v0.24.0 has a number of critical issues with `gym.make` such that the `reset` and `step` functions are called before returning the environment. It is recommend to downgrading to v0.23.1 or upgrading to v0.25.1
D:\SoftWare\Anaconda\workspace\.conda\envs\webshop38\lib\site-packages\jnius_config.py:72: DeprecationWarning: pkg_resources is deprecated as an API. See https://setuptools.pypa.io/en/latest/pkg_resources.html
  from pkg_resources import resource_filename
D:\SoftWare\Anaconda\workspace\.conda\envs\webshop38\lib\site-packages\pkg_resources\__init__.py:3154: DeprecationWarning: Deprecated call to `pkg_resources.declare_namespace('google')`.
Implementing implicit namespace packages (as specified in PEP 420) is preferred to `pkg_resources.declare_namespace`. See https://setuptools.pypa.io/en/latest/references/keywords.html#keyword-namespace-packages
  declare_namespace(pkg)

