{
  "task_start_existing_src_count": 57,
  "current_src_count": 58,
  "added_src": [
    "src/agentic_payment_experiment/authoritative_trace_consumer.py"
  ],
  "preexisting_src_unchanged": true,
  "new_source_sha256": "6ad65118a4ab50e648e4f6098f6c2c5009ce5731232ae0a4e11d2f60c0c431b5",
  "core_hashes": {
    "src/agentic_payment_experiment/authoritative_trace.py": "07c7341b62440ea22a6fb22daa2e5e8b48163bc70ba534ac9cb065ffb001414a",
    "src/agentic_payment_experiment/webshop_trace_assembler.py": "02d73682ec949d7a37be4e3824e614795f069efc26aafe2377ea18e7c69f70c8",
    "src/agentic_payment_experiment/attack_overlay.py": "8fc4200f7d6eb871860897e2117d9c3eea0590643294acff684733186fb5968c",
    "samples/evaluation/project_impact_baseline_v1.json": "e7a1d338ece0c65c6417ce58384e8dc9eb2dc29b2e37ad461cf92b9deb9b89c0",
    "scripts/validation/run_project_impact_baseline.py": "70bf2142c303c01c6fb3270fb364c46bc220b821c5e554fa2e6af3355dc57dd3"
  },
  "accepted_trace_hashes": {
    "T01": "7c47cb15b6dcc687f35ac158eae556979ad05520ec7f36f8511a4bcf13e66906",
    "T02": "fb1a79d73931f3e0bb87eafeffdaffe4004add137998d107ea425554605be624",
    "T03": "7f0e1ccb14cc9256c5c336fb460647ce040bf0549a3328764c061c7b766c92a7",
    "T04": "405e6b8971f9f5e3ad67069ace074df15af4fee6f80418a70466315dcd642c33",
    "T09": "a596f5f35697a878286b85b8e37792aeee34ab7c0800b27739bc91382032310e",
    "T10": "2b97fd1f81001086d4793bf21fd0dbe3ed950643e6d9e5031e18510fb7c99fb3",
    "T12": "ebb38113abb2582d52f434b1a1b30247cc68ee8f4b57c0c18f52efa37bb1c230"
  },
  "static_consumer_audit": {
    "imported_modules": [
      "__future__",
      "authoritative_trace",
      "dataclasses",
      "enum",
      "typing"
    ],
    "forbidden_family_literals": false,
    "forbidden_business_calls": false
  }
}
RESULT=PASS
