HEAD=71a3acbbd9622b68a8064381b9034e07c1f4d700
CURRENT
7:task_id: P9-PRODUCT-AUTHORITATIVE-TRACE-MINIMUM-CONTRACT-REPAIR-V1
8:task_kind: repair
9:state: EXECUTING
10:current_role: Executor
13:project_map_revision: 2026-08-04-r5
14:active_bottleneck_id: B-03
15:hypothesis_id: H-03
20:authorization_commit: false
21:authorization_push: false
22:authorization_history_rewrite: false
23:authorization_api_call: false
24:authorization_network_call: false
25:authorization_data_download: false
26:authorization_dependency_install: false
27:authorization_create_environment: false
28:authorization_webshop_runtime_execution: false
29:authorization_buy_now_execution: false
30:authorization_payment_or_order_side_effect: false
STATUS
 M CURRENT.md
 M docs/01_项目现状/PROJECT_BOTTLENECK_MAP.md
 M docs/04_验证体系/项目级能力评测基线_v1.md
 M scripts/validation/run_project_impact_baseline.py
 M src/agentic_payment_experiment/__init__.py
 M src/agentic_payment_experiment/trusted_execution/__init__.py
 M src/agentic_payment_experiment/webshop_runtime_gate.py
 M tests/test_project_impact_baseline.py
 M tests/test_webshop_runtime_gate.py
?? docs/03_架构设计/产品权威轨迹最小合同_v1.md
?? docs/04_验证体系/产品权威轨迹12项覆盖映射_v1.md
?? docs/05_任务交接/P9_KNOWN_PAYMENT_ATTEMPT_PREFLIGHT_CAPABILITY_REVALIDATION_V1/
?? docs/05_任务交接/P9_KNOWN_PAYMENT_ATTEMPT_PREFLIGHT_GATE_V1/REPORT.md
?? docs/05_任务交接/P9_KNOWN_PAYMENT_ATTEMPT_PREFLIGHT_GATE_V1/REVIEW.md
?? docs/05_任务交接/P9_KNOWN_PAYMENT_ATTEMPT_PREFLIGHT_GATE_V1/evidence/
?? docs/05_任务交接/P9_KNOWN_PAYMENT_ATTEMPT_PREFLIGHT_UNRELATED_MALFORMED_REPAIR_V1/
?? docs/05_任务交接/P9_PRODUCT_AUTHORITATIVE_TRACE_MINIMUM_CONTRACT_REPAIR_V1/
?? docs/05_任务交接/P9_PRODUCT_AUTHORITATIVE_TRACE_MINIMUM_CONTRACT_V1/
?? samples/evaluation/project_impact_t10_preflight_target_v1.json
?? src/agentic_payment_experiment/trusted_execution/known_payment_attempt.py
?? tests/trusted_execution/test_known_payment_attempt.py
