frozen_measurement_boundaries=PASS
preexisting_src_unchanged_except_attack_overlay=True
new_src_files=src/agentic_payment_experiment/attack_overlay_trace_profiles.py,src/agentic_payment_experiment/attack_overlay_trace_toolkit.py
other_10_actual_outputs_equal_accepted_repair=True
T07_T08_only_trace_and_evidence_stage_changed=True
non_trace_projection_sha256=6eb5bca0c0aba10ac75eff3cf5d12ceed015b71d974d685dfa96b7e91e9099dc
T01_trace_sha256=7c47cb15b6dcc687f35ac158eae556979ad05520ec7f36f8511a4bcf13e66906
T02_trace_sha256=fb1a79d73931f3e0bb87eafeffdaffe4004add137998d107ea425554605be624
T03_trace_sha256=7f0e1ccb14cc9256c5c336fb460647ce040bf0549a3328764c061c7b766c92a7
T04_trace_sha256=405e6b8971f9f5e3ad67069ace074df15af4fee6f80418a70466315dcd642c33
T09_trace_sha256=a596f5f35697a878286b85b8e37792aeee34ab7c0800b27739bc91382032310e
T10_trace_sha256=2b97fd1f81001086d4793bf21fd0dbe3ed950643e6d9e5031e18510fb7c99fb3
T12_trace_sha256=ebb38113abb2582d52f434b1a1b30247cc68ee8f4b57c0c18f52efa37bb1c230
fixed_profile_count=2
attack_overlay_family_builder_calls=1
toolkit_assemble_product_trace_calls=1
toolkit_business_reexecution_calls=0
dedicated_T07_T08_builders=False
dynamic_profile_loader=False
product_trace=9/12:0.750000
gesr=8/12:0.666667
valid_product_tasks=T01,T02,T03,T04,T07,T08,T09,T10,T12
absent_product_tasks=T05,T06,T11
normalized_sha256=fd0abca4e121187ce8ad3d172c2653d53ea06609870c20dfe70dc627ebecd647
RESULT=PASS
