frozen_measurement_boundaries=PASS
src_delta_exact=attack_overlay.py+2_family_files
src_python_file_count=57
other_10_actual_outputs_unchanged=True
T07_T08_only_trace_fields_plus_authoritative_stage_changed=True
non_trace_projection_sha256=6eb5bca0c0aba10ac75eff3cf5d12ceed015b71d974d685dfa96b7e91e9099dc
product_trace=9/12:0.750000
gesr=8/12:0.666667
valid_product_tasks=T01,T02,T03,T04,T07,T08,T09,T10,T12
absent_product_tasks=T05,T06,T11
T01_trace_sha256=7c47cb15b6dcc687f35ac158eae556979ad05520ec7f36f8511a4bcf13e66906
T02_trace_sha256=fb1a79d73931f3e0bb87eafeffdaffe4004add137998d107ea425554605be624
T03_trace_sha256=7f0e1ccb14cc9256c5c336fb460647ce040bf0549a3328764c061c7b766c92a7
T04_trace_sha256=405e6b8971f9f5e3ad67069ace074df15af4fee6f80418a70466315dcd642c33
T09_trace_sha256=a596f5f35697a878286b85b8e37792aeee34ab7c0800b27739bc91382032310e
T10_trace_sha256=2b97fd1f81001086d4793bf21fd0dbe3ed950643e6d9e5031e18510fb7c99fb3
T12_trace_sha256=ebb38113abb2582d52f434b1a1b30247cc68ee8f4b57c0c18f52efa37bb1c230
T07_renamed_case_trace_sha256=27c549a198c8774f5da345a95c78c73725fd54d876d9e19eb205ab937f17a7ea
T08_renamed_case_trace_sha256=fedf3f03591c34e2133e29624d62858bdb88ecc60d2129cf6808e7aff6962650
T07_T08_registry_valid_and_id_independent=True
family_single_path_static_guardrail=PASS
RESULT=PASS
