{
  "baseline": "979ffc505bec0b626858d0d186f655867b5491bf",
  "protected_file_count": 130,
  "total_checks": 10,
  "passed": 10,
  "failed": 0,
  "checks": [
    {
      "name": "head-equals-baseline",
      "passed": true,
      "detail": "979ffc505bec0b626858d0d186f655867b5491bf"
    },
    {
      "name": "protected-list-readable",
      "passed": true,
      "detail": {
        "count": 130,
        "stderr": ""
      }
    },
    {
      "name": "protected-files-unchanged",
      "passed": true,
      "detail": {
        "missing": [],
        "changed": []
      }
    },
    {
      "name": "protected-no-untracked",
      "passed": true,
      "detail": []
    },
    {
      "name": "protected-git-diff-empty",
      "passed": true,
      "detail": []
    },
    {
      "name": "no-product-authoritative-trace-producer",
      "passed": true,
      "detail": []
    },
    {
      "name": "measurement-adapter-contract-not-created",
      "passed": true,
      "detail": []
    },
    {
      "name": "t10-capability-contract-not-created",
      "passed": true,
      "detail": []
    },
    {
      "name": "router-stays-executing-executor",
      "passed": true,
      "detail": {
        "state": "EXECUTING",
        "role": "Executor"
      }
    },
    {
      "name": "all-side-effect-authorizations-false",
      "passed": true,
      "detail": "CURRENT authorization block"
    }
  ]
}
