branch=main
head=b4eff597ebffe79c575522b91642f82b26ad5247
git_status_short_begin
 M CURRENT.md
 M "docs/01_\351\241\271\347\233\256\347\216\260\347\212\266/PROJECT_BOTTLENECK_MAP.md"
 M "docs/03_\346\236\266\346\236\204\350\256\276\350\256\241/\344\272\247\345\223\201\346\235\203\345\250\201\350\275\250\350\277\271\346\234\200\345\260\217\345\220\210\345\220\214_v1.md"
 M "docs/04_\351\252\214\350\257\201\344\275\223\347\263\273/\344\272\247\345\223\201\346\235\203\345\250\201\350\275\250\350\277\27112\351\241\271\350\246\206\347\233\226\346\230\240\345\260\204_v1.md"
 M "docs/05_\344\273\273\345\212\241\344\272\244\346\216\245/P9_PRODUCT_AUTHORITATIVE_TRACE_MINIMUM_CONTRACT_REPAIR_V1/MEASUREMENT_ADAPTER.md"
 M "docs/05_\344\273\273\345\212\241\344\272\244\346\216\245/P9_PRODUCT_AUTHORITATIVE_TRACE_MINIMUM_CONTRACT_V1/NEXT_SLICE.md"
 M "docs/reference/\346\231\272\350\203\275\344\275\223\346\224\257\344\273\230\344\272\247\344\270\232\345\212\250\346\200\201\346\240\270\351\252\214\344\270\216\345\244\226\351\203\250\346\265\213\350\257\225\350\267\257\347\272\277_20260801.md"
 M scripts/validation/run_project_impact_baseline.py
 M src/agentic_payment_experiment/webshop_payment_sidecar.py
 M src/agentic_payment_experiment/webshop_runtime_gate.py
 M tests/test_project_impact_baseline.py
 M tests/test_webshop_payment_sidecar.py
 M tests/test_webshop_runtime_gate.py
?? "docs/05_\344\273\273\345\212\241\344\272\244\346\216\245/P9_PRODUCT_AUTHORITATIVE_TRACE_ASSEMBLER_EXTRACTION_V1/"
?? "docs/05_\344\273\273\345\212\241\344\272\244\346\216\245/P9_PRODUCT_AUTHORITATIVE_TRACE_MEASUREMENT_ADAPTER_V1/"
?? "docs/05_\344\273\273\345\212\241\344\272\244\346\216\245/P9_PRODUCT_AUTHORITATIVE_TRACE_MINIMUM_CONTRACT_REPAIR_V1/REVIEW.md"
?? "docs/05_\344\273\273\345\212\241\344\272\244\346\216\245/P9_PRODUCT_AUTHORITATIVE_TRACE_MINIMUM_CONTRACT_REPAIR_V1/evidence/RV-EV-01-initial.meta.json"
?? "docs/05_\344\273\273\345\212\241\344\272\244\346\216\245/P9_PRODUCT_AUTHORITATIVE_TRACE_MINIMUM_CONTRACT_REPAIR_V1/evidence/RV-EV-01-initial.stderr.log"
?? "docs/05_\344\273\273\345\212\241\344\272\244\346\216\245/P9_PRODUCT_AUTHORITATIVE_TRACE_MINIMUM_CONTRACT_REPAIR_V1/evidence/RV-EV-01-initial.stdout.log"
?? "docs/05_\344\273\273\345\212\241\344\272\244\346\216\245/P9_PRODUCT_AUTHORITATIVE_TRACE_MINIMUM_CONTRACT_REPAIR_V1/evidence/RV-EV-01-review-check.py"
?? "docs/05_\344\273\273\345\212\241\344\272\244\346\216\245/P9_PRODUCT_AUTHORITATIVE_TRACE_MINIMUM_CONTRACT_REPAIR_V1/evidence/RV-EV-01.meta.json"
?? "docs/05_\344\273\273\345\212\241\344\272\244\346\216\245/P9_PRODUCT_AUTHORITATIVE_TRACE_MINIMUM_CONTRACT_REPAIR_V1/evidence/RV-EV-01.stderr.log"
?? "docs/05_\344\273\273\345\212\241\344\272\244\346\216\245/P9_PRODUCT_AUTHORITATIVE_TRACE_MINIMUM_CONTRACT_REPAIR_V1/evidence/RV-EV-01.stdout.log"
?? "docs/05_\344\273\273\345\212\241\344\272\244\346\216\245/P9_PRODUCT_AUTHORITATIVE_TRACE_MINIMUM_CONTRACT_REPAIR_V1/evidence/RV-EV-02.meta.json"
?? "docs/05_\344\273\273\345\212\241\344\272\244\346\216\245/P9_PRODUCT_AUTHORITATIVE_TRACE_MINIMUM_CONTRACT_REPAIR_V1/evidence/RV-EV-02.stderr.log"
?? "docs/05_\344\273\273\345\212\241\344\272\244\346\216\245/P9_PRODUCT_AUTHORITATIVE_TRACE_MINIMUM_CONTRACT_REPAIR_V1/evidence/RV-EV-02.stdout.log"
?? "docs/05_\344\273\273\345\212\241\344\272\244\346\216\245/P9_PRODUCT_AUTHORITATIVE_TRACE_MINIMUM_CONTRACT_REPAIR_V1/evidence/RV-EV-03-source-resolution-check.py"
?? "docs/05_\344\273\273\345\212\241\344\272\244\346\216\245/P9_PRODUCT_AUTHORITATIVE_TRACE_MINIMUM_CONTRACT_REPAIR_V1/evidence/RV-EV-03.meta.json"
?? "docs/05_\344\273\273\345\212\241\344\272\244\346\216\245/P9_PRODUCT_AUTHORITATIVE_TRACE_MINIMUM_CONTRACT_REPAIR_V1/evidence/RV-EV-03.stderr.log"
?? "docs/05_\344\273\273\345\212\241\344\272\244\346\216\245/P9_PRODUCT_AUTHORITATIVE_TRACE_MINIMUM_CONTRACT_REPAIR_V1/evidence/RV-EV-03.stdout.log"
?? "docs/05_\344\273\273\345\212\241\344\272\244\346\216\245/P9_PRODUCT_AUTHORITATIVE_TRACE_MINIMUM_CONTRACT_REPAIR_V1/evidence/RV-EV-04-t10-profile-consistency-check.py"
?? "docs/05_\344\273\273\345\212\241\344\272\244\346\216\245/P9_PRODUCT_AUTHORITATIVE_TRACE_MINIMUM_CONTRACT_REPAIR_V1/evidence/RV-EV-04.meta.json"
?? "docs/05_\344\273\273\345\212\241\344\272\244\346\216\245/P9_PRODUCT_AUTHORITATIVE_TRACE_MINIMUM_CONTRACT_REPAIR_V1/evidence/RV-EV-04.stderr.log"
?? "docs/05_\344\273\273\345\212\241\344\272\244\346\216\245/P9_PRODUCT_AUTHORITATIVE_TRACE_MINIMUM_CONTRACT_REPAIR_V1/evidence/RV-EV-04.stdout.log"
?? "docs/05_\344\273\273\345\212\241\344\272\244\346\216\245/P9_PRODUCT_AUTHORITATIVE_TRACE_PROJECTION_IDENTITY_FORMULA_REPAIR_V1/"
?? "docs/05_\344\273\273\345\212\241\344\272\244\346\216\245/P9_PRODUCT_AUTHORITATIVE_TRACE_PROVENANCE_DIAGNOSTIC_REPAIR_V1/"
?? "docs/05_\344\273\273\345\212\241\344\272\244\346\216\245/P9_PRODUCT_AUTHORITATIVE_TRACE_REFERENCE_MODEL_GROUNDING_REPAIR_V1/"
?? "docs/05_\344\273\273\345\212\241\344\272\244\346\216\245/P9_PRODUCT_AUTHORITATIVE_TRACE_SOURCE_BINDING_CONTRACT_REPAIR_V1/"
?? "docs/05_\344\273\273\345\212\241\344\272\244\346\216\245/P9_PRODUCT_AUTHORITATIVE_TRACE_T01_HAPPY_PATH_SLICE_V1/"
?? "docs/05_\344\273\273\345\212\241\344\272\244\346\216\245/P9_PRODUCT_AUTHORITATIVE_TRACE_T10_DUPLICATE_PREFLIGHT_SLICE_V1/"
?? src/agentic_payment_experiment/authoritative_trace.py
?? src/agentic_payment_experiment/webshop_authoritative_trace.py
?? src/agentic_payment_experiment/webshop_happy_path_authoritative_trace.py
?? src/agentic_payment_experiment/webshop_trace_assembler.py
?? tests/test_authoritative_trace.py
?? tests/test_webshop_authoritative_trace.py
?? tests/test_webshop_trace_assembler.py
git_status_short_end
saved_snapshot=docs/05_任务交接/P9_PRODUCT_AUTHORITATIVE_TRACE_ASSEMBLER_EXTRACTION_V1/evidence/EV-06-task-snapshot.txt
saved_snapshot_bytes=77174
saved_snapshot_sha256=c0976318d6c8419d55e42aa2d17512de56973a9c52084be61dea4b6114c18731
task_file_hashes_begin
bce09b71e0e2d44e7017baf8be4f0d297801c7a8ee010132201865a062be8de4  CURRENT.md
725a6f55d061976f7217ba28b74ff15fce2f83adcc383350113e4eed6c550ed7  src/agentic_payment_experiment/webshop_trace_assembler.py
9653277777d06ce8d2c65862765ec57c17874a9d311d2c5c9c117993a0feeac8  src/agentic_payment_experiment/webshop_authoritative_trace.py
0914030118e47419e27cf964e851ef7307fb62ee6608e477592b7fdbd6d61ce1  src/agentic_payment_experiment/webshop_happy_path_authoritative_trace.py
4b7c71b086a12eacabcb18ba6fa863150dd5b4f85cab92cd096087c8e9468e50  tests/test_webshop_trace_assembler.py
cfc09a7bb59cb78e16ff051e787b58cb88432895862c602400f9b9cfc60805d2  docs/05_任务交接/P9_PRODUCT_AUTHORITATIVE_TRACE_ASSEMBLER_EXTRACTION_V1/CONTRACT.md
task_file_hashes_end
RESULT=PASS
