test_acp_path_and_neutral_path_produce_identical_s09_result (test_acp_adapter.ACPOrderAdapterTest.test_acp_path_and_neutral_path_produce_identical_s09_result) ... ok
test_bridge_fields_and_unverified_boundaries_remain_explicit (test_acp_adapter.ACPOrderAdapterTest.test_bridge_fields_and_unverified_boundaries_remain_explicit) ... ok
test_maps_fixed_acp_checkout_pair_to_exact_s09_neutral_orders (test_acp_adapter.ACPOrderAdapterTest.test_maps_fixed_acp_checkout_pair_to_exact_s09_neutral_orders) ... ok
test_refuses_to_invent_missing_checkout_objects (test_acp_adapter.ACPOrderAdapterTest.test_refuses_to_invent_missing_checkout_objects) ... ok
test_maps_snapshot_without_installing_ap2_sdk (test_ap2_adapter.AP2AdapterTest.test_maps_snapshot_without_installing_ap2_sdk) ... ok
test_refuses_to_invent_missing_protocol_objects (test_ap2_adapter.AP2AdapterTest.test_refuses_to_invent_missing_protocol_objects) ... ok
test_human_not_present_with_preauthorization_and_trigger_allows (test_ap2_flow_adapter.AP2FlowAdapterTest.test_human_not_present_with_preauthorization_and_trigger_allows) ... ok
test_human_not_present_without_preauthorization_is_indeterminate (test_ap2_flow_adapter.AP2FlowAdapterTest.test_human_not_present_without_preauthorization_is_indeterminate) ... ok
test_human_present_confirmed_cart_maps_to_neutral_models_and_allows (test_ap2_flow_adapter.AP2FlowAdapterTest.test_human_present_confirmed_cart_maps_to_neutral_models_and_allows) ... ok
test_human_present_without_user_authorization_requires_confirmation (test_ap2_flow_adapter.AP2FlowAdapterTest.test_human_present_without_user_authorization_requires_confirmation) ... ok
test_payment_mandate_must_bind_to_cart_payment_details (test_ap2_flow_adapter.AP2FlowAdapterTest.test_payment_mandate_must_bind_to_cart_payment_details) ... ok
test_cli_runs_hp_and_hnp_offline_fixtures (test_ap2_flow_entrypoint.AP2FlowEntrypointTest.test_cli_runs_hp_and_hnp_offline_fixtures) ... ok
test_amount_override_exposes_structured_untrusted_lineage (test_attack_overlay.AttackOverlayTest.test_amount_override_exposes_structured_untrusted_lineage) ... ok
test_benign_overlay_has_no_lineage_facts_and_preserves_policy_result (test_attack_overlay.AttackOverlayTest.test_benign_overlay_has_no_lineage_facts_and_preserves_policy_result) ... ok
test_benign_untrusted_content_does_not_create_false_alarm (test_attack_overlay.AttackOverlayTest.test_benign_untrusted_content_does_not_create_false_alarm) ... ok
test_first_suite_contains_benign_and_attack_cases (test_attack_overlay.AttackOverlayTest.test_first_suite_contains_benign_and_attack_cases) ... ok
test_float_override_preserves_policy_and_gets_stable_lineage_digest (test_attack_overlay.AttackOverlayTest.test_float_override_preserves_policy_and_gets_stable_lineage_digest) ... ok
test_overlay_consumer_calls_shared_lineage_resolver (test_attack_overlay.AttackOverlayTest.test_overlay_consumer_calls_shared_lineage_resolver) ... ok
test_suite_policy_projection_is_unchanged_and_report_adds_lineage_only (test_attack_overlay.AttackOverlayTest.test_suite_policy_projection_is_unchanged_and_report_adds_lineage_only) ... ok
test_unknown_override_root_is_rejected (test_attack_overlay.AttackOverlayTest.test_unknown_override_root_is_rejected) ... ok
test_untrusted_override_cannot_change_payment_amount (test_attack_overlay.AttackOverlayTest.test_untrusted_override_cannot_change_payment_amount) ... ok
test_untrusted_override_cannot_swap_merchant_or_agent (test_attack_overlay.AttackOverlayTest.test_untrusted_override_cannot_swap_merchant_or_agent) ... ok
test_cli_runs_attack_overlay_v1_and_writes_report (test_attack_overlay_entrypoint.AttackOverlayEntrypointTest.test_cli_runs_attack_overlay_v1_and_writes_report) ... ok
test_cli_help_uses_stable_current_scenario_set_wording (test_entrypoint.EntrypointTest.test_cli_help_uses_stable_current_scenario_set_wording) ... ok
test_run_experiment_entrypoint (test_entrypoint.EntrypointTest.test_run_experiment_entrypoint) ... ok
test_run_experiment_fails_when_internal_baseline_drifts (test_entrypoint.EntrypointTest.test_run_experiment_fails_when_internal_baseline_drifts) ... ok
test_allow_when_confirmation_expected_misses_confirmation (test_evaluator.EvaluatorTest.test_allow_when_confirmation_expected_misses_confirmation) ... ok
test_allow_when_deny_expected_is_unsafe_allow (test_evaluator.EvaluatorTest.test_allow_when_deny_expected_is_unsafe_allow) ... ok
test_alternative_safe_decision_is_accepted (test_evaluator.EvaluatorTest.test_alternative_safe_decision_is_accepted) ... ok
test_deny_when_allow_expected_is_false_refusal (test_evaluator.EvaluatorTest.test_deny_when_allow_expected_is_false_refusal) ... ok
test_determinate_answer_when_indeterminate_expected_is_overconfident (test_evaluator.EvaluatorTest.test_determinate_answer_when_indeterminate_expected_is_overconfident) ... ok
test_forbidden_side_effect_fails_even_when_decision_is_correct (test_evaluator.EvaluatorTest.test_forbidden_side_effect_fails_even_when_decision_is_correct) ... ok
test_matching_decision_without_forbidden_effects_passes (test_evaluator.EvaluatorTest.test_matching_decision_without_forbidden_effects_passes) ... ok
test_catalog_covers_all_current_scenarios_with_small_field_sets (test_interactive_lab.InteractiveLabTest.test_catalog_covers_all_current_scenarios_with_small_field_sets) ... ok
test_core_pre_payment_inputs_are_recomputed (test_interactive_lab.InteractiveLabTest.test_core_pre_payment_inputs_are_recomputed) ... ok
test_lifecycle_inputs_are_recomputed (test_interactive_lab.InteractiveLabTest.test_lifecycle_inputs_are_recomputed) ... ok
test_local_http_api_recomputes_s13 (test_interactive_lab.InteractiveLabTest.test_local_http_api_recomputes_s13) ... ok
test_matrix_projection_moves_with_recomputed_result (test_interactive_lab.InteractiveLabTest.test_matrix_projection_moves_with_recomputed_result) ... ok
test_s09_price_edit_keeps_simple_order_consistent (test_interactive_lab.InteractiveLabTest.test_s09_price_edit_keeps_simple_order_consistent) ... ok
test_s12_recovery_changes_with_status_idempotency_and_attempts (test_interactive_lab.InteractiveLabTest.test_s12_recovery_changes_with_status_idempotency_and_attempts) ... ok
test_unknown_override_is_rejected (test_interactive_lab.InteractiveLabTest.test_unknown_override_is_rejected) ... ok
test_overview_exposes_capability_first_navigation (test_lab_overview.LabOverviewTest.test_overview_exposes_capability_first_navigation) ... ok
test_overview_normalizes_four_validation_modules (test_lab_overview.LabOverviewTest.test_overview_normalizes_four_validation_modules) ... ok
test_runner_renders_business_capability_navigation_ui (test_lab_overview.LabOverviewTest.test_runner_renders_business_capability_navigation_ui) ... ok
test_binding_mismatch_is_unknown_not_success (test_lifecycle.LifecycleTest.test_binding_mismatch_is_unknown_not_success) ... ok
test_missing_p2_reference_fails_closed_before_lifecycle_success (test_lifecycle.LifecycleTest.test_missing_p2_reference_fails_closed_before_lifecycle_success) ... ok
test_payment_failed_does_not_mark_task_successful (test_lifecycle.LifecycleTest.test_payment_failed_does_not_mark_task_successful) ... ok
test_s10_preserves_linked_evidence_for_later_remediation (test_lifecycle.LifecycleTest.test_s10_preserves_linked_evidence_for_later_remediation) ... ok
test_s10_separates_prepayment_allow_from_failed_user_task (test_lifecycle.LifecycleTest.test_s10_separates_prepayment_allow_from_failed_user_task) ... ok
test_successful_payment_and_successful_fulfillment_complete_task (test_lifecycle.LifecycleTest.test_successful_payment_and_successful_fulfillment_complete_task) ... ok
test_added_and_removed_products_change_item_set (test_order_validation.OrderValidationTest.test_added_and_removed_products_change_item_set) ... ok
test_added_product_is_not_misclassified_as_addon (test_order_validation.OrderValidationTest.test_added_product_is_not_misclassified_as_addon) ... ok
test_aggregates_multiple_out_of_scope_items (test_order_validation.OrderValidationTest.test_aggregates_multiple_out_of_scope_items) ... ok
test_aggregates_same_layer_binding_failures_without_business_differences (test_order_validation.OrderValidationTest.test_aggregates_same_layer_binding_failures_without_business_differences) ... ok
test_detects_duplicate_item_id_in_either_snapshot (test_order_validation.OrderValidationTest.test_detects_duplicate_item_id_in_either_snapshot) ... ok
test_each_comparability_failure_is_indeterminate (test_order_validation.OrderValidationTest.test_each_comparability_failure_is_indeterminate) ... ok
test_each_same_item_field_change_requires_confirmation (test_order_validation.OrderValidationTest.test_each_same_item_field_change_requires_confirmation) ... ok
test_exact_same_snapshot_has_valid_binding_fact (test_order_validation.OrderValidationTest.test_exact_same_snapshot_has_valid_binding_fact) ... ok
test_final_item_category_out_of_scope_is_denied (test_order_validation.OrderValidationTest.test_final_item_category_out_of_scope_is_denied) ... ok
test_hard_boundary_wins_while_reliable_differences_are_retained (test_order_validation.OrderValidationTest.test_hard_boundary_wins_while_reliable_differences_are_retained) ... ok
test_missing_either_snapshot_is_indeterminate (test_order_validation.OrderValidationTest.test_missing_either_snapshot_is_indeterminate) ... ok
test_multiple_material_changes_are_aggregated_in_stable_order (test_order_validation.OrderValidationTest.test_multiple_material_changes_are_aggregated_in_stable_order) ... ok
test_name_comparison_strips_only_outer_whitespace (test_order_validation.OrderValidationTest.test_name_comparison_strips_only_outer_whitespace) ... ok
test_non_material_changes_do_not_trigger_confirmation (test_order_validation.OrderValidationTest.test_non_material_changes_do_not_trigger_confirmation) ... ok
test_non_product_addon_has_deterministic_addon_code (test_order_validation.OrderValidationTest.test_non_product_addon_has_deterministic_addon_code) ... ok
test_payee_change_alone_is_indeterminate_without_business_differences (test_order_validation.OrderValidationTest.test_payee_change_alone_is_indeterminate_without_business_differences) ... ok
test_payee_change_and_duplicate_item_ids_are_structural (test_order_validation.OrderValidationTest.test_payee_change_and_duplicate_item_ids_are_structural) ... ok
test_quote_equal_to_request_time_is_not_expired (test_order_validation.OrderValidationTest.test_quote_equal_to_request_time_is_not_expired) ... ok
test_service_terms_and_quote_expiry_require_confirmation (test_order_validation.OrderValidationTest.test_service_terms_and_quote_expiry_require_confirmation) ... ok
test_total_increase_and_decrease_require_confirmation (test_order_validation.OrderValidationTest.test_total_increase_and_decrease_require_confirmation) ... ok
test_version_only_binding_mismatch_does_not_change_payment_decision (test_order_validation.OrderValidationTest.test_version_only_binding_mismatch_does_not_change_payment_decision) ... ok
test_a1_trap_accepts_ask_or_refuse_and_rejects_purchase (test_paybench_challenges.PayBenchChallengeTest.test_a1_trap_accepts_ask_or_refuse_and_rejects_purchase) ... ok
test_batch_summary_separates_unsafe_proceed_from_refused_when_safe (test_paybench_challenges.PayBenchChallengeTest.test_batch_summary_separates_unsafe_proceed_from_refused_when_safe) ... ok
test_d1_purchase_fails_when_optional_personal_data_is_disclosed (test_paybench_challenges.PayBenchChallengeTest.test_d1_purchase_fails_when_optional_personal_data_is_disclosed) ... ok
test_external_attempt_file_produces_separate_machine_readable_report (test_paybench_challenges.PayBenchChallengeTest.test_external_attempt_file_produces_separate_machine_readable_report) ... ok
test_loads_five_trap_lookalike_pairs_from_pinned_source (test_paybench_challenges.PayBenchChallengeTest.test_loads_five_trap_lookalike_pairs_from_pinned_source) ... ok
test_current_rules_execute_eight_and_leave_only_privacy_gap (test_paybench_current_system.PayBenchCurrentSystemTest.test_current_rules_execute_eight_and_leave_only_privacy_gap) ... ok
test_supported_traps_use_existing_rules_instead_of_answer_key_echo (test_paybench_current_system.PayBenchCurrentSystemTest.test_supported_traps_use_existing_rules_instead_of_answer_key_echo) ... ok
test_cli_can_run_current_rules_and_report_partial_coverage (test_paybench_entrypoint.PayBenchEntrypointTest.test_cli_can_run_current_rules_and_report_partial_coverage) ... ok
test_cli_scores_external_attempts_without_touching_internal_suite (test_paybench_entrypoint.PayBenchEntrypointTest.test_cli_scores_external_attempts_without_touching_internal_suite) ... ok
test_conflicting_observation_is_blocked_and_non_terminal (test_payment_finality.PaymentQueryFinalityTest.test_conflicting_observation_is_blocked_and_non_terminal) ... ok
test_invalid_binding_is_blocked_and_non_terminal (test_payment_finality.PaymentQueryFinalityTest.test_invalid_binding_is_blocked_and_non_terminal) ... ok
test_s12_query_confirmed_is_payment_terminal_only (test_payment_finality.PaymentQueryFinalityTest.test_s12_query_confirmed_is_payment_terminal_only) ... ok
test_serialization_is_deterministic (test_payment_finality.PaymentQueryFinalityTest.test_serialization_is_deterministic) ... ok
test_trusted_failed_query_is_payment_terminal_only (test_payment_finality.PaymentQueryFinalityTest.test_trusted_failed_query_is_payment_terminal_only) ... ok
test_unknown_and_pending_queries_are_non_final (test_payment_finality.PaymentQueryFinalityTest.test_unknown_and_pending_queries_are_non_final) ... ok
test_unknown_input_fails_closed (test_payment_finality.PaymentQueryFinalityTest.test_unknown_input_fails_closed) ... ok
test_conflicting_failed_observation_cannot_override_known_success (test_payment_recovery.PaymentRecoveryTest.test_conflicting_failed_observation_cannot_override_known_success) ... ok
test_existing_successful_attempt_for_same_request_blocks_retry (test_payment_recovery.PaymentRecoveryTest.test_existing_successful_attempt_for_same_request_blocks_retry) ... ok
test_existing_unknown_or_pending_attempt_for_same_request_blocks_retry (test_payment_recovery.PaymentRecoveryTest.test_existing_unknown_or_pending_attempt_for_same_request_blocks_retry) ... ok
test_failed_observation_without_idempotency_boundary_is_blocked (test_payment_recovery.PaymentRecoveryTest.test_failed_observation_without_idempotency_boundary_is_blocked) ... ok
test_invalid_p2_binding_blocks_status_recovery (test_payment_recovery.PaymentRecoveryTest.test_invalid_p2_binding_blocks_status_recovery) ... ok
test_missing_provider_or_order_blocks_original_transaction_recovery (test_payment_recovery.PaymentRecoveryTest.test_missing_provider_or_order_blocks_original_transaction_recovery) ... ok
test_pending_to_pending_forbids_retry (test_payment_recovery.PaymentRecoveryTest.test_pending_to_pending_forbids_retry) ... ok
test_status_observation_binding_errors_are_blocked (test_payment_recovery.PaymentRecoveryTest.test_status_observation_binding_errors_are_blocked) ... ok
test_unknown_to_failed_is_only_a_safe_retry_candidate (test_payment_recovery.PaymentRecoveryTest.test_unknown_to_failed_is_only_a_safe_retry_candidate) ... ok
test_unknown_to_succeeded_recovers_original_payment_and_forbids_retry (test_payment_recovery.PaymentRecoveryTest.test_unknown_to_succeeded_recovers_original_payment_and_forbids_retry) ... ok
test_unknown_to_unknown_forbids_retry_and_remains_unresolved (test_payment_recovery.PaymentRecoveryTest.test_unknown_to_unknown_forbids_retry_and_remains_unresolved) ... ok
test_equal_time_disagreement_is_conflict (test_payment_status_conflict.PaymentStatusConflictFactTest.test_equal_time_disagreement_is_conflict) ... ok
test_invalid_binding_and_reference_fail_closed (test_payment_status_conflict.PaymentStatusConflictFactTest.test_invalid_binding_and_reference_fail_closed) ... ok
test_invalid_enum_is_blocked_instead_of_coerced (test_payment_status_conflict.PaymentStatusConflictFactTest.test_invalid_enum_is_blocked_instead_of_coerced) ... ok
test_matching_terminal_observations_are_consistent_and_terminal (test_payment_status_conflict.PaymentStatusConflictFactTest.test_matching_terminal_observations_are_consistent_and_terminal) ... ok
test_observation_before_execution_is_blocked (test_payment_status_conflict.PaymentStatusConflictFactTest.test_observation_before_execution_is_blocked) ... ok
test_opposite_terminal_claims_conflict_in_both_channel_orders (test_payment_status_conflict.PaymentStatusConflictFactTest.test_opposite_terminal_claims_conflict_in_both_channel_orders) ... ok
test_pending_to_succeeded_is_monotonic_terminal_confirmation (test_payment_status_conflict.PaymentStatusConflictFactTest.test_pending_to_succeeded_is_monotonic_terminal_confirmation) ... ok
test_serialization_is_deterministic_primitive_only_and_narrow (test_payment_status_conflict.PaymentStatusConflictFactTest.test_serialization_is_deterministic_primitive_only_and_narrow) ... ok
test_terminal_to_unresolved_regression_is_conflict (test_payment_status_conflict.PaymentStatusConflictFactTest.test_terminal_to_unresolved_regression_is_conflict) ... ok
test_unknown_to_failed_is_monotonic_terminal_confirmation (test_payment_status_conflict.PaymentStatusConflictFactTest.test_unknown_to_failed_is_monotonic_terminal_confirmation) ... ok
test_unresolved_observations_remain_non_terminal (test_payment_status_conflict.PaymentStatusConflictFactTest.test_unresolved_observations_remain_non_terminal) ... ok
test_all_base_and_order_reason_codes_have_chinese_mappings (test_presentation.PresentationTest.test_all_base_and_order_reason_codes_have_chinese_mappings) ... ok
test_all_scenarios_keep_machine_fields_and_add_learning_content (test_presentation.PresentationTest.test_all_scenarios_keep_machine_fields_and_add_learning_content) ... ok
test_all_scenarios_share_the_same_unified_view_contract (test_presentation.PresentationTest.test_all_scenarios_share_the_same_unified_view_contract) ... ok
test_currency_early_return_marks_later_checks_indeterminate (test_presentation.PresentationTest.test_currency_early_return_marks_later_checks_indeterminate) ... ok
test_dynamic_item_field_path_is_a_chinese_breadcrumb (test_presentation.PresentationTest.test_dynamic_item_field_path_is_a_chinese_breadcrumb) ... ok
test_each_lifecycle_stage_exposes_trusted_execution_side_branch (test_presentation.PresentationTest.test_each_lifecycle_stage_exposes_trusted_execution_side_branch) ... ok
test_expired_quote_is_presented_as_time_boundary_comparison (test_presentation.PresentationTest.test_expired_quote_is_presented_as_time_boundary_comparison) ... ok
test_four_decisions_have_complete_chinese_presentations (test_presentation.PresentationTest.test_four_decisions_have_complete_chinese_presentations) ... ok
test_generated_html_has_required_sections_and_no_remote_resources (test_presentation.PresentationTest.test_generated_html_has_required_sections_and_no_remote_resources) ... ok
test_html_template_only_renders_unified_checks_in_javascript (test_presentation.PresentationTest.test_html_template_only_renders_unified_checks_in_javascript) ... ok
test_html_uses_lifecycle_as_the_single_teaching_entry (test_presentation.PresentationTest.test_html_uses_lifecycle_as_the_single_teaching_entry) ... ok
test_key_scenarios_explain_risk_through_the_same_sections (test_presentation.PresentationTest.test_key_scenarios_explain_risk_through_the_same_sections) ... ok
test_key_scenarios_map_to_lifecycle_exception_matrix (test_presentation.PresentationTest.test_key_scenarios_map_to_lifecycle_exception_matrix) ... ok
test_lifecycle_teaching_view_exposes_matrix_coordinates (test_presentation.PresentationTest.test_lifecycle_teaching_view_exposes_matrix_coordinates) ... ok
test_lifecycle_teaching_view_uses_one_fixed_l1_to_l9_contract (test_presentation.PresentationTest.test_lifecycle_teaching_view_uses_one_fixed_l1_to_l9_contract) ... ok
test_protocol_mapping_is_shown_only_when_runtime_adapter_trace_exists (test_presentation.PresentationTest.test_protocol_mapping_is_shown_only_when_runtime_adapter_trace_exists) ... ok
test_r1_does_not_regress_existing_scenario_check_states (test_presentation.PresentationTest.test_r1_does_not_regress_existing_scenario_check_states) ... ok
test_required_field_early_return_marks_later_checks_indeterminate (test_presentation.PresentationTest.test_required_field_early_return_marks_later_checks_indeterminate) ... ok
test_s01_to_s08_keep_order_slots_as_not_applicable (test_presentation.PresentationTest.test_s01_to_s08_keep_order_slots_as_not_applicable) ... ok
test_s01_to_s08_without_order_objects_mark_l3_not_participating (test_presentation.PresentationTest.test_s01_to_s08_without_order_objects_mark_l3_not_participating) ... ok
test_s09_learning_variants_keep_lifecycle_card_in_sync_with_backend_result (test_presentation.PresentationTest.test_s09_learning_variants_keep_lifecycle_card_in_sync_with_backend_result) ... ok
test_s09_presents_two_differences_from_machine_contract (test_presentation.PresentationTest.test_s09_presents_two_differences_from_machine_contract) ... ok
test_s09_trusted_execution_branch_shows_runtime_binding_integration (test_presentation.PresentationTest.test_s09_trusted_execution_branch_shows_runtime_binding_integration) ... ok
test_s09_variants_also_refresh_the_unified_view (test_presentation.PresentationTest.test_s09_variants_also_refresh_the_unified_view) ... ok
test_s10_result_panel_separates_payment_fulfillment_and_task_statuses (test_presentation.PresentationTest.test_s10_result_panel_separates_payment_fulfillment_and_task_statuses) ... ok
test_s11_lifecycle_view_separates_failed_task_from_resolved_remediation (test_presentation.PresentationTest.test_s11_lifecycle_view_separates_failed_task_from_resolved_remediation) ... ok
test_s12_lifecycle_view_shows_unknown_execution_then_recovered_payment_state (test_presentation.PresentationTest.test_s12_lifecycle_view_shows_unknown_execution_then_recovered_payment_state) ... ok
test_s12_trusted_execution_branch_shows_runtime_execution_facts (test_presentation.PresentationTest.test_s12_trusted_execution_branch_shows_runtime_execution_facts) ... ok
test_s13_declared_identity_binding_is_not_presented_as_authentication (test_presentation.PresentationTest.test_s13_declared_identity_binding_is_not_presented_as_authentication) ... ok
test_script_end_tag_in_data_is_escaped (test_presentation.PresentationTest.test_script_end_tag_in_data_is_escaped) ... ok
test_seven_variants_equal_direct_validator_results (test_presentation.PresentationTest.test_seven_variants_equal_direct_validator_results) ... ok
test_ui_layer_does_not_create_reverse_dependency_in_business_rules (test_presentation.PresentationTest.test_ui_layer_does_not_create_reverse_dependency_in_business_rules) ... ok
test_unknown_reason_has_safe_fallback (test_presentation.PresentationTest.test_unknown_reason_has_safe_fallback) ... ok
test_cli_exits_zero_with_honestly_reported_capability_gaps (test_project_impact_baseline.ProjectImpactBaselineTest.test_cli_exits_zero_with_honestly_reported_capability_gaps) ... ok
test_corrected_baseline_records_all_twelve_product_trace_gaps (test_project_impact_baseline.ProjectImpactBaselineTest.test_corrected_baseline_records_all_twelve_product_trace_gaps) ... ok
test_external_regressions_remain_separate_guardrails (test_project_impact_baseline.ProjectImpactBaselineTest.test_external_regressions_remain_separate_guardrails) ... ok
test_fixture_v1_1_freezes_t01_t12_and_measurement_integrity_fields (test_project_impact_baseline.ProjectImpactBaselineTest.test_fixture_v1_1_freezes_t01_t12_and_measurement_integrity_fields) ... ok
test_invalid_fixture_fails_before_measurement (test_project_impact_baseline.ProjectImpactBaselineTest.test_invalid_fixture_fails_before_measurement) ... ok
test_main_metric_and_guardrails_match_hand_calculation (test_project_impact_baseline.ProjectImpactBaselineTest.test_main_metric_and_guardrails_match_hand_calculation) ... ok
test_repeat_three_has_identical_normalized_results (test_project_impact_baseline.ProjectImpactBaselineTest.test_repeat_three_has_identical_normalized_results) ... ok
test_report_is_machine_readable_and_records_corrected_measurement (test_project_impact_baseline.ProjectImpactBaselineTest.test_report_is_machine_readable_and_records_corrected_measurement) ... ok
test_runner_static_boundary_has_no_product_patch_or_trace_laundering (test_project_impact_baseline.ProjectImpactBaselineTest.test_runner_static_boundary_has_no_product_patch_or_trace_laundering) ... ok
test_synthesized_replay_is_valid_diagnostic_but_never_product_trace (test_project_impact_baseline.ProjectImpactBaselineTest.test_synthesized_replay_is_valid_diagnostic_but_never_product_trace) ... ok
test_t01_t07_t10_t12_hand_spot_checks (test_project_impact_baseline.ProjectImpactBaselineTest.test_t01_t07_t10_t12_hand_spot_checks) ... ok
test_t10_actual_duplicate_callback_is_preserved_as_capability_gap (test_project_impact_baseline.ProjectImpactBaselineTest.test_t10_actual_duplicate_callback_is_preserved_as_capability_gap) ... ok
test_t10_fixture_requires_zero_callback_and_preserves_business_goal (test_project_impact_baseline.ProjectImpactBaselineTest.test_t10_fixture_requires_zero_callback_and_preserves_business_goal) ... ok
test_trace_expectation_tamper_does_not_change_actual_provenance (test_project_impact_baseline.ProjectImpactBaselineTest.test_trace_expectation_tamper_does_not_change_actual_provenance) ... ok
test_zero_tolerance_side_effect_metric_is_independent_of_expected_callback (test_project_impact_baseline.ProjectImpactBaselineTest.test_zero_tolerance_side_effect_metric_is_independent_of_expected_callback) ... ok
test_behavior_change_reports_exact_scenario_and_field (test_regression_baseline.RegressionBaselineTest.test_behavior_change_reports_exact_scenario_and_field) ... ok
test_current_scenarios_match_frozen_internal_baseline (test_regression_baseline.RegressionBaselineTest.test_current_scenarios_match_frozen_internal_baseline) ... ok
test_presentation_only_change_is_not_part_of_behavior_snapshot (test_regression_baseline.RegressionBaselineTest.test_presentation_only_change_is_not_part_of_behavior_snapshot) ... ok
test_dispute_binding_errors_never_resolve_remediation (test_remediation.RemediationTest.test_dispute_binding_errors_never_resolve_remediation) ... ok
test_full_refund_resolves_economic_remediation_but_not_original_task (test_remediation.RemediationTest.test_full_refund_resolves_economic_remediation_but_not_original_task) ... ok
test_missing_original_transaction_references_never_resolve_refund_or_dispute (test_remediation.RemediationTest.test_missing_original_transaction_references_never_resolve_refund_or_dispute) ... ok
test_open_or_under_review_dispute_stays_in_progress (test_remediation.RemediationTest.test_open_or_under_review_dispute_stays_in_progress) ... ok
test_refund_binding_errors_never_resolve_remediation (test_remediation.RemediationTest.test_refund_binding_errors_never_resolve_remediation) ... ok
test_resolved_dispute_without_outcome_does_not_resolve_economic_remediation (test_remediation.RemediationTest.test_resolved_dispute_without_outcome_does_not_resolve_economic_remediation) ... ok
test_successful_partial_refund_does_not_resolve_remediation (test_remediation.RemediationTest.test_successful_partial_refund_does_not_resolve_remediation) ... ok
test_loads_thirteen_fixed_scenarios (test_runner.ScenarioRunnerTest.test_loads_thirteen_fixed_scenarios) ... ok
test_runner_generates_interactive_ap2_workbench (test_runner.ScenarioRunnerTest.test_runner_generates_interactive_ap2_workbench) ... ok
test_s12_result_card_catches_forbidden_second_payment_attempt (test_runner.ScenarioRunnerTest.test_s12_result_card_catches_forbidden_second_payment_attempt) ... ok
test_allows_request_within_mandate (test_validator.ValidatorTest.test_allows_request_within_mandate) ... ok
test_allows_unchanged_order_with_matching_binding (test_validator.ValidatorTest.test_allows_unchanged_order_with_matching_binding) ... ok
test_authority_version_change_requires_new_confirmation (test_validator.ValidatorTest.test_authority_version_change_requires_new_confirmation) ... ok
test_confirmation_binding_fact_is_consumed_before_payment (test_validator.ValidatorTest.test_confirmation_binding_fact_is_consumed_before_payment) ... ok
test_denies_count_exceeded (test_validator.ValidatorTest.test_denies_count_exceeded) ... ok
test_denies_declared_agent_mismatch_using_trusted_binding_fact (test_validator.ValidatorTest.test_denies_declared_agent_mismatch_using_trusted_binding_fact) ... ok
test_denies_duplicate_request (test_validator.ValidatorTest.test_denies_duplicate_request) ... ok
test_denies_expired_mandate (test_validator.ValidatorTest.test_denies_expired_mandate) ... ok
test_denies_out_of_scope_category (test_validator.ValidatorTest.test_denies_out_of_scope_category) ... ok
test_denies_out_of_scope_merchant (test_validator.ValidatorTest.test_denies_out_of_scope_merchant) ... ok
test_denies_over_hard_limit (test_validator.ValidatorTest.test_denies_over_hard_limit) ... ok
test_matching_declared_agent_reference_is_not_claimed_as_authentication (test_validator.ValidatorTest.test_matching_declared_agent_reference_is_not_claimed_as_authentication) ... ok
test_missing_confirmation_record_fails_closed_for_versioned_order (test_validator.ValidatorTest.test_missing_confirmation_record_fails_closed_for_versioned_order) ... ok
test_rejects_authorized_order_for_another_mandate (test_validator.ValidatorTest.test_rejects_authorized_order_for_another_mandate) ... ok
test_rejects_authorized_order_for_another_merchant (test_validator.ValidatorTest.test_rejects_authorized_order_for_another_merchant) ... ok
test_rejects_authorized_order_in_another_currency (test_validator.ValidatorTest.test_rejects_authorized_order_in_another_currency) ... ok
test_requires_confirmation_above_threshold (test_validator.ValidatorTest.test_requires_confirmation_above_threshold) ... ok
test_requires_confirmation_when_final_order_total_changes (test_validator.ValidatorTest.test_requires_confirmation_when_final_order_total_changes) ... ok
test_returns_indeterminate_for_currency_mismatch (test_validator.ValidatorTest.test_returns_indeterminate_for_currency_mismatch) ... ok
test_same_confirmed_content_with_new_order_label_remains_valid (test_validator.ValidatorTest.test_same_confirmed_content_with_new_order_label_remains_valid) ... ok
test_adapter_performs_no_file_network_environment_or_process_action (test_webshop_adapter.WebShopAdapterTest.test_adapter_performs_no_file_network_environment_or_process_action) ... ok
test_binding_mismatch_discards_both_neutral_objects (test_webshop_adapter.WebShopAdapterTest.test_binding_mismatch_discards_both_neutral_objects) ... ok
test_buy_now_availability_execution_and_action_sequence_are_gated (test_webshop_adapter.WebShopAdapterTest.test_buy_now_availability_execution_and_action_sequence_are_gated) ... ok
test_export_helper_reproduces_the_committed_single_item_fixture (test_webshop_adapter.WebShopAdapterTest.test_export_helper_reproduces_the_committed_single_item_fixture) ... ok
test_fixture_is_minimal_traceable_and_preserves_unrelated_facts (test_webshop_adapter.WebShopAdapterTest.test_fixture_is_minimal_traceable_and_preserves_unrelated_facts) ... ok
test_happy_path_maps_to_existing_neutral_order_and_request (test_webshop_adapter.WebShopAdapterTest.test_happy_path_maps_to_existing_neutral_order_and_request) ... ok
test_ids_decimal_total_and_order_request_bindings_are_deterministic (test_webshop_adapter.WebShopAdapterTest.test_ids_decimal_total_and_order_request_bindings_are_deterministic) ... ok
test_malformed_nonpositive_or_non_string_prices_fail_closed (test_webshop_adapter.WebShopAdapterTest.test_malformed_nonpositive_or_non_string_prices_fail_closed) ... ok
test_missing_or_empty_instruction_fails_closed (test_webshop_adapter.WebShopAdapterTest.test_missing_or_empty_instruction_fails_closed) ... ok
test_missing_product_currency_and_context_bridge_fields_fail_closed (test_webshop_adapter.WebShopAdapterTest.test_missing_product_currency_and_context_bridge_fields_fail_closed) ... ok
test_non_mapping_input_fails_closed (test_webshop_adapter.WebShopAdapterTest.test_non_mapping_input_fails_closed) ... ok
test_result_is_immutable_and_equal_for_repeated_adaptation (test_webshop_adapter.WebShopAdapterTest.test_result_is_immutable_and_equal_for_repeated_adaptation) ... ok
test_selected_options_are_preserved_in_sorted_metadata_and_item_name (test_webshop_adapter.WebShopAdapterTest.test_selected_options_are_preserved_in_sorted_metadata_and_item_name) ... ok
test_selected_options_field_is_required_but_empty_mapping_is_allowed (test_webshop_adapter.WebShopAdapterTest.test_selected_options_field_is_required_but_empty_mapping_is_allowed) ... ok
test_semantic_separation_limitations_are_explicit (test_webshop_adapter.WebShopAdapterTest.test_semantic_separation_limitations_are_explicit) ... ok
test_static_import_and_side_effect_boundary (test_webshop_adapter.WebShopAdapterTest.test_static_import_and_side_effect_boundary) ... ok
test_total_must_equal_quantity_times_decimal_unit_price (test_webshop_adapter.WebShopAdapterTest.test_total_must_equal_quantity_times_decimal_unit_price) ... ok
test_unknown_top_level_fields_are_reported_not_trusted (test_webshop_adapter.WebShopAdapterTest.test_unknown_top_level_fields_are_reported_not_trusted) ... ok
test_wrong_commit_missing_or_mutable_provenance_fails_closed (test_webshop_adapter.WebShopAdapterTest.test_wrong_commit_missing_or_mutable_provenance_fails_closed) ... ok
test_zero_negative_noninteger_or_boolean_quantity_fails_closed (test_webshop_adapter.WebShopAdapterTest.test_zero_negative_noninteger_or_boolean_quantity_fails_closed) ... ok
test_adapter_amount_mismatch_fails_closed (test_webshop_payment_sidecar.WebShopPaymentSidecarTest.test_adapter_amount_mismatch_fails_closed) ... ok
test_adapter_currency_mismatch_fails_closed (test_webshop_payment_sidecar.WebShopPaymentSidecarTest.test_adapter_currency_mismatch_fails_closed) ... ok
test_adapter_request_id_mismatch_fails_closed (test_webshop_payment_sidecar.WebShopPaymentSidecarTest.test_adapter_request_id_mismatch_fails_closed) ... ok
test_async_only_bound_observation_is_supported_without_retry (test_webshop_payment_sidecar.WebShopPaymentSidecarTest.test_async_only_bound_observation_is_supported_without_retry) ... ok
test_duplicate_successful_attempt_blocks_retry (test_webshop_payment_sidecar.WebShopPaymentSidecarTest.test_duplicate_successful_attempt_blocks_retry) ... ok
test_failed_payment_never_becomes_task_success (test_webshop_payment_sidecar.WebShopPaymentSidecarTest.test_failed_payment_never_becomes_task_success) ... ok
test_fulfillment_binding_mismatch_fails_closed (test_webshop_payment_sidecar.WebShopPaymentSidecarTest.test_fulfillment_binding_mismatch_fails_closed) ... ok
test_full_canonical_adapter_gate_projection_passes (test_webshop_payment_sidecar.WebShopPaymentSidecarTest.test_full_canonical_adapter_gate_projection_passes) ... ok
test_gate_and_explicit_input_prerequisite_matrix_fails_closed (test_webshop_payment_sidecar.WebShopPaymentSidecarTest.test_gate_and_explicit_input_prerequisite_matrix_fails_closed) ... ok
test_inputs_are_immutable_and_effective_status_uses_a_copy (test_webshop_payment_sidecar.WebShopPaymentSidecarTest.test_inputs_are_immutable_and_effective_status_uses_a_copy) ... ok
test_missing_idempotency_boundary_never_allows_retry (test_webshop_payment_sidecar.WebShopPaymentSidecarTest.test_missing_idempotency_boundary_never_allows_retry) ... ok
test_no_query_known_attempts_never_create_retry_candidate (test_webshop_payment_sidecar.WebShopPaymentSidecarTest.test_no_query_known_attempts_never_create_retry_candidate) ... ok
test_no_query_related_successful_attempt_blocks_duplicate_payment (test_webshop_payment_sidecar.WebShopPaymentSidecarTest.test_no_query_related_successful_attempt_blocks_duplicate_payment) ... ok
test_no_query_related_unknown_and_pending_attempts_block_duplicate_payment (test_webshop_payment_sidecar.WebShopPaymentSidecarTest.test_no_query_related_unknown_and_pending_attempts_block_duplicate_payment) ... ok
test_no_query_unrelated_attempt_does_not_set_duplicate_block (test_webshop_payment_sidecar.WebShopPaymentSidecarTest.test_no_query_unrelated_attempt_does_not_set_duplicate_block) ... ok
test_payment_binding_mismatch_fails_closed (test_webshop_payment_sidecar.WebShopPaymentSidecarTest.test_payment_binding_mismatch_fails_closed) ... ok
test_payment_success_and_fulfillment_failure_require_remediation (test_webshop_payment_sidecar.WebShopPaymentSidecarTest.test_payment_success_and_fulfillment_failure_require_remediation) ... ok
test_payment_success_and_fulfillment_success_complete_user_task (test_webshop_payment_sidecar.WebShopPaymentSidecarTest.test_payment_success_and_fulfillment_success_complete_user_task) ... ok
test_payment_success_and_pending_fulfillment_remain_pending (test_webshop_payment_sidecar.WebShopPaymentSidecarTest.test_payment_success_and_pending_fulfillment_remain_pending) ... ok
test_pending_query_remains_unresolved_and_never_retries (test_webshop_payment_sidecar.WebShopPaymentSidecarTest.test_pending_query_remains_unresolved_and_never_retries) ... ok
test_production_sidecar_has_no_file_network_process_environment_or_callback_action (test_webshop_payment_sidecar.WebShopPaymentSidecarTest.test_production_sidecar_has_no_file_network_process_environment_or_callback_action) ... ok
test_public_api_is_exported (test_webshop_payment_sidecar.WebShopPaymentSidecarTest.test_public_api_is_exported) ... ok
test_query_async_monotonic_confirmation_can_drive_lifecycle (test_webshop_payment_sidecar.WebShopPaymentSidecarTest.test_query_async_monotonic_confirmation_can_drive_lifecycle) ... ok
test_query_async_terminal_conflict_never_implies_success (test_webshop_payment_sidecar.WebShopPaymentSidecarTest.test_query_async_terminal_conflict_never_implies_success) ... ok
test_query_binding_mismatch_blocks_recovery_and_success (test_webshop_payment_sidecar.WebShopPaymentSidecarTest.test_query_binding_mismatch_blocks_recovery_and_success) ... ok
test_terminal_failed_can_be_offline_retry_candidate_without_execution (test_webshop_payment_sidecar.WebShopPaymentSidecarTest.test_terminal_failed_can_be_offline_retry_candidate_without_execution) ... ok
test_to_dict_is_deterministic_and_primitive_only (test_webshop_payment_sidecar.WebShopPaymentSidecarTest.test_to_dict_is_deterministic_and_primitive_only) ... ok
test_trusted_query_recovers_unknown_payment_to_succeeded (test_webshop_payment_sidecar.WebShopPaymentSidecarTest.test_trusted_query_recovers_unknown_payment_to_succeeded) ... ok
test_unresolved_parallel_attempt_blocks_retry (test_webshop_payment_sidecar.WebShopPaymentSidecarTest.test_unresolved_parallel_attempt_blocks_retry) ... ok
test_authorized_and_current_snapshot_inputs_remain_immutable (test_webshop_runtime_gate.WebShopRuntimeGateTest.test_authorized_and_current_snapshot_inputs_remain_immutable) ... ok
test_authorized_snapshot_api_is_keyword_only (test_webshop_runtime_gate.WebShopRuntimeGateTest.test_authorized_snapshot_api_is_keyword_only) ... ok
test_callback_exception_is_one_attempt_no_retry_and_no_false_success (test_webshop_runtime_gate.WebShopRuntimeGateTest.test_callback_exception_is_one_attempt_no_retry_and_no_false_success) ... ok
test_confirmation_required_and_indeterminate_preserve_zero_callbacks (test_webshop_runtime_gate.WebShopRuntimeGateTest.test_confirmation_required_and_indeterminate_preserve_zero_callbacks) ... ok
test_duplicate_request_is_denied_before_runtime_gate (test_webshop_runtime_gate.WebShopRuntimeGateTest.test_duplicate_request_is_denied_before_runtime_gate) ... ok
test_every_mandatory_explicit_input_is_required (test_webshop_runtime_gate.WebShopRuntimeGateTest.test_every_mandatory_explicit_input_is_required) ... ok
test_explicit_unchanged_snapshot_still_enforces_p2_p3_and_p4 (test_webshop_runtime_gate.WebShopRuntimeGateTest.test_explicit_unchanged_snapshot_still_enforces_p2_p3_and_p4) ... ok
test_gate_reuses_validate_request_without_duplicate_order_state_machine (test_webshop_runtime_gate.WebShopRuntimeGateTest.test_gate_reuses_validate_request_without_duplicate_order_state_machine) ... ok
test_governed_action_and_all_gate_inputs_remain_immutable (test_webshop_runtime_gate.WebShopRuntimeGateTest.test_governed_action_and_all_gate_inputs_remain_immutable) ... ok
test_governed_action_api_is_keyword_only_and_optional (test_webshop_runtime_gate.WebShopRuntimeGateTest.test_governed_action_api_is_keyword_only_and_optional) ... ok
test_governed_action_context_action_mismatch_stops_before_p4 (test_webshop_runtime_gate.WebShopRuntimeGateTest.test_governed_action_context_action_mismatch_stops_before_p4) ... ok
test_hard_snapshot_changes_preserve_existing_fail_closed_decisions (test_webshop_runtime_gate.WebShopRuntimeGateTest.test_hard_snapshot_changes_preserve_existing_fail_closed_decisions) ... ok
test_incomplete_authorized_snapshot_fails_closed (test_webshop_runtime_gate.WebShopRuntimeGateTest.test_incomplete_authorized_snapshot_fails_closed) ... ok
test_invalid_governed_action_is_denied_and_never_reconstructed (test_webshop_runtime_gate.WebShopRuntimeGateTest.test_invalid_governed_action_is_denied_and_never_reconstructed) ... ok
test_invalid_governed_action_outer_types_are_denied_without_exception (test_webshop_runtime_gate.WebShopRuntimeGateTest.test_invalid_governed_action_outer_types_are_denied_without_exception) ... ok
test_machine_readable_anomaly_matrix_matches_all_expected_decisions (test_webshop_runtime_gate.WebShopRuntimeGateTest.test_machine_readable_anomaly_matrix_matches_all_expected_decisions) ... ok
test_missing_governed_action_evidence_is_indeterminate_before_callback (test_webshop_runtime_gate.WebShopRuntimeGateTest.test_missing_governed_action_evidence_is_indeterminate_before_callback) ... ok
test_not_ready_adaptation_and_blank_declared_agent_fail_closed (test_webshop_runtime_gate.WebShopRuntimeGateTest.test_not_ready_adaptation_and_blank_declared_agent_fail_closed) ... ok
test_optional_authorized_snapshot_is_backward_compatible (test_webshop_runtime_gate.WebShopRuntimeGateTest.test_optional_authorized_snapshot_is_backward_compatible) ... ok
test_p2_request_order_authority_agent_payee_amount_currency_mismatches_block (test_webshop_runtime_gate.WebShopRuntimeGateTest.test_p2_request_order_authority_agent_payee_amount_currency_mismatches_block) ... ok
test_p3_missing_and_mismatched_executor_identity_block (test_webshop_runtime_gate.WebShopRuntimeGateTest.test_p3_missing_and_mismatched_executor_identity_block) ... ok
test_p4_missing_invalid_stale_and_value_mismatched_coverage_block (test_webshop_runtime_gate.WebShopRuntimeGateTest.test_p4_missing_invalid_stale_and_value_mismatched_coverage_block) ... ok
test_permissive_explicit_mandate_allows_one_injected_callback (test_webshop_runtime_gate.WebShopRuntimeGateTest.test_permissive_explicit_mandate_allows_one_injected_callback) ... ok
test_pre_payment_amount_currency_merchant_category_expiry_and_count_fail_closed (test_webshop_runtime_gate.WebShopRuntimeGateTest.test_pre_payment_amount_currency_merchant_category_expiry_and_count_fail_closed) ... ok
test_production_gate_has_no_file_network_process_environment_or_webshop_dependency (test_webshop_runtime_gate.WebShopRuntimeGateTest.test_production_gate_has_no_file_network_process_environment_or_webshop_dependency) ... ok
test_public_api_is_exported_from_package_root (test_webshop_runtime_gate.WebShopRuntimeGateTest.test_public_api_is_exported_from_package_root) ... ok
test_restrictive_instruction_like_mandate_denies_console_table (test_webshop_runtime_gate.WebShopRuntimeGateTest.test_restrictive_instruction_like_mandate_denies_console_table) ... ok
test_same_inputs_are_deterministic_except_callback_observation (test_webshop_runtime_gate.WebShopRuntimeGateTest.test_same_inputs_are_deterministic_except_callback_observation) ... ok
test_snapshot_changes_reuse_order_validation_and_require_confirmation (test_webshop_runtime_gate.WebShopRuntimeGateTest.test_snapshot_changes_reuse_order_validation_and_require_confirmation) ... ok
test_valid_governed_action_continues_through_p2_p4_and_one_callback (test_webshop_runtime_gate.WebShopRuntimeGateTest.test_valid_governed_action_continues_through_p2_p4_and_one_callback) ... ok
test_valid_governed_action_does_not_replace_p1_p2_p3_or_p4 (test_webshop_runtime_gate.WebShopRuntimeGateTest.test_valid_governed_action_does_not_replace_p1_p2_p3_or_p4) ... ok
test_build_resources_writes_only_1k_document_file (test_webshop_small_runtime_contract.WebShopSmallRuntimeContractTest.test_build_resources_writes_only_1k_document_file) ... ok
test_checkout_at_wrong_commit_fails (test_webshop_small_runtime_contract.WebShopSmallRuntimeContractTest.test_checkout_at_wrong_commit_fails) ... ok
test_execution_plan_with_buy_now_fails_closed (test_webshop_small_runtime_contract.WebShopSmallRuntimeContractTest.test_execution_plan_with_buy_now_fails_closed) ... ok
test_fallback_switch_is_required (test_webshop_small_runtime_contract.WebShopSmallRuntimeContractTest.test_fallback_switch_is_required) ... ok
test_invalid_staging_is_not_promoted (test_webshop_small_runtime_contract.WebShopSmallRuntimeContractTest.test_invalid_staging_is_not_promoted) ... ok
test_missing_indexes_1k_fails_before_runtime (test_webshop_small_runtime_contract.WebShopSmallRuntimeContractTest.test_missing_indexes_1k_fails_before_runtime) ... ok
test_missing_one_small_data_file_fails (test_webshop_small_runtime_contract.WebShopSmallRuntimeContractTest.test_missing_one_small_data_file_fails) ... ok
test_mutable_main_mirror_url_is_rejected (test_webshop_small_runtime_contract.WebShopSmallRuntimeContractTest.test_mutable_main_mirror_url_is_rejected) ... ok
test_product_count_other_than_1000_fails (test_webshop_small_runtime_contract.WebShopSmallRuntimeContractTest.test_product_count_other_than_1000_fails) ... ok
test_unapproved_repository_or_revision_is_rejected (test_webshop_small_runtime_contract.WebShopSmallRuntimeContractTest.test_unapproved_repository_or_revision_is_rejected) ... ok
test_valid_data_can_be_checked_without_index (test_webshop_small_runtime_contract.WebShopSmallRuntimeContractTest.test_valid_data_can_be_checked_without_index) ... ok
test_valid_fixture_metadata_passes (test_webshop_small_runtime_contract.WebShopSmallRuntimeContractTest.test_valid_fixture_metadata_passes) ... ok
test_valid_pinned_mirror_metadata_passes (test_webshop_small_runtime_contract.WebShopSmallRuntimeContractTest.test_valid_pinned_mirror_metadata_passes) ... ok
test_wrong_bytes_hash_type_or_count_is_rejected (test_webshop_small_runtime_contract.WebShopSmallRuntimeContractTest.test_wrong_bytes_hash_type_or_count_is_rejected) ... ok
test_actual_pinned_checkout_passes (test_webshop_upstream_contract.WebShopUpstreamContractTest.test_actual_pinned_checkout_passes) ... ok
test_changed_end_button_fails (test_webshop_upstream_contract.WebShopUpstreamContractTest.test_changed_end_button_fails) ... ok
test_missing_buy_now_to_done_route_fails (test_webshop_upstream_contract.WebShopUpstreamContractTest.test_missing_buy_now_to_done_route_fails) ... ok
test_missing_required_upstream_file_fails (test_webshop_upstream_contract.WebShopUpstreamContractTest.test_missing_required_upstream_file_fails) ... ok
test_missing_text_environment_registration_fails (test_webshop_upstream_contract.WebShopUpstreamContractTest.test_missing_text_environment_registration_fails) ... ok
test_missing_web_agent_text_env_fails_with_source_path (test_webshop_upstream_contract.WebShopUpstreamContractTest.test_missing_web_agent_text_env_fails_with_source_path) ... ok
test_valid_minimal_source_fixture_passes (test_webshop_upstream_contract.WebShopUpstreamContractTest.test_valid_minimal_source_fixture_passes) ... ok
test_wrong_origin_or_commit_fails_closed (test_webshop_upstream_contract.WebShopUpstreamContractTest.test_wrong_origin_or_commit_fails_closed) ... ok
test_adapter_performs_no_network_wallet_signing_or_payment_action (test_x402_adapter.X402AdapterTest.test_adapter_performs_no_network_wallet_signing_or_payment_action) ... ok
test_all_six_valid_fixtures_keep_their_adapter_status (test_x402_adapter.X402AdapterTest.test_all_six_valid_fixtures_keep_their_adapter_status) ... ok
test_contradictory_identifiers_and_digest_are_invalid (test_x402_adapter.X402AdapterTest.test_contradictory_identifiers_and_digest_are_invalid) ... ok
test_fixture_inventory_is_versioned_synthetic_and_bounded (test_x402_adapter.X402AdapterTest.test_fixture_inventory_is_versioned_synthetic_and_bounded) ... ok
test_linked_list_valued_proof_reference_is_rejected_before_mapping (test_x402_adapter.X402AdapterTest.test_linked_list_valued_proof_reference_is_rejected_before_mapping) ... ok
test_mapping_payee_and_numeric_requirement_id_are_rejected (test_x402_adapter.X402AdapterTest.test_mapping_payee_and_numeric_requirement_id_are_rejected) ... ok
test_missing_reference_malformed_type_and_unknown_enum_fail_closed (test_x402_adapter.X402AdapterTest.test_missing_reference_malformed_type_and_unknown_enum_fail_closed) ... ok
test_normal_fixture_maps_to_existing_protocol_neutral_models (test_x402_adapter.X402AdapterTest.test_normal_fixture_maps_to_existing_protocol_neutral_models) ... ok
test_project_context_and_delivery_attempt_references_are_strict_strings (test_x402_adapter.X402AdapterTest.test_project_context_and_delivery_attempt_references_are_strict_strings) ... ok
test_protocol_text_fields_and_optional_failure_code_are_strict_strings (test_x402_adapter.X402AdapterTest.test_protocol_text_fields_and_optional_failure_code_are_strict_strings) ... ok
test_unsupported_scheme_or_network_is_not_silently_coerced (test_x402_adapter.X402AdapterTest.test_unsupported_scheme_or_network_is_not_silently_coerced) ... ok
test_changed_payee_value_rail_and_resource_expose_reason_codes (test_x402_conformance.X402ConformanceTest.test_changed_payee_value_rail_and_resource_expose_reason_codes) ... ok
test_duplicate_proof_has_one_successful_delivery_and_explicit_idempotency_fact (test_x402_conformance.X402ConformanceTest.test_duplicate_proof_has_one_successful_delivery_and_explicit_idempotency_fact) ... ok
test_evidence_answers_the_required_business_questions (test_x402_conformance.X402ConformanceTest.test_evidence_answers_the_required_business_questions) ... ok
test_harness_performs_no_network_or_payment_action (test_x402_conformance.X402ConformanceTest.test_harness_performs_no_network_or_payment_action) ... ok
test_pass_status_is_not_hard_coded_presentation_metadata (test_x402_conformance.X402ConformanceTest.test_pass_status_is_not_hard_coded_presentation_metadata) ... ok
test_report_is_deterministic_closed_and_has_explicit_limitations (test_x402_conformance.X402ConformanceTest.test_report_is_deterministic_closed_and_has_explicit_limitations) ... ok
test_settlement_delivery_and_terminal_conflict_remain_separate (test_x402_conformance.X402ConformanceTest.test_settlement_delivery_and_terminal_conflict_remain_separate) ... ok
test_six_required_cases_are_derived_and_pass (test_x402_conformance.X402ConformanceTest.test_six_required_cases_are_derived_and_pass) ... ok
test_changed_object_is_invalid_without_making_a_business_decision (trusted_execution.test_binding.BindingTests.test_changed_object_is_invalid_without_making_a_business_decision) ... ok
test_expected_digest_is_case_insensitive (trusted_execution.test_binding.BindingTests.test_expected_digest_is_case_insensitive) ... ok
test_malformed_expected_digest_is_missing_evidence (trusted_execution.test_binding.BindingTests.test_malformed_expected_digest_is_missing_evidence) ... ok
test_missing_actual_object_is_missing_evidence (trusted_execution.test_binding.BindingTests.test_missing_actual_object_is_missing_evidence) ... ok
test_missing_expected_digest_is_missing_evidence (trusted_execution.test_binding.BindingTests.test_missing_expected_digest_is_missing_evidence) ... ok
test_noncanonicalizable_actual_object_is_missing_evidence (trusted_execution.test_binding.BindingTests.test_noncanonicalizable_actual_object_is_missing_evidence) ... ok
test_same_canonical_object_is_valid (trusted_execution.test_binding.BindingTests.test_same_canonical_object_is_valid) ... ok
test_unknown_algorithm_is_rejected (trusted_execution.test_binding.BindingTests.test_unknown_algorithm_is_rejected) ... ok
test_expired_confirmation_and_authority_version_change_are_invalid (trusted_execution.test_confirmation.ConfirmationBindingTests.test_expired_confirmation_and_authority_version_change_are_invalid) ... ok
test_inactive_confirmation_cannot_be_reused (trusted_execution.test_confirmation.ConfirmationBindingTests.test_inactive_confirmation_cannot_be_reused) ... ok
test_item_display_order_alone_does_not_invalidate_confirmation (trusted_execution.test_confirmation.ConfirmationBindingTests.test_item_display_order_alone_does_not_invalidate_confirmation) ... ok
test_missing_current_authority_reference_fails_closed (trusted_execution.test_confirmation.ConfirmationBindingTests.test_missing_current_authority_reference_fails_closed) ... ok
test_missing_record_or_current_order_fails_closed (trusted_execution.test_confirmation.ConfirmationBindingTests.test_missing_record_or_current_order_fails_closed) ... ok
test_order_version_label_alone_does_not_replace_content_hash (trusted_execution.test_confirmation.ConfirmationBindingTests.test_order_version_label_alone_does_not_replace_content_hash) ... ok
test_price_change_invalidates_confirmation_and_blocks_callback (trusted_execution.test_confirmation.ConfirmationBindingTests.test_price_change_invalidates_confirmation_and_blocks_callback) ... ok
test_quantity_change_is_explained_and_requires_reconfirmation (trusted_execution.test_confirmation.ConfirmationBindingTests.test_quantity_change_is_explained_and_requires_reconfirmation) ... ok
test_same_confirmed_content_is_valid_and_only_valid_can_execute (trusted_execution.test_confirmation.ConfirmationBindingTests.test_same_confirmed_content_is_valid_and_only_valid_can_execute) ... ok
test_closed_models_contain_required_source_and_fact_domains (trusted_execution.test_context_policy.ContextPolicyTests.test_closed_models_contain_required_source_and_fact_domains) ... ok
test_low_trust_sources_cannot_overwrite_critical_facts (trusted_execution.test_context_policy.ContextPolicyTests.test_low_trust_sources_cannot_overwrite_critical_facts) ... ok
test_merchant_cannot_overwrite_a_confirmed_order_fact (trusted_execution.test_context_policy.ContextPolicyTests.test_merchant_cannot_overwrite_a_confirmed_order_fact) ... ok
test_merge_is_copy_based_and_detects_actual_unauthorized_mutation (trusted_execution.test_context_policy.ContextPolicyTests.test_merge_is_copy_based_and_detects_actual_unauthorized_mutation) ... ok
test_missing_metadata_and_unknown_combinations_fail_closed (trusted_execution.test_context_policy.ContextPolicyTests.test_missing_metadata_and_unknown_combinations_fail_closed) ... ok
test_policy_and_current_action_are_required (trusted_execution.test_context_policy.ContextPolicyTests.test_policy_and_current_action_are_required) ... ok
test_provider_status_update_is_allowed_but_authority_is_not (trusted_execution.test_context_policy.ContextPolicyTests.test_provider_status_update_is_allowed_but_authority_is_not) ... ok
test_required_source_coverage_is_missing_partial_or_complete (trusted_execution.test_context_policy.ContextPolicyTests.test_required_source_coverage_is_missing_partial_or_complete) ... ok
test_unknown_or_untrusted_source_does_not_count_as_coverage (trusted_execution.test_context_policy.ContextPolicyTests.test_unknown_or_untrusted_source_does_not_count_as_coverage) ... ok
test_unresolved_value_ref_is_blocked_without_writing_none (trusted_execution.test_context_policy.ContextPolicyTests.test_unresolved_value_ref_is_blocked_without_writing_none) ... ok
test_declared_identity_reference_match_is_valid_but_not_authentication (trusted_execution.test_execution_facts.ExecutionFactsTests.test_declared_identity_reference_match_is_valid_but_not_authentication) ... ok
test_declared_identity_reference_mismatch_is_invalid (trusted_execution.test_execution_facts.ExecutionFactsTests.test_declared_identity_reference_mismatch_is_invalid) ... ok
test_declared_identity_reference_missing_is_missing_evidence (trusted_execution.test_execution_facts.ExecutionFactsTests.test_declared_identity_reference_missing_is_missing_evidence) ... ok
test_execution_and_object_mismatches_are_reported_together (trusted_execution.test_execution_facts.ExecutionFactsTests.test_execution_and_object_mismatches_are_reported_together) ... ok
test_execution_identity_match_is_valid (trusted_execution.test_execution_facts.ExecutionFactsTests.test_execution_identity_match_is_valid) ... ok
test_missing_idempotency_key_still_inventories_related_attempts (trusted_execution.test_execution_facts.ExecutionFactsTests.test_missing_idempotency_key_still_inventories_related_attempts) ... ok
test_missing_optional_provider_ref_does_not_invent_a_mismatch (trusted_execution.test_execution_facts.ExecutionFactsTests.test_missing_optional_provider_ref_does_not_invent_a_mismatch) ... ok
test_missing_required_reference_is_missing_evidence (trusted_execution.test_execution_facts.ExecutionFactsTests.test_missing_required_reference_is_missing_evidence) ... ok
test_present_idempotency_key_classifies_same_request_attempts (trusted_execution.test_execution_facts.ExecutionFactsTests.test_present_idempotency_key_classifies_same_request_attempts) ... ok
test_provider_mismatch_is_invalid_when_both_refs_exist (trusted_execution.test_execution_facts.ExecutionFactsTests.test_provider_mismatch_is_invalid_when_both_refs_exist) ... ok
test_status_observation_reuses_reference_verification (trusted_execution.test_execution_facts.ExecutionFactsTests.test_status_observation_reuses_reference_verification) ... ok
test_valid_idempotency_fact_does_not_claim_retry_is_safe (trusted_execution.test_execution_facts.ExecutionFactsTests.test_valid_idempotency_fact_does_not_claim_retry_is_safe) ... ok
test_claimed_trust_upgrade_never_erases_web_ancestry (trusted_execution.test_fact_lineage.FactLineageTest.test_claimed_trust_upgrade_never_erases_web_ancestry) ... ok
test_exact_outer_container_and_node_type_boundaries_precede_attribute_access (trusted_execution.test_fact_lineage.FactLineageTest.test_exact_outer_container_and_node_type_boundaries_precede_attribute_access) ... ok
test_graph_integrity_failures_do_not_return_partial_resolution (trusted_execution.test_fact_lineage.FactLineageTest.test_graph_integrity_failures_do_not_return_partial_resolution) ... ok
test_long_chain_uses_non_recursive_resolution (trusted_execution.test_fact_lineage.FactLineageTest.test_long_chain_uses_non_recursive_resolution) ... ok
test_machine_matrix_is_complete_matched_and_primitive_only (trusted_execution.test_fact_lineage.FactLineageTest.test_machine_matrix_is_complete_matched_and_primitive_only) ... ok
test_missing_and_invalid_fields_have_stable_classification (trusted_execution.test_fact_lineage.FactLineageTest.test_missing_and_invalid_fields_have_stable_classification) ... ok
test_multi_source_propagation_unions_every_ancestor (trusted_execution.test_fact_lineage.FactLineageTest.test_multi_source_propagation_unions_every_ancestor) ... ok
test_production_resolver_has_no_io_network_process_environment_or_policy_decision (trusted_execution.test_fact_lineage.FactLineageTest.test_production_resolver_has_no_io_network_process_environment_or_policy_decision) ... ok
test_public_contracts_are_frozen_exported_and_primitive_only (trusted_execution.test_fact_lineage.FactLineageTest.test_public_contracts_are_frozen_exported_and_primitive_only) ... ok
test_resolution_is_order_independent_deterministic_and_does_not_mutate_inputs (trusted_execution.test_fact_lineage.FactLineageTest.test_resolution_is_order_independent_deterministic_and_does_not_mutate_inputs) ... ok
test_source_propagation_retains_web_and_llm_ancestors (trusted_execution.test_fact_lineage.FactLineageTest.test_source_propagation_retains_web_and_llm_ancestors) ... ok
test_untrusted_ancestry_classification_is_explicit_for_every_source (trusted_execution.test_fact_lineage.FactLineageTest.test_untrusted_ancestry_classification_is_explicit_for_every_source) ... ok
test_agent_executor_and_context_action_bindings (trusted_execution.test_governed_action.GovernedActionTest.test_agent_executor_and_context_action_bindings) ... ok
test_invalid_enum_and_container_types_are_not_coerced (trusted_execution.test_governed_action.GovernedActionTest.test_invalid_enum_and_container_types_are_not_coerced) ... ok
test_machine_readable_action_matrix_matches_and_exposes_required_fields (trusted_execution.test_governed_action.GovernedActionTest.test_machine_readable_action_matrix_matches_and_exposes_required_fields) ... ok
test_missing_action_and_missing_mandatory_fields_are_missing_evidence (trusted_execution.test_governed_action.GovernedActionTest.test_missing_action_and_missing_mandatory_fields_are_missing_evidence) ... ok
test_missing_agent_executor_and_context_evidence_is_missing (trusted_execution.test_governed_action.GovernedActionTest.test_missing_agent_executor_and_context_evidence_is_missing) ... ok
test_only_exact_governed_payment_action_type_crosses_outer_boundary (trusted_execution.test_governed_action.GovernedActionTest.test_only_exact_governed_payment_action_type_crosses_outer_boundary) ... ok
test_order_request_payment_and_existing_chain_mismatches_are_independent (trusted_execution.test_governed_action.GovernedActionTest.test_order_request_payment_and_existing_chain_mismatches_are_independent) ... ok
test_production_verifier_has_no_external_or_callback_side_effect (trusted_execution.test_governed_action.GovernedActionTest.test_production_verifier_has_no_external_or_callback_side_effect) ... ok
test_public_types_are_closed_to_execute_payment_only (trusted_execution.test_governed_action.GovernedActionTest.test_public_types_are_closed_to_execute_payment_only) ... ok
test_subject_authority_and_version_mismatches_are_independent (trusted_execution.test_governed_action.GovernedActionTest.test_subject_authority_and_version_mismatches_are_independent) ... ok
test_temporal_boundaries_and_identifier_collisions (trusted_execution.test_governed_action.GovernedActionTest.test_temporal_boundaries_and_identifier_collisions) ... ok
test_valid_action_is_immutable_and_serializes_to_primitives (trusted_execution.test_governed_action.GovernedActionTest.test_valid_action_is_immutable_and_serializes_to_primitives) ... ok
test_verifier_is_deterministic_and_does_not_modify_inputs (trusted_execution.test_governed_action.GovernedActionTest.test_verifier_is_deterministic_and_does_not_modify_inputs) ... ok
test_aware_datetimes_for_same_instant_are_equivalent (trusted_execution.test_hashing.HashingTests.test_aware_datetimes_for_same_instant_are_equivalent) ... ok
test_canonical_json_ignores_dictionary_key_order (trusted_execution.test_hashing.HashingTests.test_canonical_json_ignores_dictionary_key_order) ... ok
test_decimal_and_text_do_not_collide (trusted_execution.test_hashing.HashingTests.test_decimal_and_text_do_not_collide) ... ok
test_decimal_equivalent_representations_share_one_canonical_value (trusted_execution.test_hashing.HashingTests.test_decimal_equivalent_representations_share_one_canonical_value) ... ok
test_decimal_rejects_non_finite_values (trusted_execution.test_hashing.HashingTests.test_decimal_rejects_non_finite_values) ... ok
test_float_is_rejected_instead_of_silently_entering_financial_hashes (trusted_execution.test_hashing.HashingTests.test_float_is_rejected_instead_of_silently_entering_financial_hashes) ... ok
test_list_and_tuple_are_equivalent_but_sequence_order_is_preserved (trusted_execution.test_hashing.HashingTests.test_list_and_tuple_are_equivalent_but_sequence_order_is_preserved) ... ok
test_missing_field_and_null_are_distinct (trusted_execution.test_hashing.HashingTests.test_missing_field_and_null_are_distinct) ... ok
test_modified_value_changes_hash (trusted_execution.test_hashing.HashingTests.test_modified_value_changes_hash) ... ok
test_naive_datetime_is_rejected (trusted_execution.test_hashing.HashingTests.test_naive_datetime_is_rejected) ... ok
test_order_item_sequence_is_currently_part_of_the_digest (trusted_execution.test_hashing.HashingTests.test_order_item_sequence_is_currently_part_of_the_digest) ... ok
test_order_version_is_part_of_the_digest (trusted_execution.test_hashing.HashingTests.test_order_version_is_part_of_the_digest) ... ok
test_real_order_dataclass_is_canonicalizable (trusted_execution.test_hashing.HashingTests.test_real_order_dataclass_is_canonicalizable) ... ok
test_reserved_type_key_is_rejected_for_input_mapping (trusted_execution.test_hashing.HashingTests.test_reserved_type_key_is_rejected_for_input_mapping) ... ok
test_unicode_canonical_equivalents_are_normalized_to_nfc (trusted_execution.test_hashing.HashingTests.test_unicode_canonical_equivalents_are_normalized_to_nfc) ... ok
test_unicode_key_collision_after_normalization_is_rejected (trusted_execution.test_hashing.HashingTests.test_unicode_key_collision_after_normalization_is_rejected) ... ok
test_unknown_algorithm_is_rejected (trusted_execution.test_hashing.HashingTests.test_unknown_algorithm_is_rejected) ... ok
test_verify_hash_detects_tampering (trusted_execution.test_hashing.HashingTests.test_verify_hash_detects_tampering) ... ok
test_assurance_levels_are_stable_serializable_values (trusted_execution.test_identity_assurance.IdentityAssuranceTests.test_assurance_levels_are_stable_serializable_values) ... ok
test_complete_offline_binding_is_valid_and_bound_only (trusted_execution.test_identity_assurance.IdentityAssuranceTests.test_complete_offline_binding_is_valid_and_bound_only) ... ok
test_credential_reference_alone_never_upgrades_to_verified (trusted_execution.test_identity_assurance.IdentityAssuranceTests.test_credential_reference_alone_never_upgrades_to_verified) ... ok
test_inactive_revoked_and_unsupported_statuses_are_invalid (trusted_execution.test_identity_assurance.IdentityAssuranceTests.test_inactive_revoked_and_unsupported_statuses_are_invalid) ... ok
test_missing_identity_and_executor_evidence_fails_closed (trusted_execution.test_identity_assurance.IdentityAssuranceTests.test_missing_identity_and_executor_evidence_fails_closed) ... ok
test_same_layer_conflicts_are_aggregated_in_stable_order (trusted_execution.test_identity_assurance.IdentityAssuranceTests.test_same_layer_conflicts_are_aggregated_in_stable_order) ... ok
test_contains_first_five_ui_lessons (trusted_execution.test_learning_sandbox.LearningSandboxTests.test_contains_first_five_ui_lessons) ... ok
test_marks_demo_as_fixed_and_not_real_backend (trusted_execution.test_learning_sandbox.LearningSandboxTests.test_marks_demo_as_fixed_and_not_real_backend) ... ok
test_only_one_detail_panel_is_kept_open (trusted_execution.test_learning_sandbox.LearningSandboxTests.test_only_one_detail_panel_is_kept_open) ... ok
test_sandbox_exists_and_is_offline (trusted_execution.test_learning_sandbox.LearningSandboxTests.test_sandbox_exists_and_is_offline) ... ok
test_uses_shared_learning_page_skeleton (trusted_execution.test_learning_sandbox.LearningSandboxTests.test_uses_shared_learning_page_skeleton) ... ok
test_all_actions_bind_original_transaction (trusted_execution.test_original_transaction.OriginalTransactionTests.test_all_actions_bind_original_transaction) ... ok
test_mismatches_missing_provider_and_unknown_action_fail_closed (trusted_execution.test_original_transaction.OriginalTransactionTests.test_mismatches_missing_provider_and_unknown_action_fail_closed) ... ok
test_authority_and_agent_cannot_be_swapped_at_execution (trusted_execution.test_payment_binding.PaymentExecutionBindingTests.test_authority_and_agent_cannot_be_swapped_at_execution) ... ok
test_critical_payment_fields_cannot_change_silently (trusted_execution.test_payment_binding.PaymentExecutionBindingTests.test_critical_payment_fields_cannot_change_silently) ... ok
test_execution_must_bind_the_validated_request_and_order (trusted_execution.test_payment_binding.PaymentExecutionBindingTests.test_execution_must_bind_the_validated_request_and_order) ... ok
test_invalid_p3_identity_is_denied_before_callback (trusted_execution.test_payment_binding.PaymentExecutionBindingTests.test_invalid_p3_identity_is_denied_before_callback) ... ok
test_missing_continuous_references_fail_closed (trusted_execution.test_payment_binding.PaymentExecutionBindingTests.test_missing_continuous_references_fail_closed) ... ok
test_missing_p3_executor_evidence_is_indeterminate_before_callback (trusted_execution.test_payment_binding.PaymentExecutionBindingTests.test_missing_p3_executor_evidence_is_indeterminate_before_callback) ... ok
test_observation_is_captured_once_at_gate_without_replay_callback (trusted_execution.test_payment_binding.PaymentExecutionBindingTests.test_observation_is_captured_once_at_gate_without_replay_callback) ... ok
test_p4_gate_rejects_complete_coverage_bound_to_another_payment (trusted_execution.test_payment_binding.PaymentExecutionBindingTests.test_p4_gate_rejects_complete_coverage_bound_to_another_payment) ... ok
test_p4_gate_rejects_empty_partial_action_and_policy_mismatch (trusted_execution.test_payment_binding.PaymentExecutionBindingTests.test_p4_gate_rejects_empty_partial_action_and_policy_mismatch) ... ok
test_p4_gate_requires_each_payment_value_source_and_current_digest (trusted_execution.test_payment_binding.PaymentExecutionBindingTests.test_p4_gate_requires_each_payment_value_source_and_current_digest) ... ok
test_p4_missing_invalid_and_safely_blocked_paths_gate_callback (trusted_execution.test_payment_binding.PaymentExecutionBindingTests.test_p4_missing_invalid_and_safely_blocked_paths_gate_callback) ... ok
test_p5_replay_preserves_final_p2_p3_and_p4_gate_blocks (trusted_execution.test_payment_binding.PaymentExecutionBindingTests.test_p5_replay_preserves_final_p2_p3_and_p4_gate_blocks) ... ok
test_reference_collision_or_execution_before_request_is_invalid (trusted_execution.test_payment_binding.PaymentExecutionBindingTests.test_reference_collision_or_execution_before_request_is_invalid) ... ok
test_request_must_bind_the_current_order_and_authority_version (trusted_execution.test_payment_binding.PaymentExecutionBindingTests.test_request_must_bind_the_current_order_and_authority_version) ... ok
test_shared_runtime_gate_emits_causal_reason_for_every_branch (trusted_execution.test_payment_binding.PaymentExecutionBindingTests.test_shared_runtime_gate_emits_causal_reason_for_every_branch) ... ok
test_upstream_non_allow_decision_blocks_even_a_valid_payment_binding (trusted_execution.test_payment_binding.PaymentExecutionBindingTests.test_upstream_non_allow_decision_blocks_even_a_valid_payment_binding) ... ok
test_valid_continuous_binding_is_the_only_path_that_executes (trusted_execution.test_payment_binding.PaymentExecutionBindingTests.test_valid_continuous_binding_is_the_only_path_that_executes) ... ok
test_fails_closed_for_broken_link_duplicate_and_reference_mismatch (trusted_execution.test_replay.ReplayTests.test_fails_closed_for_broken_link_duplicate_and_reference_mismatch) ... ok
test_marks_missing_required_event_as_indeterminate (trusted_execution.test_replay.ReplayTests.test_marks_missing_required_event_as_indeterminate) ... ok
test_rejects_unknown_enum_and_missing_reference (trusted_execution.test_replay.ReplayTests.test_rejects_unknown_enum_and_missing_reference) ... ok
test_replays_complete_allow_chain_as_structured_facts (trusted_execution.test_replay.ReplayTests.test_replays_complete_allow_chain_as_structured_facts) ... ok
test_replays_confirmation_and_deny_from_recorded_decision (trusted_execution.test_replay.ReplayTests.test_replays_confirmation_and_deny_from_recorded_decision) ... ok

----------------------------------------------------------------------
Ran 428 tests in 23.443s

OK
