{
  "all_authorizations_false": true,
  "corrected_result_sha256": "58c0dee1a0f20e5e346c31cf097a5a11ac1e4c53f2fad52398d934828d039cd5",
  "fixture_hash_matches_result": true,
  "implementation_diff": {
    "bytes": 136820,
    "path_count": 5,
    "sha256": "5454acc257ab951aa131c6ca2b6e3f51e24e94f46c194c07725191b01f362a1e"
  },
  "protected_src_file_count": 45,
  "protected_src_hashes_equal": true,
  "repeatability_three_identical": true,
  "root_duplicate_absent": true,
  "route": "READY_FOR_REVIEW / Evaluator",
  "runner_boundary": {
    "no_monkeypatch": true,
    "no_network_or_random_imports": true,
    "no_second_rule_engine": true,
    "public_api_composition": true
  },
  "runner_hash_matches_result": true
}
