test_claimed_trust_upgrade_never_erases_web_ancestry (tests.trusted_execution.test_fact_lineage.FactLineageTest.test_claimed_trust_upgrade_never_erases_web_ancestry) ... ok
test_exact_outer_container_and_node_type_boundaries_precede_attribute_access (tests.trusted_execution.test_fact_lineage.FactLineageTest.test_exact_outer_container_and_node_type_boundaries_precede_attribute_access) ... ok
test_graph_integrity_failures_do_not_return_partial_resolution (tests.trusted_execution.test_fact_lineage.FactLineageTest.test_graph_integrity_failures_do_not_return_partial_resolution) ... ok
test_long_chain_uses_non_recursive_resolution (tests.trusted_execution.test_fact_lineage.FactLineageTest.test_long_chain_uses_non_recursive_resolution) ... ok
test_machine_matrix_is_complete_matched_and_primitive_only (tests.trusted_execution.test_fact_lineage.FactLineageTest.test_machine_matrix_is_complete_matched_and_primitive_only) ... ok
test_missing_and_invalid_fields_have_stable_classification (tests.trusted_execution.test_fact_lineage.FactLineageTest.test_missing_and_invalid_fields_have_stable_classification) ... ok
test_multi_source_propagation_unions_every_ancestor (tests.trusted_execution.test_fact_lineage.FactLineageTest.test_multi_source_propagation_unions_every_ancestor) ... ok
test_production_resolver_has_no_io_network_process_environment_or_policy_decision (tests.trusted_execution.test_fact_lineage.FactLineageTest.test_production_resolver_has_no_io_network_process_environment_or_policy_decision) ... ok
test_public_contracts_are_frozen_exported_and_primitive_only (tests.trusted_execution.test_fact_lineage.FactLineageTest.test_public_contracts_are_frozen_exported_and_primitive_only) ... ok
test_resolution_is_order_independent_deterministic_and_does_not_mutate_inputs (tests.trusted_execution.test_fact_lineage.FactLineageTest.test_resolution_is_order_independent_deterministic_and_does_not_mutate_inputs) ... ok
test_source_propagation_retains_web_and_llm_ancestors (tests.trusted_execution.test_fact_lineage.FactLineageTest.test_source_propagation_retains_web_and_llm_ancestors) ... ok
test_untrusted_ancestry_classification_is_explicit_for_every_source (tests.trusted_execution.test_fact_lineage.FactLineageTest.test_untrusted_ancestry_classification_is_explicit_for_every_source) ... ok
test_amount_override_exposes_structured_untrusted_lineage (tests.test_attack_overlay.AttackOverlayTest.test_amount_override_exposes_structured_untrusted_lineage) ... ok
test_benign_overlay_has_no_lineage_facts_and_preserves_policy_result (tests.test_attack_overlay.AttackOverlayTest.test_benign_overlay_has_no_lineage_facts_and_preserves_policy_result) ... ok
test_benign_untrusted_content_does_not_create_false_alarm (tests.test_attack_overlay.AttackOverlayTest.test_benign_untrusted_content_does_not_create_false_alarm) ... ok
test_first_suite_contains_benign_and_attack_cases (tests.test_attack_overlay.AttackOverlayTest.test_first_suite_contains_benign_and_attack_cases) ... ok
test_float_override_preserves_policy_and_gets_stable_lineage_digest (tests.test_attack_overlay.AttackOverlayTest.test_float_override_preserves_policy_and_gets_stable_lineage_digest) ... ok
test_overlay_consumer_calls_shared_lineage_resolver (tests.test_attack_overlay.AttackOverlayTest.test_overlay_consumer_calls_shared_lineage_resolver) ... ok
test_suite_policy_projection_is_unchanged_and_report_adds_lineage_only (tests.test_attack_overlay.AttackOverlayTest.test_suite_policy_projection_is_unchanged_and_report_adds_lineage_only) ... ok
test_unknown_override_root_is_rejected (tests.test_attack_overlay.AttackOverlayTest.test_unknown_override_root_is_rejected) ... ok
test_untrusted_override_cannot_change_payment_amount (tests.test_attack_overlay.AttackOverlayTest.test_untrusted_override_cannot_change_payment_amount) ... ok
test_untrusted_override_cannot_swap_merchant_or_agent (tests.test_attack_overlay.AttackOverlayTest.test_untrusted_override_cannot_swap_merchant_or_agent) ... ok
test_authorized_and_current_snapshot_inputs_remain_immutable (tests.test_webshop_runtime_gate.WebShopRuntimeGateTest.test_authorized_and_current_snapshot_inputs_remain_immutable) ... ok
test_authorized_snapshot_api_is_keyword_only (tests.test_webshop_runtime_gate.WebShopRuntimeGateTest.test_authorized_snapshot_api_is_keyword_only) ... ok
test_callback_exception_is_one_attempt_no_retry_and_no_false_success (tests.test_webshop_runtime_gate.WebShopRuntimeGateTest.test_callback_exception_is_one_attempt_no_retry_and_no_false_success) ... ok
test_confirmation_required_and_indeterminate_preserve_zero_callbacks (tests.test_webshop_runtime_gate.WebShopRuntimeGateTest.test_confirmation_required_and_indeterminate_preserve_zero_callbacks) ... ok
test_duplicate_request_is_denied_before_runtime_gate (tests.test_webshop_runtime_gate.WebShopRuntimeGateTest.test_duplicate_request_is_denied_before_runtime_gate) ... ok
test_every_mandatory_explicit_input_is_required (tests.test_webshop_runtime_gate.WebShopRuntimeGateTest.test_every_mandatory_explicit_input_is_required) ... ok
test_explicit_unchanged_snapshot_still_enforces_p2_p3_and_p4 (tests.test_webshop_runtime_gate.WebShopRuntimeGateTest.test_explicit_unchanged_snapshot_still_enforces_p2_p3_and_p4) ... ok
test_gate_reuses_validate_request_without_duplicate_order_state_machine (tests.test_webshop_runtime_gate.WebShopRuntimeGateTest.test_gate_reuses_validate_request_without_duplicate_order_state_machine) ... ok
test_governed_action_and_all_gate_inputs_remain_immutable (tests.test_webshop_runtime_gate.WebShopRuntimeGateTest.test_governed_action_and_all_gate_inputs_remain_immutable) ... ok
test_governed_action_api_is_keyword_only_and_optional (tests.test_webshop_runtime_gate.WebShopRuntimeGateTest.test_governed_action_api_is_keyword_only_and_optional) ... ok
test_governed_action_context_action_mismatch_stops_before_p4 (tests.test_webshop_runtime_gate.WebShopRuntimeGateTest.test_governed_action_context_action_mismatch_stops_before_p4) ... ok
test_hard_snapshot_changes_preserve_existing_fail_closed_decisions (tests.test_webshop_runtime_gate.WebShopRuntimeGateTest.test_hard_snapshot_changes_preserve_existing_fail_closed_decisions) ... ok
test_incomplete_authorized_snapshot_fails_closed (tests.test_webshop_runtime_gate.WebShopRuntimeGateTest.test_incomplete_authorized_snapshot_fails_closed) ... ok
test_invalid_governed_action_is_denied_and_never_reconstructed (tests.test_webshop_runtime_gate.WebShopRuntimeGateTest.test_invalid_governed_action_is_denied_and_never_reconstructed) ... ok
test_invalid_governed_action_outer_types_are_denied_without_exception (tests.test_webshop_runtime_gate.WebShopRuntimeGateTest.test_invalid_governed_action_outer_types_are_denied_without_exception) ... ok
test_machine_readable_anomaly_matrix_matches_all_expected_decisions (tests.test_webshop_runtime_gate.WebShopRuntimeGateTest.test_machine_readable_anomaly_matrix_matches_all_expected_decisions) ... ok
test_missing_governed_action_evidence_is_indeterminate_before_callback (tests.test_webshop_runtime_gate.WebShopRuntimeGateTest.test_missing_governed_action_evidence_is_indeterminate_before_callback) ... ok
test_not_ready_adaptation_and_blank_declared_agent_fail_closed (tests.test_webshop_runtime_gate.WebShopRuntimeGateTest.test_not_ready_adaptation_and_blank_declared_agent_fail_closed) ... ok
test_optional_authorized_snapshot_is_backward_compatible (tests.test_webshop_runtime_gate.WebShopRuntimeGateTest.test_optional_authorized_snapshot_is_backward_compatible) ... ok
test_p2_request_order_authority_agent_payee_amount_currency_mismatches_block (tests.test_webshop_runtime_gate.WebShopRuntimeGateTest.test_p2_request_order_authority_agent_payee_amount_currency_mismatches_block) ... ok
test_p3_missing_and_mismatched_executor_identity_block (tests.test_webshop_runtime_gate.WebShopRuntimeGateTest.test_p3_missing_and_mismatched_executor_identity_block) ... ok
test_p4_missing_invalid_stale_and_value_mismatched_coverage_block (tests.test_webshop_runtime_gate.WebShopRuntimeGateTest.test_p4_missing_invalid_stale_and_value_mismatched_coverage_block) ... ok
test_permissive_explicit_mandate_allows_one_injected_callback (tests.test_webshop_runtime_gate.WebShopRuntimeGateTest.test_permissive_explicit_mandate_allows_one_injected_callback) ... ok
test_pre_payment_amount_currency_merchant_category_expiry_and_count_fail_closed (tests.test_webshop_runtime_gate.WebShopRuntimeGateTest.test_pre_payment_amount_currency_merchant_category_expiry_and_count_fail_closed) ... ok
test_production_gate_has_no_file_network_process_environment_or_webshop_dependency (tests.test_webshop_runtime_gate.WebShopRuntimeGateTest.test_production_gate_has_no_file_network_process_environment_or_webshop_dependency) ... ok
test_public_api_is_exported_from_package_root (tests.test_webshop_runtime_gate.WebShopRuntimeGateTest.test_public_api_is_exported_from_package_root) ... ok
test_restrictive_instruction_like_mandate_denies_console_table (tests.test_webshop_runtime_gate.WebShopRuntimeGateTest.test_restrictive_instruction_like_mandate_denies_console_table) ... ok
test_same_inputs_are_deterministic_except_callback_observation (tests.test_webshop_runtime_gate.WebShopRuntimeGateTest.test_same_inputs_are_deterministic_except_callback_observation) ... ok
test_snapshot_changes_reuse_order_validation_and_require_confirmation (tests.test_webshop_runtime_gate.WebShopRuntimeGateTest.test_snapshot_changes_reuse_order_validation_and_require_confirmation) ... ok
test_valid_governed_action_continues_through_p2_p4_and_one_callback (tests.test_webshop_runtime_gate.WebShopRuntimeGateTest.test_valid_governed_action_continues_through_p2_p4_and_one_callback) ... ok
test_valid_governed_action_does_not_replace_p1_p2_p3_or_p4 (tests.test_webshop_runtime_gate.WebShopRuntimeGateTest.test_valid_governed_action_does_not_replace_p1_p2_p3_or_p4) ... ok
test_adapter_amount_mismatch_fails_closed (tests.test_webshop_payment_sidecar.WebShopPaymentSidecarTest.test_adapter_amount_mismatch_fails_closed) ... ok
test_adapter_currency_mismatch_fails_closed (tests.test_webshop_payment_sidecar.WebShopPaymentSidecarTest.test_adapter_currency_mismatch_fails_closed) ... ok
test_adapter_request_id_mismatch_fails_closed (tests.test_webshop_payment_sidecar.WebShopPaymentSidecarTest.test_adapter_request_id_mismatch_fails_closed) ... ok
test_async_only_bound_observation_is_supported_without_retry (tests.test_webshop_payment_sidecar.WebShopPaymentSidecarTest.test_async_only_bound_observation_is_supported_without_retry) ... ok
test_duplicate_successful_attempt_blocks_retry (tests.test_webshop_payment_sidecar.WebShopPaymentSidecarTest.test_duplicate_successful_attempt_blocks_retry) ... ok
test_failed_payment_never_becomes_task_success (tests.test_webshop_payment_sidecar.WebShopPaymentSidecarTest.test_failed_payment_never_becomes_task_success) ... ok
test_fulfillment_binding_mismatch_fails_closed (tests.test_webshop_payment_sidecar.WebShopPaymentSidecarTest.test_fulfillment_binding_mismatch_fails_closed) ... ok
test_full_canonical_adapter_gate_projection_passes (tests.test_webshop_payment_sidecar.WebShopPaymentSidecarTest.test_full_canonical_adapter_gate_projection_passes) ... ok
test_gate_and_explicit_input_prerequisite_matrix_fails_closed (tests.test_webshop_payment_sidecar.WebShopPaymentSidecarTest.test_gate_and_explicit_input_prerequisite_matrix_fails_closed) ... ok
test_inputs_are_immutable_and_effective_status_uses_a_copy (tests.test_webshop_payment_sidecar.WebShopPaymentSidecarTest.test_inputs_are_immutable_and_effective_status_uses_a_copy) ... ok
test_missing_idempotency_boundary_never_allows_retry (tests.test_webshop_payment_sidecar.WebShopPaymentSidecarTest.test_missing_idempotency_boundary_never_allows_retry) ... ok
test_no_query_known_attempts_never_create_retry_candidate (tests.test_webshop_payment_sidecar.WebShopPaymentSidecarTest.test_no_query_known_attempts_never_create_retry_candidate) ... ok
test_no_query_related_successful_attempt_blocks_duplicate_payment (tests.test_webshop_payment_sidecar.WebShopPaymentSidecarTest.test_no_query_related_successful_attempt_blocks_duplicate_payment) ... ok
test_no_query_related_unknown_and_pending_attempts_block_duplicate_payment (tests.test_webshop_payment_sidecar.WebShopPaymentSidecarTest.test_no_query_related_unknown_and_pending_attempts_block_duplicate_payment) ... ok
test_no_query_unrelated_attempt_does_not_set_duplicate_block (tests.test_webshop_payment_sidecar.WebShopPaymentSidecarTest.test_no_query_unrelated_attempt_does_not_set_duplicate_block) ... ok
test_payment_binding_mismatch_fails_closed (tests.test_webshop_payment_sidecar.WebShopPaymentSidecarTest.test_payment_binding_mismatch_fails_closed) ... ok
test_payment_success_and_fulfillment_failure_require_remediation (tests.test_webshop_payment_sidecar.WebShopPaymentSidecarTest.test_payment_success_and_fulfillment_failure_require_remediation) ... ok
test_payment_success_and_fulfillment_success_complete_user_task (tests.test_webshop_payment_sidecar.WebShopPaymentSidecarTest.test_payment_success_and_fulfillment_success_complete_user_task) ... ok
test_payment_success_and_pending_fulfillment_remain_pending (tests.test_webshop_payment_sidecar.WebShopPaymentSidecarTest.test_payment_success_and_pending_fulfillment_remain_pending) ... ok
test_pending_query_remains_unresolved_and_never_retries (tests.test_webshop_payment_sidecar.WebShopPaymentSidecarTest.test_pending_query_remains_unresolved_and_never_retries) ... ok
test_production_sidecar_has_no_file_network_process_environment_or_callback_action (tests.test_webshop_payment_sidecar.WebShopPaymentSidecarTest.test_production_sidecar_has_no_file_network_process_environment_or_callback_action) ... ok
test_public_api_is_exported (tests.test_webshop_payment_sidecar.WebShopPaymentSidecarTest.test_public_api_is_exported) ... ok
test_query_async_monotonic_confirmation_can_drive_lifecycle (tests.test_webshop_payment_sidecar.WebShopPaymentSidecarTest.test_query_async_monotonic_confirmation_can_drive_lifecycle) ... ok
test_query_async_terminal_conflict_never_implies_success (tests.test_webshop_payment_sidecar.WebShopPaymentSidecarTest.test_query_async_terminal_conflict_never_implies_success) ... ok
test_query_binding_mismatch_blocks_recovery_and_success (tests.test_webshop_payment_sidecar.WebShopPaymentSidecarTest.test_query_binding_mismatch_blocks_recovery_and_success) ... ok
test_terminal_failed_can_be_offline_retry_candidate_without_execution (tests.test_webshop_payment_sidecar.WebShopPaymentSidecarTest.test_terminal_failed_can_be_offline_retry_candidate_without_execution) ... ok
test_to_dict_is_deterministic_and_primitive_only (tests.test_webshop_payment_sidecar.WebShopPaymentSidecarTest.test_to_dict_is_deterministic_and_primitive_only) ... ok
test_trusted_query_recovers_unknown_payment_to_succeeded (tests.test_webshop_payment_sidecar.WebShopPaymentSidecarTest.test_trusted_query_recovers_unknown_payment_to_succeeded) ... ok
test_unresolved_parallel_attempt_blocks_retry (tests.test_webshop_payment_sidecar.WebShopPaymentSidecarTest.test_unresolved_parallel_attempt_blocks_retry) ... ok
test_conflicting_failed_observation_cannot_override_known_success (tests.test_payment_recovery.PaymentRecoveryTest.test_conflicting_failed_observation_cannot_override_known_success) ... ok
test_existing_successful_attempt_for_same_request_blocks_retry (tests.test_payment_recovery.PaymentRecoveryTest.test_existing_successful_attempt_for_same_request_blocks_retry) ... ok
test_existing_unknown_or_pending_attempt_for_same_request_blocks_retry (tests.test_payment_recovery.PaymentRecoveryTest.test_existing_unknown_or_pending_attempt_for_same_request_blocks_retry) ... ok
test_failed_observation_without_idempotency_boundary_is_blocked (tests.test_payment_recovery.PaymentRecoveryTest.test_failed_observation_without_idempotency_boundary_is_blocked) ... ok
test_invalid_p2_binding_blocks_status_recovery (tests.test_payment_recovery.PaymentRecoveryTest.test_invalid_p2_binding_blocks_status_recovery) ... ok
test_missing_provider_or_order_blocks_original_transaction_recovery (tests.test_payment_recovery.PaymentRecoveryTest.test_missing_provider_or_order_blocks_original_transaction_recovery) ... ok
test_pending_to_pending_forbids_retry (tests.test_payment_recovery.PaymentRecoveryTest.test_pending_to_pending_forbids_retry) ... ok
test_status_observation_binding_errors_are_blocked (tests.test_payment_recovery.PaymentRecoveryTest.test_status_observation_binding_errors_are_blocked) ... ok
test_unknown_to_failed_is_only_a_safe_retry_candidate (tests.test_payment_recovery.PaymentRecoveryTest.test_unknown_to_failed_is_only_a_safe_retry_candidate) ... ok
test_unknown_to_succeeded_recovers_original_payment_and_forbids_retry (tests.test_payment_recovery.PaymentRecoveryTest.test_unknown_to_succeeded_recovers_original_payment_and_forbids_retry) ... ok
test_unknown_to_unknown_forbids_retry_and_remains_unresolved (tests.test_payment_recovery.PaymentRecoveryTest.test_unknown_to_unknown_forbids_retry_and_remains_unresolved) ... ok
test_equal_time_disagreement_is_conflict (tests.test_payment_status_conflict.PaymentStatusConflictFactTest.test_equal_time_disagreement_is_conflict) ... ok
test_invalid_binding_and_reference_fail_closed (tests.test_payment_status_conflict.PaymentStatusConflictFactTest.test_invalid_binding_and_reference_fail_closed) ... ok
test_invalid_enum_is_blocked_instead_of_coerced (tests.test_payment_status_conflict.PaymentStatusConflictFactTest.test_invalid_enum_is_blocked_instead_of_coerced) ... ok
test_matching_terminal_observations_are_consistent_and_terminal (tests.test_payment_status_conflict.PaymentStatusConflictFactTest.test_matching_terminal_observations_are_consistent_and_terminal) ... ok
test_observation_before_execution_is_blocked (tests.test_payment_status_conflict.PaymentStatusConflictFactTest.test_observation_before_execution_is_blocked) ... ok
test_opposite_terminal_claims_conflict_in_both_channel_orders (tests.test_payment_status_conflict.PaymentStatusConflictFactTest.test_opposite_terminal_claims_conflict_in_both_channel_orders) ... ok
test_pending_to_succeeded_is_monotonic_terminal_confirmation (tests.test_payment_status_conflict.PaymentStatusConflictFactTest.test_pending_to_succeeded_is_monotonic_terminal_confirmation) ... ok
test_serialization_is_deterministic_primitive_only_and_narrow (tests.test_payment_status_conflict.PaymentStatusConflictFactTest.test_serialization_is_deterministic_primitive_only_and_narrow) ... ok
test_terminal_to_unresolved_regression_is_conflict (tests.test_payment_status_conflict.PaymentStatusConflictFactTest.test_terminal_to_unresolved_regression_is_conflict) ... ok
test_unknown_to_failed_is_monotonic_terminal_confirmation (tests.test_payment_status_conflict.PaymentStatusConflictFactTest.test_unknown_to_failed_is_monotonic_terminal_confirmation) ... ok
test_unresolved_observations_remain_non_terminal (tests.test_payment_status_conflict.PaymentStatusConflictFactTest.test_unresolved_observations_remain_non_terminal) ... ok

----------------------------------------------------------------------
Ran 104 tests in 0.478s

OK
