protected_src_hashes_equal=PASS
protected_src_file_count=45
head=8acaa9e4319240d258f14d8a23b1f15cc71d09b6
runner_public_api_composition=PASS
runner_no_second_business_rule_engine=PASS
runner_no_network_random_current_time_or_monkeypatch=PASS
runner_output_write_only=PASS
result_fixture_hash_match=PASS
result_runner_hash_match=PASS
repeatability_three_identical=PASS
measured_baseline=5/12
project_impact_verdict=NOT_APPLICABLE
v2_1_executor_route_preserved=PASS
all_authorizations_false=PASS
allowed_file_hash 809aee0f720e050dab80d0c9a2f41ebb514ad94419e78f67f8476bfab78d1d9e samples/evaluation/project_impact_baseline_v1.json
allowed_file_hash a1bd1f565e7a26c09a07280d66f38040c28227fede3ec77463cb7b4b73ca9089 scripts/validation/run_project_impact_baseline.py
allowed_file_hash 947d6b224c18bd2b75c8f4c3945bdf18b93b6fa61df26026910d3a8a5ea13749 tests/test_project_impact_baseline.py
allowed_file_hash 7860b89577634992856e2a5777cb403783bd4b4bda4d636c5457ac9481ac969a docs/04_验证体系/项目级能力评测基线_v1.md
no_src_product_code_modified=PASS
network=false api=false dependency_install=false environment=false webshop_runtime=false buy_now=false payment_side_effect=false commit=false push=false history_rewrite=false
