HEAD=8acaa9e4319240d258f14d8a23b1f15cc71d09b6
CHANGED_HASHES
a0950d80b86c48b3eb585315a0342e804e8a57384ca9b37c1ab55da103a5b047  src/agentic_payment_experiment/trusted_execution/governed_action.py
62ebd2a8a9d06d57f3948461e306ad4603b5750104de052e15a3deed35d29551  src/agentic_payment_experiment/trusted_execution/__init__.py
3d7c3cc93654d5353eaa6b7f9c371f890f79712cd1e158c2e430aeab628fadbe  src/agentic_payment_experiment/__init__.py
53cf905867905ae73f2886c4612a6d19cc839420677afe4f0eb4f655c87c1dd2  src/agentic_payment_experiment/webshop_runtime_gate.py
51242c0cbfe65691b3b3bbf548f5ff6237e344d35d5f0a4fd4ac208a0cdd28d0  tests/trusted_execution/test_governed_action.py
4a6db0197c787e966e3e1425e3ec8095643a2c9a61cfd57bbe384d4c966bd577  tests/test_webshop_runtime_gate.py
db719ebdf33ff3f09be6d2fcefcd908c5f7a4ceefa5c9168944370f7bc4c5222  samples/external/webshop/governed_payment_action_matrix_v1.json
93344a77edb3b05cc73b09700ac38aa34d4b08195af908509dae2609ac341e0e  scripts/validation/webshop/run_governed_payment_action_matrix.py
PROTECTED_RULE_DIFFS
PROTECTED_SHARED_HASHES
25113d7c067a6ba43bcae7a182c60ec77404a50229987b0314805b1c10e0ce71  expected:src/agentic_payment_experiment/payment_execution.py
be5a343ac0f48967b4b861f9b0a0c041d3f87406e6d82df1c366cb6ca810ac56  expected:src/agentic_payment_experiment/trusted_execution/context_policy.py
DIFF_CHECK
STATIC_CONTRACT_AUDIT
governed_action_static_audit=PASS
governed_action_type_count=1
governed_action_keyword_only=true
verifier_callback_calls=0
AUTHORIZATIONS
network=false api=false dependency_install=false create_environment=false webshop_runtime=false buy_now=false payment_side_effect=false commit=false push=false history_rewrite=false
