test_authorized_and_current_snapshot_inputs_remain_immutable (tests.test_webshop_runtime_gate.WebShopRuntimeGateTest.test_authorized_and_current_snapshot_inputs_remain_immutable) ... ok
test_authorized_snapshot_api_is_keyword_only (tests.test_webshop_runtime_gate.WebShopRuntimeGateTest.test_authorized_snapshot_api_is_keyword_only) ... ok
test_callback_exception_is_one_attempt_no_retry_and_no_false_success (tests.test_webshop_runtime_gate.WebShopRuntimeGateTest.test_callback_exception_is_one_attempt_no_retry_and_no_false_success) ... ok
test_confirmation_required_and_indeterminate_preserve_zero_callbacks (tests.test_webshop_runtime_gate.WebShopRuntimeGateTest.test_confirmation_required_and_indeterminate_preserve_zero_callbacks) ... ok
test_duplicate_request_is_denied_before_runtime_gate (tests.test_webshop_runtime_gate.WebShopRuntimeGateTest.test_duplicate_request_is_denied_before_runtime_gate) ... ok
test_every_mandatory_explicit_input_is_required (tests.test_webshop_runtime_gate.WebShopRuntimeGateTest.test_every_mandatory_explicit_input_is_required) ... ok
test_explicit_unchanged_snapshot_still_enforces_p2_p3_and_p4 (tests.test_webshop_runtime_gate.WebShopRuntimeGateTest.test_explicit_unchanged_snapshot_still_enforces_p2_p3_and_p4) ... ok
test_gate_reuses_validate_request_without_duplicate_order_state_machine (tests.test_webshop_runtime_gate.WebShopRuntimeGateTest.test_gate_reuses_validate_request_without_duplicate_order_state_machine) ... ok
test_governed_action_and_all_gate_inputs_remain_immutable (tests.test_webshop_runtime_gate.WebShopRuntimeGateTest.test_governed_action_and_all_gate_inputs_remain_immutable) ... ok
test_governed_action_api_is_keyword_only_and_optional (tests.test_webshop_runtime_gate.WebShopRuntimeGateTest.test_governed_action_api_is_keyword_only_and_optional) ... ok
test_governed_action_context_action_mismatch_stops_before_p4 (tests.test_webshop_runtime_gate.WebShopRuntimeGateTest.test_governed_action_context_action_mismatch_stops_before_p4) ... ok
test_hard_snapshot_changes_preserve_existing_fail_closed_decisions (tests.test_webshop_runtime_gate.WebShopRuntimeGateTest.test_hard_snapshot_changes_preserve_existing_fail_closed_decisions) ... ok
test_incomplete_authorized_snapshot_fails_closed (tests.test_webshop_runtime_gate.WebShopRuntimeGateTest.test_incomplete_authorized_snapshot_fails_closed) ... ok
test_invalid_governed_action_is_denied_and_never_reconstructed (tests.test_webshop_runtime_gate.WebShopRuntimeGateTest.test_invalid_governed_action_is_denied_and_never_reconstructed) ... ok
test_machine_readable_anomaly_matrix_matches_all_expected_decisions (tests.test_webshop_runtime_gate.WebShopRuntimeGateTest.test_machine_readable_anomaly_matrix_matches_all_expected_decisions) ... ok
test_missing_governed_action_evidence_is_indeterminate_before_callback (tests.test_webshop_runtime_gate.WebShopRuntimeGateTest.test_missing_governed_action_evidence_is_indeterminate_before_callback) ... ok
test_not_ready_adaptation_and_blank_declared_agent_fail_closed (tests.test_webshop_runtime_gate.WebShopRuntimeGateTest.test_not_ready_adaptation_and_blank_declared_agent_fail_closed) ... ok
test_optional_authorized_snapshot_is_backward_compatible (tests.test_webshop_runtime_gate.WebShopRuntimeGateTest.test_optional_authorized_snapshot_is_backward_compatible) ... ok
test_p2_request_order_authority_agent_payee_amount_currency_mismatches_block (tests.test_webshop_runtime_gate.WebShopRuntimeGateTest.test_p2_request_order_authority_agent_payee_amount_currency_mismatches_block) ... ok
test_p3_missing_and_mismatched_executor_identity_block (tests.test_webshop_runtime_gate.WebShopRuntimeGateTest.test_p3_missing_and_mismatched_executor_identity_block) ... ok
test_p4_missing_invalid_stale_and_value_mismatched_coverage_block (tests.test_webshop_runtime_gate.WebShopRuntimeGateTest.test_p4_missing_invalid_stale_and_value_mismatched_coverage_block) ... ok
test_permissive_explicit_mandate_allows_one_injected_callback (tests.test_webshop_runtime_gate.WebShopRuntimeGateTest.test_permissive_explicit_mandate_allows_one_injected_callback) ... ok
test_pre_payment_amount_currency_merchant_category_expiry_and_count_fail_closed (tests.test_webshop_runtime_gate.WebShopRuntimeGateTest.test_pre_payment_amount_currency_merchant_category_expiry_and_count_fail_closed) ... ok
test_production_gate_has_no_file_network_process_environment_or_webshop_dependency (tests.test_webshop_runtime_gate.WebShopRuntimeGateTest.test_production_gate_has_no_file_network_process_environment_or_webshop_dependency) ... ok
test_public_api_is_exported_from_package_root (tests.test_webshop_runtime_gate.WebShopRuntimeGateTest.test_public_api_is_exported_from_package_root) ... ok
test_restrictive_instruction_like_mandate_denies_console_table (tests.test_webshop_runtime_gate.WebShopRuntimeGateTest.test_restrictive_instruction_like_mandate_denies_console_table) ... ok
test_same_inputs_are_deterministic_except_callback_observation (tests.test_webshop_runtime_gate.WebShopRuntimeGateTest.test_same_inputs_are_deterministic_except_callback_observation) ... ok
test_snapshot_changes_reuse_order_validation_and_require_confirmation (tests.test_webshop_runtime_gate.WebShopRuntimeGateTest.test_snapshot_changes_reuse_order_validation_and_require_confirmation) ... ok
test_valid_governed_action_continues_through_p2_p4_and_one_callback (tests.test_webshop_runtime_gate.WebShopRuntimeGateTest.test_valid_governed_action_continues_through_p2_p4_and_one_callback) ... ok
test_valid_governed_action_does_not_replace_p1_p2_p3_or_p4 (tests.test_webshop_runtime_gate.WebShopRuntimeGateTest.test_valid_governed_action_does_not_replace_p1_p2_p3_or_p4) ... ok

----------------------------------------------------------------------
Ran 30 tests in 0.144s

OK
