{
  "all_pass": true,
  "checks": {
    "ac01_boundary_definitions": true,
    "ac02_envelope_fields": true,
    "ac02_event_fields": true,
    "ac02_primitive_only": true,
    "ac03_fail_closed": true,
    "ac03_taxonomy": true,
    "ac04_all_have_events": true,
    "ac04_all_have_insertion": true,
    "ac04_all_have_sources": true,
    "ac04_current_zero_valid": true,
    "ac04_markdown_covers_all_tasks": true,
    "ac04_no_new_business_rules": true,
    "ac04_twelve_unique_rows": true,
    "ac05_reuse_not_copy": true,
    "ac06_after_trace_valid": true,
    "ac06_before_frozen": true,
    "ac06_callback_unchanged": true,
    "ac06_decision_unchanged": true,
    "ac06_event_sequence_frozen": true,
    "ac06_exactly_one_slice": true,
    "ac06_next_slice_documented": true,
    "ac07_not_applicable_boundary": true
  },
  "coverage_doc_sha256": "bb1a42b252243d2486af1bf62ab7d304d2630277af877968be82a74db6cf901c",
  "coverage_rows": 12,
  "coverage_sha256": "f04c0ed7b302d4d317c9b8f6fbbc91b62647b13334d2818d0a327008bb794415",
  "current_valid": 0,
  "design_sha256": "b60ab2df87f1b004db0fe5dc64999bc4b90ba766246658f21ce7458f80715962",
  "next_slice_sha256": "098cbfccbf8fae5efd8611e94f3de93fe262615f6810dd5b10f314bf6b323dbe",
  "schema": "product-authoritative-trace-design-check/v1",
  "selected_slice": "T10",
  "target_sha256": "18ed932b9251b6fea0d1df46492ad65ed5824a2578376835ae0674d781e03b23"
}
