{
  "all_pass": true,
  "allowed_task_outputs": [
    "docs/03_架构设计/产品权威轨迹最小合同_v1.md",
    "docs/04_验证体系/产品权威轨迹12项覆盖映射_v1.md",
    "docs/05_任务交接/P9_PRODUCT_AUTHORITATIVE_TRACE_MINIMUM_CONTRACT_V1/NEXT_SLICE.md"
  ],
  "baseline_head": "71a3acbbd9622b68a8064381b9034e07c1f4d700",
  "changed": [],
  "current_head": "71a3acbbd9622b68a8064381b9034e07c1f4d700",
  "current_inherited_status": [
    " M docs/01_项目现状/PROJECT_BOTTLENECK_MAP.md",
    " M docs/04_验证体系/项目级能力评测基线_v1.md",
    " M scripts/validation/run_project_impact_baseline.py",
    " M src/agentic_payment_experiment/__init__.py",
    " M src/agentic_payment_experiment/trusted_execution/__init__.py",
    " M src/agentic_payment_experiment/webshop_runtime_gate.py",
    " M tests/test_project_impact_baseline.py",
    " M tests/test_webshop_runtime_gate.py",
    "?? docs/05_任务交接/P9_KNOWN_PAYMENT_ATTEMPT_PREFLIGHT_CAPABILITY_REVALIDATION_V1/",
    "?? docs/05_任务交接/P9_KNOWN_PAYMENT_ATTEMPT_PREFLIGHT_GATE_V1/REPORT.md",
    "?? docs/05_任务交接/P9_KNOWN_PAYMENT_ATTEMPT_PREFLIGHT_GATE_V1/REVIEW.md",
    "?? docs/05_任务交接/P9_KNOWN_PAYMENT_ATTEMPT_PREFLIGHT_GATE_V1/evidence/",
    "?? docs/05_任务交接/P9_KNOWN_PAYMENT_ATTEMPT_PREFLIGHT_UNRELATED_MALFORMED_REPAIR_V1/",
    "?? samples/evaluation/project_impact_t10_preflight_target_v1.json",
    "?? src/agentic_payment_experiment/trusted_execution/known_payment_attempt.py",
    "?? tests/trusted_execution/test_known_payment_attempt.py"
  ],
  "current_status": [
    " M CURRENT.md",
    " M docs/01_项目现状/PROJECT_BOTTLENECK_MAP.md",
    " M docs/04_验证体系/项目级能力评测基线_v1.md",
    " M scripts/validation/run_project_impact_baseline.py",
    " M src/agentic_payment_experiment/__init__.py",
    " M src/agentic_payment_experiment/trusted_execution/__init__.py",
    " M src/agentic_payment_experiment/webshop_runtime_gate.py",
    " M tests/test_project_impact_baseline.py",
    " M tests/test_webshop_runtime_gate.py",
    "?? docs/03_架构设计/产品权威轨迹最小合同_v1.md",
    "?? docs/04_验证体系/产品权威轨迹12项覆盖映射_v1.md",
    "?? docs/05_任务交接/P9_KNOWN_PAYMENT_ATTEMPT_PREFLIGHT_CAPABILITY_REVALIDATION_V1/",
    "?? docs/05_任务交接/P9_KNOWN_PAYMENT_ATTEMPT_PREFLIGHT_GATE_V1/REPORT.md",
    "?? docs/05_任务交接/P9_KNOWN_PAYMENT_ATTEMPT_PREFLIGHT_GATE_V1/REVIEW.md",
    "?? docs/05_任务交接/P9_KNOWN_PAYMENT_ATTEMPT_PREFLIGHT_GATE_V1/evidence/",
    "?? docs/05_任务交接/P9_KNOWN_PAYMENT_ATTEMPT_PREFLIGHT_UNRELATED_MALFORMED_REPAIR_V1/",
    "?? docs/05_任务交接/P9_PRODUCT_AUTHORITATIVE_TRACE_MINIMUM_CONTRACT_V1/",
    "?? samples/evaluation/project_impact_t10_preflight_target_v1.json",
    "?? src/agentic_payment_experiment/trusted_execution/known_payment_attempt.py",
    "?? tests/trusted_execution/test_known_payment_attempt.py"
  ],
  "head_unchanged": true,
  "inherited_status_unchanged": true,
  "initial_inherited_status": [
    " M docs/01_项目现状/PROJECT_BOTTLENECK_MAP.md",
    " M docs/04_验证体系/项目级能力评测基线_v1.md",
    " M scripts/validation/run_project_impact_baseline.py",
    " M src/agentic_payment_experiment/__init__.py",
    " M src/agentic_payment_experiment/trusted_execution/__init__.py",
    " M src/agentic_payment_experiment/webshop_runtime_gate.py",
    " M tests/test_project_impact_baseline.py",
    " M tests/test_webshop_runtime_gate.py",
    "?? docs/05_任务交接/P9_KNOWN_PAYMENT_ATTEMPT_PREFLIGHT_CAPABILITY_REVALIDATION_V1/",
    "?? docs/05_任务交接/P9_KNOWN_PAYMENT_ATTEMPT_PREFLIGHT_GATE_V1/REPORT.md",
    "?? docs/05_任务交接/P9_KNOWN_PAYMENT_ATTEMPT_PREFLIGHT_GATE_V1/REVIEW.md",
    "?? docs/05_任务交接/P9_KNOWN_PAYMENT_ATTEMPT_PREFLIGHT_GATE_V1/evidence/",
    "?? docs/05_任务交接/P9_KNOWN_PAYMENT_ATTEMPT_PREFLIGHT_UNRELATED_MALFORMED_REPAIR_V1/",
    "?? samples/evaluation/project_impact_t10_preflight_target_v1.json",
    "?? src/agentic_payment_experiment/trusted_execution/known_payment_attempt.py",
    "?? tests/trusted_execution/test_known_payment_attempt.py"
  ],
  "missing": [],
  "protected_file_count": 133,
  "protected_files_unchanged": true,
  "schema": "product-authoritative-trace-scope-audit/v4",
  "task_output_whitespace_findings": [],
  "task_outputs_whitespace_clean": true
}
