{
  "task_start_src_count": 58,
  "current_src_count": 59,
  "added_src": [
    "src/agentic_payment_experiment/authoritative_trace_player.py"
  ],
  "preexisting_src_unchanged": true,
  "player_sha256": "9cd38620ee966632191b376f13d95446711ff55d08b18aa844f9a7fb6ef74541",
  "player_test_sha256": "3101671e80139988c1b755a5f975c92f8f75f570498613ee223154111ffcf991",
  "frozen_hashes": {
    "src/agentic_payment_experiment/authoritative_trace_consumer.py": "6ad65118a4ab50e648e4f6098f6c2c5009ce5731232ae0a4e11d2f60c0c431b5",
    "tests/test_authoritative_trace_consumer.py": "dfa4a7717020819c96fdc0c21a8c7e68a9aee043a4fb02932b4d8252026100fc",
    "src/agentic_payment_experiment/html_report.py": "b93aeb6f18b59bac195e624b7acf10c20e6ed46338796735a3bfc1017f93164a",
    "src/agentic_payment_experiment/interactive_lab.py": "cb083a9fee9c21e5d87e49f097b1ce33d0546c1b0fb79bb59f7b5b7da6308150",
    "src/agentic_payment_experiment/interactive_server.py": "d0be3aa65cca715845d3c41e38a75cb251764e2287cf49c3eb5efef1019b718f",
    "samples/evaluation/project_impact_baseline_v1.json": "e7a1d338ece0c65c6417ce58384e8dc9eb2dc29b2e37ad461cf92b9deb9b89c0",
    "scripts/validation/run_project_impact_baseline.py": "70bf2142c303c01c6fb3270fb364c46bc220b821c5e554fa2e6af3355dc57dd3"
  },
  "accepted_trace_hashes": {
    "T01": "7c47cb15b6dcc687f35ac158eae556979ad05520ec7f36f8511a4bcf13e66906",
    "T02": "fb1a79d73931f3e0bb87eafeffdaffe4004add137998d107ea425554605be624",
    "T03": "7f0e1ccb14cc9256c5c336fb460647ce040bf0549a3328764c061c7b766c92a7",
    "T04": "405e6b8971f9f5e3ad67069ace074df15af4fee6f80418a70466315dcd642c33",
    "T09": "a596f5f35697a878286b85b8e37792aeee34ab7c0800b27739bc91382032310e",
    "T10": "2b97fd1f81001086d4793bf21fd0dbe3ed950643e6d9e5031e18510fb7c99fb3",
    "T12": "ebb38113abb2582d52f434b1a1b30247cc68ee8f4b57c0c18f52efa37bb1c230"
  },
  "static_player_audit": {
    "imports": [
      "__future__",
      "authoritative_trace_consumer",
      "hashlib",
      "json",
      "typing"
    ],
    "family_task_literals": false,
    "network_hooks": false,
    "unsafe_html_insertion": false,
    "safe_text_content": true
  },
  "hostile_boundary_audit": {
    "round_trip_exact": true,
    "raw_hostile_string_absent_from_html": true,
    "script_boundary_escaped": true,
    "text_content_only": true
  }
}
RESULT=PASS
