{
  "repeat_count": 3,
  "all_identical": true,
  "normalized_sha256": [
    "fd0abca4e121187ce8ad3d172c2653d53ea06609870c20dfe70dc627ebecd647",
    "fd0abca4e121187ce8ad3d172c2653d53ea06609870c20dfe70dc627ebecd647",
    "fd0abca4e121187ce8ad3d172c2653d53ea06609870c20dfe70dc627ebecd647"
  ],
  "product_trace": "9/12",
  "gesr": "8/12",
  "callback_count_match": "12/12",
  "duplicate_or_forbidden_side_effect": "0/12",
  "valid_product_tasks": [
    "T01",
    "T02",
    "T03",
    "T04",
    "T07",
    "T08",
    "T09",
    "T10",
    "T12"
  ],
  "absent_product_tasks": [
    "T05",
    "T06",
    "T11"
  ],
  "gesr_matched_tasks": [
    "T01",
    "T02",
    "T03",
    "T04",
    "T07",
    "T08",
    "T09",
    "T12"
  ],
  "non_trace_projection_sha256": "6eb5bca0c0aba10ac75eff3cf5d12ceed015b71d974d685dfa96b7e91e9099dc"
}
RESULT=PASS
