repeatability_all_identical=True
normalized_sha256=f8acb6d0916cec773793ccb0a112fd27fc4a92e75639f18abb6a2fb9b9873206
product_trace=7/12:0.583333
gesr=6/12:0.500000
valid_product_tasks=T01,T02,T03,T04,T09,T10,T12
absent_product_tasks=T05,T06,T07,T08,T11
all_12_actual_outputs_equal_accepted_snapshot=True
non_trace_projection_sha256=6eb5bca0c0aba10ac75eff3cf5d12ceed015b71d974d685dfa96b7e91e9099dc
T01_trace_sha256=7c47cb15b6dcc687f35ac158eae556979ad05520ec7f36f8511a4bcf13e66906
T09_trace_sha256=a596f5f35697a878286b85b8e37792aeee34ab7c0800b27739bc91382032310e
T10_trace_sha256=2b97fd1f81001086d4793bf21fd0dbe3ed950643e6d9e5031e18510fb7c99fb3
T12_trace_sha256=ebb38113abb2582d52f434b1a1b30247cc68ee8f4b57c0c18f52efa37bb1c230
runtime_prepayment_toolkit_imports=1
runtime_prepayment_builder_calls=1
runtime_validate_request_calls=2:frozen_preexisting_duplicate_preflight_path
toolkit_assemble_product_trace_calls=1
toolkit_validate_request_calls=0
fixed_profile_count=3
dynamic_loader=False
dedicated_T02_T03_T04_builders=False
RESULT=PASS
