test_assembler_has_no_business_or_external_state_dependency (tests.test_webshop_trace_assembler.WebShopTraceAssemblerTest.test_assembler_has_no_business_or_external_state_dependency) ... ok
test_envelope_fails_closed_for_duplicate_or_wrong_binding_count (tests.test_webshop_trace_assembler.WebShopTraceAssemblerTest.test_envelope_fails_closed_for_duplicate_or_wrong_binding_count) ... ok
test_fulfillment_and_conflict_projections_recreate_family_bindings (tests.test_webshop_trace_assembler.WebShopTraceAssemblerTest.test_fulfillment_and_conflict_projections_recreate_family_bindings) ... ok
test_public_surface_is_neutral_and_contains_shared_mechanics (tests.test_webshop_trace_assembler.WebShopTraceAssemblerTest.test_public_surface_is_neutral_and_contains_shared_mechanics) ... ok
test_recovery_and_sidecar_projections_recreate_t09_bindings (tests.test_webshop_trace_assembler.WebShopTraceAssemblerTest.test_recovery_and_sidecar_projections_recreate_t09_bindings) ... ok
test_shared_envelope_reassembles_existing_t01_and_t10_traces (tests.test_webshop_trace_assembler.WebShopTraceAssemblerTest.test_shared_envelope_reassembles_existing_t01_and_t10_traces) ... ok
test_shared_projections_recreate_t10_source_bindings (tests.test_webshop_trace_assembler.WebShopTraceAssemblerTest.test_shared_projections_recreate_t10_source_bindings) ... ok
test_sidecar_family_delegates_to_one_toolkit_assembly_path (tests.test_webshop_trace_assembler.WebShopTraceAssemblerTest.test_sidecar_family_delegates_to_one_toolkit_assembly_path) ... ok
test_duplicate_matching_profiles_fail_closed (tests.test_webshop_prepayment_trace_toolkit.WebShopPrepaymentTraceToolkitTest.test_duplicate_matching_profiles_fail_closed) ... ok
test_existing_authoritative_trace_is_never_overwritten (tests.test_webshop_prepayment_trace_toolkit.WebShopPrepaymentTraceToolkitTest.test_existing_authoritative_trace_is_never_overwritten) ... ok
test_invalid_profile_container_or_profile_type_fails_closed (tests.test_webshop_prepayment_trace_toolkit.WebShopPrepaymentTraceToolkitTest.test_invalid_profile_container_or_profile_type_fails_closed) ... ok
test_missing_or_invalid_authority_and_bound_request_facts_fail_closed (tests.test_webshop_prepayment_trace_toolkit.WebShopPrepaymentTraceToolkitTest.test_missing_or_invalid_authority_and_bound_request_facts_fail_closed) ... ok
test_mixed_item_price_directions_fail_closed (tests.test_webshop_prepayment_trace_toolkit.WebShopPrepaymentTraceToolkitTest.test_mixed_item_price_directions_fail_closed) ... ok
test_positive_selector_uses_order_value_direction_for_t02_t03_and_payee_for_t04 (tests.test_webshop_prepayment_trace_toolkit.WebShopPrepaymentTraceToolkitTest.test_positive_selector_uses_order_value_direction_for_t02_t03_and_payee_for_t04) ... ok
test_price_plus_payee_change_fails_closed (tests.test_webshop_prepayment_trace_toolkit.WebShopPrepaymentTraceToolkitTest.test_price_plus_payee_change_fails_closed) ... ok
test_same_price_reason_codes_select_opposite_profiles_only_from_order_values (tests.test_webshop_prepayment_trace_toolkit.WebShopPrepaymentTraceToolkitTest.test_same_price_reason_codes_select_opposite_profiles_only_from_order_values) ... ok
test_t02_t03_t04_build_exact_valid_six_event_six_binding_product_trace (tests.test_webshop_prepayment_trace_toolkit.WebShopPrepaymentTraceToolkitTest.test_t02_t03_t04_build_exact_valid_six_event_six_binding_product_trace) ... ok
test_zero_match_for_unchanged_price_even_when_price_reason_codes_claim_change (tests.test_webshop_prepayment_trace_toolkit.WebShopPrepaymentTraceToolkitTest.test_zero_match_for_unchanged_price_even_when_price_reason_codes_claim_change) ... ok
test_authorized_and_current_snapshot_inputs_remain_immutable (tests.test_webshop_runtime_gate.WebShopRuntimeGateTest.test_authorized_and_current_snapshot_inputs_remain_immutable) ... ok
test_authorized_snapshot_api_is_keyword_only (tests.test_webshop_runtime_gate.WebShopRuntimeGateTest.test_authorized_snapshot_api_is_keyword_only) ... ok
test_bound_succeeded_attempt_denies_before_callback_via_duplicate_gate (tests.test_webshop_runtime_gate.WebShopRuntimeGateTest.test_bound_succeeded_attempt_denies_before_callback_via_duplicate_gate) ... ok
test_callback_exception_is_one_attempt_no_retry_and_no_false_success (tests.test_webshop_runtime_gate.WebShopRuntimeGateTest.test_callback_exception_is_one_attempt_no_retry_and_no_false_success) ... ok
test_confirmation_required_and_indeterminate_preserve_zero_callbacks (tests.test_webshop_runtime_gate.WebShopRuntimeGateTest.test_confirmation_required_and_indeterminate_preserve_zero_callbacks) ... ok
test_duplicate_request_is_denied_before_runtime_gate (tests.test_webshop_runtime_gate.WebShopRuntimeGateTest.test_duplicate_request_is_denied_before_runtime_gate) ... ok
test_empty_known_attempt_input_preserves_prior_gate_result (tests.test_webshop_runtime_gate.WebShopRuntimeGateTest.test_empty_known_attempt_input_preserves_prior_gate_result) ... ok
test_every_mandatory_explicit_input_is_required (tests.test_webshop_runtime_gate.WebShopRuntimeGateTest.test_every_mandatory_explicit_input_is_required) ... ok
test_explicit_unchanged_snapshot_still_enforces_p2_p3_and_p4 (tests.test_webshop_runtime_gate.WebShopRuntimeGateTest.test_explicit_unchanged_snapshot_still_enforces_p2_p3_and_p4) ... ok
test_gate_reuses_validate_request_without_duplicate_order_state_machine (tests.test_webshop_runtime_gate.WebShopRuntimeGateTest.test_gate_reuses_validate_request_without_duplicate_order_state_machine) ... ok
test_governed_action_and_all_gate_inputs_remain_immutable (tests.test_webshop_runtime_gate.WebShopRuntimeGateTest.test_governed_action_and_all_gate_inputs_remain_immutable) ... ok
test_governed_action_api_is_keyword_only_and_optional (tests.test_webshop_runtime_gate.WebShopRuntimeGateTest.test_governed_action_api_is_keyword_only_and_optional) ... ok
test_governed_action_context_action_mismatch_stops_before_p4 (tests.test_webshop_runtime_gate.WebShopRuntimeGateTest.test_governed_action_context_action_mismatch_stops_before_p4) ... ok
test_hard_snapshot_changes_preserve_existing_fail_closed_decisions (tests.test_webshop_runtime_gate.WebShopRuntimeGateTest.test_hard_snapshot_changes_preserve_existing_fail_closed_decisions) ... ok
test_incomplete_authorized_snapshot_fails_closed (tests.test_webshop_runtime_gate.WebShopRuntimeGateTest.test_incomplete_authorized_snapshot_fails_closed) ... ok
test_invalid_governed_action_is_denied_and_never_reconstructed (tests.test_webshop_runtime_gate.WebShopRuntimeGateTest.test_invalid_governed_action_is_denied_and_never_reconstructed) ... ok
test_invalid_governed_action_outer_types_are_denied_without_exception (tests.test_webshop_runtime_gate.WebShopRuntimeGateTest.test_invalid_governed_action_outer_types_are_denied_without_exception) ... ok
test_invalid_known_attempt_outer_types_fail_closed_without_attribute_reads (tests.test_webshop_runtime_gate.WebShopRuntimeGateTest.test_invalid_known_attempt_outer_types_fail_closed_without_attribute_reads) ... ok
test_invalid_or_missing_succeeded_attempt_binding_is_indeterminate (tests.test_webshop_runtime_gate.WebShopRuntimeGateTest.test_invalid_or_missing_succeeded_attempt_binding_is_indeterminate) ... ok
test_known_payment_attempt_api_is_keyword_only_with_empty_tuple_default (tests.test_webshop_runtime_gate.WebShopRuntimeGateTest.test_known_payment_attempt_api_is_keyword_only_with_empty_tuple_default) ... ok
test_machine_readable_anomaly_matrix_matches_all_expected_decisions (tests.test_webshop_runtime_gate.WebShopRuntimeGateTest.test_machine_readable_anomaly_matrix_matches_all_expected_decisions) ... ok
test_missing_governed_action_evidence_is_indeterminate_before_callback (tests.test_webshop_runtime_gate.WebShopRuntimeGateTest.test_missing_governed_action_evidence_is_indeterminate_before_callback) ... ok
test_mixed_known_attempt_inventories_are_order_independent (tests.test_webshop_runtime_gate.WebShopRuntimeGateTest.test_mixed_known_attempt_inventories_are_order_independent) ... ok
test_not_ready_adaptation_and_blank_declared_agent_fail_closed (tests.test_webshop_runtime_gate.WebShopRuntimeGateTest.test_not_ready_adaptation_and_blank_declared_agent_fail_closed) ... ok
test_optional_authorized_snapshot_is_backward_compatible (tests.test_webshop_runtime_gate.WebShopRuntimeGateTest.test_optional_authorized_snapshot_is_backward_compatible) ... ok
test_p2_request_order_authority_agent_payee_amount_currency_mismatches_block (tests.test_webshop_runtime_gate.WebShopRuntimeGateTest.test_p2_request_order_authority_agent_payee_amount_currency_mismatches_block) ... ok
test_p3_missing_and_mismatched_executor_identity_block (tests.test_webshop_runtime_gate.WebShopRuntimeGateTest.test_p3_missing_and_mismatched_executor_identity_block) ... ok
test_p4_missing_invalid_stale_and_value_mismatched_coverage_block (tests.test_webshop_runtime_gate.WebShopRuntimeGateTest.test_p4_missing_invalid_stale_and_value_mismatched_coverage_block) ... ok
test_pending_and_unknown_known_attempts_do_not_define_new_policy (tests.test_webshop_runtime_gate.WebShopRuntimeGateTest.test_pending_and_unknown_known_attempts_do_not_define_new_policy) ... ok
test_permissive_explicit_mandate_allows_one_injected_callback (tests.test_webshop_runtime_gate.WebShopRuntimeGateTest.test_permissive_explicit_mandate_allows_one_injected_callback) ... ok
test_pre_payment_amount_currency_merchant_category_expiry_and_count_fail_closed (tests.test_webshop_runtime_gate.WebShopRuntimeGateTest.test_pre_payment_amount_currency_merchant_category_expiry_and_count_fail_closed) ... ok
test_production_gate_has_no_file_network_process_environment_or_webshop_dependency (tests.test_webshop_runtime_gate.WebShopRuntimeGateTest.test_production_gate_has_no_file_network_process_environment_or_webshop_dependency) ... ok
test_public_api_is_exported_from_package_root (tests.test_webshop_runtime_gate.WebShopRuntimeGateTest.test_public_api_is_exported_from_package_root) ... ok
test_restrictive_instruction_like_mandate_denies_console_table (tests.test_webshop_runtime_gate.WebShopRuntimeGateTest.test_restrictive_instruction_like_mandate_denies_console_table) ... ok
test_same_inputs_are_deterministic_except_callback_observation (tests.test_webshop_runtime_gate.WebShopRuntimeGateTest.test_same_inputs_are_deterministic_except_callback_observation) ... ok
test_same_request_malformed_attempt_remains_indeterminate (tests.test_webshop_runtime_gate.WebShopRuntimeGateTest.test_same_request_malformed_attempt_remains_indeterminate) ... ok
test_snapshot_changes_reuse_order_validation_and_require_confirmation (tests.test_webshop_runtime_gate.WebShopRuntimeGateTest.test_snapshot_changes_reuse_order_validation_and_require_confirmation) ... ok
test_unrelated_malformed_attempt_is_clear_and_checkout_still_runs (tests.test_webshop_runtime_gate.WebShopRuntimeGateTest.test_unrelated_malformed_attempt_is_clear_and_checkout_still_runs) ... ok
test_unrelated_succeeded_attempt_is_clear_and_checkout_still_runs (tests.test_webshop_runtime_gate.WebShopRuntimeGateTest.test_unrelated_succeeded_attempt_is_clear_and_checkout_still_runs) ... ok
test_valid_governed_action_continues_through_p2_p4_and_one_callback (tests.test_webshop_runtime_gate.WebShopRuntimeGateTest.test_valid_governed_action_continues_through_p2_p4_and_one_callback) ... ok
test_valid_governed_action_does_not_replace_p1_p2_p3_or_p4 (tests.test_webshop_runtime_gate.WebShopRuntimeGateTest.test_valid_governed_action_does_not_replace_p1_p2_p3_or_p4) ... ok
test_complexity_and_product_call_path_are_bounded (tests.test_webshop_sidecar_trace_toolkit.WebShopSidecarTraceToolkitTest.test_complexity_and_product_call_path_are_bounded) ... ok
test_exactly_one_profile_selection_for_t01_t09_and_t12 (tests.test_webshop_sidecar_trace_toolkit.WebShopSidecarTraceToolkitTest.test_exactly_one_profile_selection_for_t01_t09_and_t12) ... ok
test_fixed_registry_contains_exactly_three_declarative_profiles (tests.test_webshop_sidecar_trace_toolkit.WebShopSidecarTraceToolkitTest.test_fixed_registry_contains_exactly_three_declarative_profiles) ... ok
test_real_t12_emits_exact_valid_product_trace (tests.test_webshop_sidecar_trace_toolkit.WebShopSidecarTraceToolkitTest.test_real_t12_emits_exact_valid_product_trace) ... ok
test_t12_negative_matrix_fails_closed (tests.test_webshop_sidecar_trace_toolkit.WebShopSidecarTraceToolkitTest.test_t12_negative_matrix_fails_closed) ... ok
test_three_profiles_share_one_common_event_core (tests.test_webshop_sidecar_trace_toolkit.WebShopSidecarTraceToolkitTest.test_three_profiles_share_one_common_event_core) ... ok
test_zero_and_multiple_profile_matches_fail_closed (tests.test_webshop_sidecar_trace_toolkit.WebShopSidecarTraceToolkitTest.test_zero_and_multiple_profile_matches_fail_closed) ... ok
test_adapter_amount_mismatch_fails_closed (tests.test_webshop_payment_sidecar.WebShopPaymentSidecarTest.test_adapter_amount_mismatch_fails_closed) ... ok
test_adapter_currency_mismatch_fails_closed (tests.test_webshop_payment_sidecar.WebShopPaymentSidecarTest.test_adapter_currency_mismatch_fails_closed) ... ok
test_adapter_request_id_mismatch_fails_closed (tests.test_webshop_payment_sidecar.WebShopPaymentSidecarTest.test_adapter_request_id_mismatch_fails_closed) ... ok
test_async_only_bound_observation_is_supported_without_retry (tests.test_webshop_payment_sidecar.WebShopPaymentSidecarTest.test_async_only_bound_observation_is_supported_without_retry) ... ok
test_duplicate_successful_attempt_blocks_retry (tests.test_webshop_payment_sidecar.WebShopPaymentSidecarTest.test_duplicate_successful_attempt_blocks_retry) ... ok
test_failed_payment_never_becomes_task_success (tests.test_webshop_payment_sidecar.WebShopPaymentSidecarTest.test_failed_payment_never_becomes_task_success) ... ok
test_fulfillment_binding_mismatch_fails_closed (tests.test_webshop_payment_sidecar.WebShopPaymentSidecarTest.test_fulfillment_binding_mismatch_fails_closed) ... ok
test_full_canonical_adapter_gate_projection_passes (tests.test_webshop_payment_sidecar.WebShopPaymentSidecarTest.test_full_canonical_adapter_gate_projection_passes) ... ok
test_gate_and_explicit_input_prerequisite_matrix_fails_closed (tests.test_webshop_payment_sidecar.WebShopPaymentSidecarTest.test_gate_and_explicit_input_prerequisite_matrix_fails_closed) ... ok
test_inputs_are_immutable_and_effective_status_uses_a_copy (tests.test_webshop_payment_sidecar.WebShopPaymentSidecarTest.test_inputs_are_immutable_and_effective_status_uses_a_copy) ... ok
test_missing_idempotency_boundary_never_allows_retry (tests.test_webshop_payment_sidecar.WebShopPaymentSidecarTest.test_missing_idempotency_boundary_never_allows_retry) ... ok
test_no_query_known_attempts_never_create_retry_candidate (tests.test_webshop_payment_sidecar.WebShopPaymentSidecarTest.test_no_query_known_attempts_never_create_retry_candidate) ... ok
test_no_query_related_successful_attempt_blocks_duplicate_payment (tests.test_webshop_payment_sidecar.WebShopPaymentSidecarTest.test_no_query_related_successful_attempt_blocks_duplicate_payment) ... ok
test_no_query_related_unknown_and_pending_attempts_block_duplicate_payment (tests.test_webshop_payment_sidecar.WebShopPaymentSidecarTest.test_no_query_related_unknown_and_pending_attempts_block_duplicate_payment) ... ok
test_no_query_unrelated_attempt_does_not_set_duplicate_block (tests.test_webshop_payment_sidecar.WebShopPaymentSidecarTest.test_no_query_unrelated_attempt_does_not_set_duplicate_block) ... ok
test_payment_binding_mismatch_fails_closed (tests.test_webshop_payment_sidecar.WebShopPaymentSidecarTest.test_payment_binding_mismatch_fails_closed) ... ok
test_payment_success_and_fulfillment_failure_require_remediation (tests.test_webshop_payment_sidecar.WebShopPaymentSidecarTest.test_payment_success_and_fulfillment_failure_require_remediation) ... ok
test_payment_success_and_fulfillment_success_complete_user_task (tests.test_webshop_payment_sidecar.WebShopPaymentSidecarTest.test_payment_success_and_fulfillment_success_complete_user_task) ... ok
test_payment_success_and_pending_fulfillment_remain_pending (tests.test_webshop_payment_sidecar.WebShopPaymentSidecarTest.test_payment_success_and_pending_fulfillment_remain_pending) ... ok
test_pending_query_remains_unresolved_and_never_retries (tests.test_webshop_payment_sidecar.WebShopPaymentSidecarTest.test_pending_query_remains_unresolved_and_never_retries) ... ok
test_production_sidecar_has_no_file_network_process_environment_or_callback_action (tests.test_webshop_payment_sidecar.WebShopPaymentSidecarTest.test_production_sidecar_has_no_file_network_process_environment_or_callback_action) ... ok
test_public_api_is_exported (tests.test_webshop_payment_sidecar.WebShopPaymentSidecarTest.test_public_api_is_exported) ... ok
test_query_async_monotonic_confirmation_can_drive_lifecycle (tests.test_webshop_payment_sidecar.WebShopPaymentSidecarTest.test_query_async_monotonic_confirmation_can_drive_lifecycle) ... ok
test_query_async_terminal_conflict_never_implies_success (tests.test_webshop_payment_sidecar.WebShopPaymentSidecarTest.test_query_async_terminal_conflict_never_implies_success) ... ok
test_query_binding_mismatch_blocks_recovery_and_success (tests.test_webshop_payment_sidecar.WebShopPaymentSidecarTest.test_query_binding_mismatch_blocks_recovery_and_success) ... ok
test_t01_happy_path_emits_exact_valid_product_trace (tests.test_webshop_payment_sidecar.WebShopPaymentSidecarTest.test_t01_happy_path_emits_exact_valid_product_trace) ... ok
test_t01_trace_builder_has_no_hidden_inputs_or_business_rule_calls (tests.test_webshop_payment_sidecar.WebShopPaymentSidecarTest.test_t01_trace_builder_has_no_hidden_inputs_or_business_rule_calls) ... ok
test_t01_trace_fails_closed_outside_exact_happy_path (tests.test_webshop_payment_sidecar.WebShopPaymentSidecarTest.test_t01_trace_fails_closed_outside_exact_happy_path) ... ok
test_terminal_failed_can_be_offline_retry_candidate_without_execution (tests.test_webshop_payment_sidecar.WebShopPaymentSidecarTest.test_terminal_failed_can_be_offline_retry_candidate_without_execution) ... ok
test_to_dict_is_deterministic_and_primitive_only (tests.test_webshop_payment_sidecar.WebShopPaymentSidecarTest.test_to_dict_is_deterministic_and_primitive_only) ... ok
test_trusted_query_recovers_unknown_payment_to_succeeded (tests.test_webshop_payment_sidecar.WebShopPaymentSidecarTest.test_trusted_query_recovers_unknown_payment_to_succeeded) ... ok
test_unresolved_parallel_attempt_blocks_retry (tests.test_webshop_payment_sidecar.WebShopPaymentSidecarTest.test_unresolved_parallel_attempt_blocks_retry) ... ok
test_builder_has_no_hidden_replay_or_business_rule_dependency (tests.test_webshop_authoritative_trace.WebShopAuthoritativeTraceTest.test_builder_has_no_hidden_replay_or_business_rule_dependency) ... ok
test_current_and_historical_payment_binding_cannot_be_merged (tests.test_webshop_authoritative_trace.WebShopAuthoritativeTraceTest.test_current_and_historical_payment_binding_cannot_be_merged) ... ok
test_duplicate_block_without_governed_action_fails_closed_for_trace (tests.test_webshop_authoritative_trace.WebShopAuthoritativeTraceTest.test_duplicate_block_without_governed_action_fails_closed_for_trace) ... ok
test_multiple_related_historical_payments_fail_closed_for_trace (tests.test_webshop_authoritative_trace.WebShopAuthoritativeTraceTest.test_multiple_related_historical_payments_fail_closed_for_trace) ... ok
test_non_t10_paths_never_emit_trace (tests.test_webshop_authoritative_trace.WebShopAuthoritativeTraceTest.test_non_t10_paths_never_emit_trace) ... ok
test_outcome_contract_remains_frozen_and_default_trace_is_none (tests.test_webshop_authoritative_trace.WebShopAuthoritativeTraceTest.test_outcome_contract_remains_frozen_and_default_trace_is_none) ... ok
test_real_t10_gate_emits_exact_valid_product_trace (tests.test_webshop_authoritative_trace.WebShopAuthoritativeTraceTest.test_real_t10_gate_emits_exact_valid_product_trace) ... ok
test_result_projection_cannot_include_authoritative_trace (tests.test_webshop_authoritative_trace.WebShopAuthoritativeTraceTest.test_result_projection_cannot_include_authoritative_trace) ... ok
test_two_order_roles_must_share_one_binding (tests.test_webshop_authoritative_trace.WebShopAuthoritativeTraceTest.test_two_order_roles_must_share_one_binding) ... ok
test_all_nine_hash_identity_vectors_and_binding_digests_recompute (tests.test_authoritative_trace.AuthoritativeTraceContractTest.test_all_nine_hash_identity_vectors_and_binding_digests_recompute) ... ok
test_binding_digest_mismatch_is_invalid (tests.test_authoritative_trace.AuthoritativeTraceContractTest.test_binding_digest_mismatch_is_invalid) ... ok
test_canonical_primitive_closed_set (tests.test_authoritative_trace.AuthoritativeTraceContractTest.test_canonical_primitive_closed_set) ... ok
test_embedded_registry_hashes_match_accepted_contract (tests.test_authoritative_trace.AuthoritativeTraceContractTest.test_embedded_registry_hashes_match_accepted_contract) ... ok
test_entity_and_relation_tamper_are_invalid (tests.test_authoritative_trace.AuthoritativeTraceContractTest.test_entity_and_relation_tamper_are_invalid) ... ok
test_extra_projection_field_is_invalid (tests.test_authoritative_trace.AuthoritativeTraceContractTest.test_extra_projection_field_is_invalid) ... ok
test_float_nan_infinity_and_unsupported_values_fail_closed (tests.test_authoritative_trace.AuthoritativeTraceContractTest.test_float_nan_infinity_and_unsupported_values_fail_closed) ... ok
test_missing_duplicate_and_unreferenced_bindings_have_exact_statuses (tests.test_authoritative_trace.AuthoritativeTraceContractTest.test_missing_duplicate_and_unreferenced_bindings_have_exact_statuses) ... ok
test_missing_extra_and_reordered_events_have_exact_statuses (tests.test_authoritative_trace.AuthoritativeTraceContractTest.test_missing_extra_and_reordered_events_have_exact_statuses) ... ok
test_missing_projection_field_is_indeterminate (tests.test_authoritative_trace.AuthoritativeTraceContractTest.test_missing_projection_field_is_indeterminate) ... ok
test_native_and_hash_identity_mismatch_are_invalid (tests.test_authoritative_trace.AuthoritativeTraceContractTest.test_native_and_hash_identity_mismatch_are_invalid) ... ok
test_native_identity_and_all_t10_binding_digests_recompute (tests.test_authoritative_trace.AuthoritativeTraceContractTest.test_native_identity_and_all_t10_binding_digests_recompute) ... ok
test_public_contract_is_frozen_and_projection_is_deeply_immutable (tests.test_authoritative_trace.AuthoritativeTraceContractTest.test_public_contract_is_frozen_and_projection_is_deeply_immutable) ... ok
test_public_ordered_collections_are_copied_to_tuples (tests.test_authoritative_trace.AuthoritativeTraceContractTest.test_public_ordered_collections_are_copied_to_tuples) ... ok
test_result_projection_containing_authoritative_trace_is_invalid (tests.test_authoritative_trace.AuthoritativeTraceContractTest.test_result_projection_containing_authoritative_trace_is_invalid) ... ok
test_runtime_module_has_no_docs_or_evidence_file_dependency (tests.test_authoritative_trace.AuthoritativeTraceContractTest.test_runtime_module_has_no_docs_or_evidence_file_dependency) ... ok
test_sidecar_fabricated_decision_is_invalid_extra_field (tests.test_authoritative_trace.AuthoritativeTraceContractTest.test_sidecar_fabricated_decision_is_invalid_extra_field) ... ok
test_t10_exact_synthetic_envelope_is_valid (tests.test_authoritative_trace.AuthoritativeTraceContractTest.test_t10_exact_synthetic_envelope_is_valid) ... ok
test_t10_relation_targets_are_resolved (tests.test_authoritative_trace.AuthoritativeTraceContractTest.test_t10_relation_targets_are_resolved) ... ok
test_t10_two_order_roles_share_one_binding (tests.test_authoritative_trace.AuthoritativeTraceContractTest.test_t10_two_order_roles_share_one_binding) ... ok
test_t12_conflict_and_sidecar_bindings_recompute (tests.test_authoritative_trace.AuthoritativeTraceContractTest.test_t12_conflict_and_sidecar_bindings_recompute) ... ok
test_target_binding_assertion_tamper_is_invalid (tests.test_authoritative_trace.AuthoritativeTraceContractTest.test_target_binding_assertion_tamper_is_invalid) ... ok
test_unknown_projection_schema_is_indeterminate (tests.test_authoritative_trace.AuthoritativeTraceContractTest.test_unknown_projection_schema_is_indeterminate) ... ok
test_unresolved_source_binding_is_indeterminate (tests.test_authoritative_trace.AuthoritativeTraceContractTest.test_unresolved_source_binding_is_indeterminate) ... ok
test_wrong_source_and_unknown_profile_fail_closed (tests.test_authoritative_trace.AuthoritativeTraceContractTest.test_wrong_source_and_unknown_profile_fail_closed) ... ok
test_cli_exits_zero_with_honestly_reported_capability_gaps (tests.test_project_impact_baseline.ProjectImpactBaselineTest.test_cli_exits_zero_with_honestly_reported_capability_gaps) ... ok
test_compare_records_provenance_gap_for_invalid_combination (tests.test_project_impact_baseline.ProjectImpactBaselineTest.test_compare_records_provenance_gap_for_invalid_combination) ... ok
test_corrected_baseline_records_expected_product_traces (tests.test_project_impact_baseline.ProjectImpactBaselineTest.test_corrected_baseline_records_expected_product_traces) ... ok
test_external_regressions_remain_separate_guardrails (tests.test_project_impact_baseline.ProjectImpactBaselineTest.test_external_regressions_remain_separate_guardrails) ... ok
test_fixture_v1_1_freezes_t01_t12_and_measurement_integrity_fields (tests.test_project_impact_baseline.ProjectImpactBaselineTest.test_fixture_v1_1_freezes_t01_t12_and_measurement_integrity_fields) ... ok
test_invalid_fixture_fails_before_measurement (tests.test_project_impact_baseline.ProjectImpactBaselineTest.test_invalid_fixture_fails_before_measurement) ... ok
test_main_metric_and_guardrails_match_hand_calculation (tests.test_project_impact_baseline.ProjectImpactBaselineTest.test_main_metric_and_guardrails_match_hand_calculation) ... ok
test_repeat_three_has_identical_normalized_results (tests.test_project_impact_baseline.ProjectImpactBaselineTest.test_repeat_three_has_identical_normalized_results) ... ok
test_report_is_machine_readable_and_records_corrected_measurement (tests.test_project_impact_baseline.ProjectImpactBaselineTest.test_report_is_machine_readable_and_records_corrected_measurement) ... ok
test_runner_reads_only_explicit_authoritative_trace (tests.test_project_impact_baseline.ProjectImpactBaselineTest.test_runner_reads_only_explicit_authoritative_trace) ... ok
test_runner_static_boundary_has_no_product_patch_or_trace_laundering (tests.test_project_impact_baseline.ProjectImpactBaselineTest.test_runner_static_boundary_has_no_product_patch_or_trace_laundering) ... ok
test_synthesized_replay_is_valid_diagnostic_but_never_product_trace (tests.test_project_impact_baseline.ProjectImpactBaselineTest.test_synthesized_replay_is_valid_diagnostic_but_never_product_trace) ... ok
test_t01_t07_t10_t12_hand_spot_checks (tests.test_project_impact_baseline.ProjectImpactBaselineTest.test_t01_t07_t10_t12_hand_spot_checks) ... ok
test_t10_fixture_requires_zero_callback_and_preserves_business_goal (tests.test_project_impact_baseline.ProjectImpactBaselineTest.test_t10_fixture_requires_zero_callback_and_preserves_business_goal) ... ok
test_t10_preflight_removes_duplicate_callback_capability_gap (tests.test_project_impact_baseline.ProjectImpactBaselineTest.test_t10_preflight_removes_duplicate_callback_capability_gap) ... ok
test_t10_target_closes_trace_and_end_to_end_dimensions (tests.test_project_impact_baseline.ProjectImpactBaselineTest.test_t10_target_closes_trace_and_end_to_end_dimensions) ... ok
test_trace_expectation_tamper_does_not_change_actual_provenance (tests.test_project_impact_baseline.ProjectImpactBaselineTest.test_trace_expectation_tamper_does_not_change_actual_provenance) ... ok
test_trace_provenance_closed_negative_matrix (tests.test_project_impact_baseline.ProjectImpactBaselineTest.test_trace_provenance_closed_negative_matrix) ... ok
test_trace_provenance_closed_positive_matrix (tests.test_project_impact_baseline.ProjectImpactBaselineTest.test_trace_provenance_closed_positive_matrix) ... ok
test_zero_tolerance_side_effect_metric_is_independent_of_expected_callback (tests.test_project_impact_baseline.ProjectImpactBaselineTest.test_zero_tolerance_side_effect_metric_is_independent_of_expected_callback) ... ok

----------------------------------------------------------------------
Ran 152 tests in 1.795s

OK
