test_conflicting_failed_observation_cannot_override_known_success (tests.test_payment_recovery.PaymentRecoveryTest.test_conflicting_failed_observation_cannot_override_known_success) ... ok
test_existing_successful_attempt_for_same_request_blocks_retry (tests.test_payment_recovery.PaymentRecoveryTest.test_existing_successful_attempt_for_same_request_blocks_retry) ... ok
test_existing_unknown_or_pending_attempt_for_same_request_blocks_retry (tests.test_payment_recovery.PaymentRecoveryTest.test_existing_unknown_or_pending_attempt_for_same_request_blocks_retry) ... ok
test_failed_observation_without_idempotency_boundary_is_blocked (tests.test_payment_recovery.PaymentRecoveryTest.test_failed_observation_without_idempotency_boundary_is_blocked) ... ok
test_invalid_p2_binding_blocks_status_recovery (tests.test_payment_recovery.PaymentRecoveryTest.test_invalid_p2_binding_blocks_status_recovery) ... ok
test_missing_provider_or_order_blocks_original_transaction_recovery (tests.test_payment_recovery.PaymentRecoveryTest.test_missing_provider_or_order_blocks_original_transaction_recovery) ... ok
test_pending_to_pending_forbids_retry (tests.test_payment_recovery.PaymentRecoveryTest.test_pending_to_pending_forbids_retry) ... ok
test_status_observation_binding_errors_are_blocked (tests.test_payment_recovery.PaymentRecoveryTest.test_status_observation_binding_errors_are_blocked) ... ok
test_unknown_to_failed_is_only_a_safe_retry_candidate (tests.test_payment_recovery.PaymentRecoveryTest.test_unknown_to_failed_is_only_a_safe_retry_candidate) ... ok
test_unknown_to_succeeded_recovers_original_payment_and_forbids_retry (tests.test_payment_recovery.PaymentRecoveryTest.test_unknown_to_succeeded_recovers_original_payment_and_forbids_retry) ... ok
test_unknown_to_unknown_forbids_retry_and_remains_unresolved (tests.test_payment_recovery.PaymentRecoveryTest.test_unknown_to_unknown_forbids_retry_and_remains_unresolved) ... ok
test_equal_time_disagreement_is_conflict (tests.test_payment_status_conflict.PaymentStatusConflictFactTest.test_equal_time_disagreement_is_conflict) ... ok
test_invalid_binding_and_reference_fail_closed (tests.test_payment_status_conflict.PaymentStatusConflictFactTest.test_invalid_binding_and_reference_fail_closed) ... ok
test_invalid_enum_is_blocked_instead_of_coerced (tests.test_payment_status_conflict.PaymentStatusConflictFactTest.test_invalid_enum_is_blocked_instead_of_coerced) ... ok
test_matching_terminal_observations_are_consistent_and_terminal (tests.test_payment_status_conflict.PaymentStatusConflictFactTest.test_matching_terminal_observations_are_consistent_and_terminal) ... ok
test_observation_before_execution_is_blocked (tests.test_payment_status_conflict.PaymentStatusConflictFactTest.test_observation_before_execution_is_blocked) ... ok
test_opposite_terminal_claims_conflict_in_both_channel_orders (tests.test_payment_status_conflict.PaymentStatusConflictFactTest.test_opposite_terminal_claims_conflict_in_both_channel_orders) ... ok
test_pending_to_succeeded_is_monotonic_terminal_confirmation (tests.test_payment_status_conflict.PaymentStatusConflictFactTest.test_pending_to_succeeded_is_monotonic_terminal_confirmation) ... ok
test_serialization_is_deterministic_primitive_only_and_narrow (tests.test_payment_status_conflict.PaymentStatusConflictFactTest.test_serialization_is_deterministic_primitive_only_and_narrow) ... ok
test_terminal_to_unresolved_regression_is_conflict (tests.test_payment_status_conflict.PaymentStatusConflictFactTest.test_terminal_to_unresolved_regression_is_conflict) ... ok
test_unknown_to_failed_is_monotonic_terminal_confirmation (tests.test_payment_status_conflict.PaymentStatusConflictFactTest.test_unknown_to_failed_is_monotonic_terminal_confirmation) ... ok
test_unresolved_observations_remain_non_terminal (tests.test_payment_status_conflict.PaymentStatusConflictFactTest.test_unresolved_observations_remain_non_terminal) ... ok
test_binding_mismatch_is_unknown_not_success (tests.test_lifecycle.LifecycleTest.test_binding_mismatch_is_unknown_not_success) ... ok
test_missing_p2_reference_fails_closed_before_lifecycle_success (tests.test_lifecycle.LifecycleTest.test_missing_p2_reference_fails_closed_before_lifecycle_success) ... ok
test_payment_failed_does_not_mark_task_successful (tests.test_lifecycle.LifecycleTest.test_payment_failed_does_not_mark_task_successful) ... ok
test_s10_preserves_linked_evidence_for_later_remediation (tests.test_lifecycle.LifecycleTest.test_s10_preserves_linked_evidence_for_later_remediation) ... ok
test_s10_separates_prepayment_allow_from_failed_user_task (tests.test_lifecycle.LifecycleTest.test_s10_separates_prepayment_allow_from_failed_user_task) ... ok
test_successful_payment_and_successful_fulfillment_complete_task (tests.test_lifecycle.LifecycleTest.test_successful_payment_and_successful_fulfillment_complete_task) ... ok

----------------------------------------------------------------------
Ran 28 tests in 0.079s

OK
