Command: git diff --name-only 063dd539589d8e50258b9d2c6225ec45763a776c
Working directory: D:\SoftWare\VScode\install\Project\agentic-payment-trust-lab
Exit code: 0
--- STDOUT ---
CURRENT.md
README.md
"docs/01_\351\241\271\347\233\256\347\216\260\347\212\266/\351\241\271\347\233\256\344\270\255\346\216\247.md"
"docs/02_\346\234\252\346\235\245\350\247\204\345\210\222/\345\220\216\347\273\255\344\273\273\345\212\241\345\214\205.md"
"docs/02_\346\234\252\346\235\245\350\247\204\345\210\222/\346\225\264\344\275\223\344\277\256\346\255\243\346\211\247\350\241\214\350\256\241\345\210\222_20260729.md"
"docs/03_\346\236\266\346\236\204\350\256\276\350\256\241/\346\224\257\344\273\230\344\270\216\345\217\257\344\277\241\346\211\247\350\241\214\346\250\241\345\235\227\350\276\271\347\225\214.md"
"docs/05_\344\273\273\345\212\241\344\272\244\346\216\245/P4_TRUST_SOURCE_CONTEXT_POLICY_V1/TASK_CONTRACT.md"
"docs/05_\344\273\273\345\212\241\344\272\244\346\216\245/P4_TRUST_SOURCE_CONTEXT_POLICY_V1/evidence/FREEZE-EV-01_baseline_218_tests.log"
samples/attacks/attack_overlay_v1.json
src/agentic_payment_experiment/attack_overlay.py
src/agentic_payment_experiment/lab_overview.py
src/agentic_payment_experiment/payment_execution.py
src/agentic_payment_experiment/runner.py
src/agentic_payment_experiment/trusted_execution/__init__.py
tests/test_attack_overlay.py
tests/test_attack_overlay_entrypoint.py
tests/test_entrypoint.py
tests/test_lab_overview.py
tests/test_runner.py
tests/trusted_execution/test_payment_binding.py

--- STDERR ---
warning: in the working copy of 'README.md', LF will be replaced by CRLF the next time Git touches it
warning: in the working copy of 'docs/01_项目现状/项目中控.md', LF will be replaced by CRLF the next time Git touches it
warning: in the working copy of 'docs/02_未来规划/后续任务包.md', LF will be replaced by CRLF the next time Git touches it
warning: in the working copy of 'docs/02_未来规划/整体修正执行计划_20260729.md', LF will be replaced by CRLF the next time Git touches it
warning: in the working copy of 'docs/03_架构设计/支付与可信执行模块边界.md', LF will be replaced by CRLF the next time Git touches it
warning: in the working copy of 'samples/attacks/attack_overlay_v1.json', LF will be replaced by CRLF the next time Git touches it
warning: in the working copy of 'src/agentic_payment_experiment/attack_overlay.py', LF will be replaced by CRLF the next time Git touches it
warning: in the working copy of 'src/agentic_payment_experiment/lab_overview.py', LF will be replaced by CRLF the next time Git touches it
warning: in the working copy of 'src/agentic_payment_experiment/payment_execution.py', LF will be replaced by CRLF the next time Git touches it
warning: in the working copy of 'src/agentic_payment_experiment/runner.py', LF will be replaced by CRLF the next time Git touches it
warning: in the working copy of 'src/agentic_payment_experiment/trusted_execution/__init__.py', LF will be replaced by CRLF the next time Git touches it
warning: in the working copy of 'tests/test_attack_overlay.py', LF will be replaced by CRLF the next time Git touches it
warning: in the working copy of 'tests/test_attack_overlay_entrypoint.py', LF will be replaced by CRLF the next time Git touches it
warning: in the working copy of 'tests/test_entrypoint.py', LF will be replaced by CRLF the next time Git touches it
warning: in the working copy of 'tests/test_lab_overview.py', LF will be replaced by CRLF the next time Git touches it
warning: in the working copy of 'tests/test_runner.py', LF will be replaced by CRLF the next time Git touches it
warning: in the working copy of 'tests/trusted_execution/test_payment_binding.py', LF will be replaced by CRLF the next time Git touches it
