test_adapter_performs_no_file_network_environment_or_process_action (tests.test_webshop_adapter.WebShopAdapterTest.test_adapter_performs_no_file_network_environment_or_process_action) ... ok
test_binding_mismatch_discards_both_neutral_objects (tests.test_webshop_adapter.WebShopAdapterTest.test_binding_mismatch_discards_both_neutral_objects) ... ok
test_buy_now_availability_execution_and_action_sequence_are_gated (tests.test_webshop_adapter.WebShopAdapterTest.test_buy_now_availability_execution_and_action_sequence_are_gated) ... ok
test_export_helper_reproduces_the_committed_single_item_fixture (tests.test_webshop_adapter.WebShopAdapterTest.test_export_helper_reproduces_the_committed_single_item_fixture) ... ok
test_fixture_is_minimal_traceable_and_preserves_unrelated_facts (tests.test_webshop_adapter.WebShopAdapterTest.test_fixture_is_minimal_traceable_and_preserves_unrelated_facts) ... ok
test_happy_path_maps_to_existing_neutral_order_and_request (tests.test_webshop_adapter.WebShopAdapterTest.test_happy_path_maps_to_existing_neutral_order_and_request) ... ok
test_ids_decimal_total_and_order_request_bindings_are_deterministic (tests.test_webshop_adapter.WebShopAdapterTest.test_ids_decimal_total_and_order_request_bindings_are_deterministic) ... ok
test_malformed_nonpositive_or_non_string_prices_fail_closed (tests.test_webshop_adapter.WebShopAdapterTest.test_malformed_nonpositive_or_non_string_prices_fail_closed) ... ok
test_missing_or_empty_instruction_fails_closed (tests.test_webshop_adapter.WebShopAdapterTest.test_missing_or_empty_instruction_fails_closed) ... ok
test_missing_product_currency_and_context_bridge_fields_fail_closed (tests.test_webshop_adapter.WebShopAdapterTest.test_missing_product_currency_and_context_bridge_fields_fail_closed) ... ok
test_non_mapping_input_fails_closed (tests.test_webshop_adapter.WebShopAdapterTest.test_non_mapping_input_fails_closed) ... ok
test_result_is_immutable_and_equal_for_repeated_adaptation (tests.test_webshop_adapter.WebShopAdapterTest.test_result_is_immutable_and_equal_for_repeated_adaptation) ... ok
test_selected_options_are_preserved_in_sorted_metadata_and_item_name (tests.test_webshop_adapter.WebShopAdapterTest.test_selected_options_are_preserved_in_sorted_metadata_and_item_name) ... ok
test_selected_options_field_is_required_but_empty_mapping_is_allowed (tests.test_webshop_adapter.WebShopAdapterTest.test_selected_options_field_is_required_but_empty_mapping_is_allowed) ... ok
test_semantic_separation_limitations_are_explicit (tests.test_webshop_adapter.WebShopAdapterTest.test_semantic_separation_limitations_are_explicit) ... ok
test_static_import_and_side_effect_boundary (tests.test_webshop_adapter.WebShopAdapterTest.test_static_import_and_side_effect_boundary) ... ok
test_total_must_equal_quantity_times_decimal_unit_price (tests.test_webshop_adapter.WebShopAdapterTest.test_total_must_equal_quantity_times_decimal_unit_price) ... ok
test_unknown_top_level_fields_are_reported_not_trusted (tests.test_webshop_adapter.WebShopAdapterTest.test_unknown_top_level_fields_are_reported_not_trusted) ... ok
test_wrong_commit_missing_or_mutable_provenance_fails_closed (tests.test_webshop_adapter.WebShopAdapterTest.test_wrong_commit_missing_or_mutable_provenance_fails_closed) ... ok
test_zero_negative_noninteger_or_boolean_quantity_fails_closed (tests.test_webshop_adapter.WebShopAdapterTest.test_zero_negative_noninteger_or_boolean_quantity_fails_closed) ... ok

----------------------------------------------------------------------
Ran 20 tests in 1.099s

OK
