{
  "buy_now_executed": false,
  "fixture_bytes": 2003,
  "fixture_path": "/tmp/tmpypnorp2k/fixture.json",
  "fixture_sha256": "6e9d67c3b787cc2d9202bd22b30dec88bf9f920dfa3741bdeb364108a2a3c8e5",
  "product_count": 1,
  "source_commit": "64fa2a5c15c7daa698b9ac93f5bb5437b634c9bd",
  "source_smoke_sha256": "d1998c49a7afa14ee4534cd266d4e9e9c386ff2c2c8d85114aad19c304467e74"
}
{
  "actions": [
    "search[vhomes lights reclaimed]",
    "click[b06y3vldfb]"
  ],
  "buy_now_available": true,
  "buy_now_executed": false,
  "byte_equal": true,
  "product_count": 1,
  "provenance": {
    "immutable": true,
    "kind": "local_p9_a2_evidence"
  },
  "sha256": "6e9d67c3b787cc2d9202bd22b30dec88bf9f920dfa3741bdeb364108a2a3c8e5",
  "source_commit": "64fa2a5c15c7daa698b9ac93f5bb5437b634c9bd",
  "source_smoke_sha256": "d1998c49a7afa14ee4534cd266d4e9e9c386ff2c2c8d85114aad19c304467e74"
}
