OK: v2 routing and required artifacts are structurally valid
HEAD=8acaa9e4319240d258f14d8a23b1f15cc71d09b6
CURRENT_ROUTE
# Evaluator → Executor Current State

<!-- evaluator-executor-workflow:v2 -->

```yaml
workflow: evaluator-executor-workflow/v2
task_id: P9-WEBSHOP-BUY-NOW-RUNTIME-GATE-V1
state: CONTRACT_FROZEN
current_role: Executor
baseline_commit: 8acaa9e4319240d258f14d8a23b1f15cc71d09b6
contract_path: docs/05_任务交接/P9_WEBSHOP_BUY_NOW_RUNTIME_GATE_V1/CONTRACT.md
executor_report_path: docs/05_任务交接/P9_WEBSHOP_BUY_NOW_RUNTIME_GATE_V1/REPORT.md
evaluator_review_path: docs/05_任务交接/P9_WEBSHOP_BUY_NOW_RUNTIME_GATE_V1/REVIEW.md
next_artifact_path: docs/05_任务交接/P9_WEBSHOP_BUY_NOW_RUNTIME_GATE_V1/REPORT.md
authorization_commit: false
authorization_push: false
authorization_history_rewrite: false
authorization_api_call: false
authorization_network_call: false
authorization_create_environment: false
authorization_dependency_install: false
authorization_data_download: false
authorization_webshop_runtime_execution: false
authorization_buy_now_execution: false
authorization_payment_or_order_side_effect: false
```

## Current action

```text
Executor executes P9-B2 only: implement one deterministic offline WebShop Buy Now runtime gate that consumes the PASSed P9-B1 adaptation plus explicit mandate, declared Agent ID, payment-execution candidate, Agent/executor identity references and ContextPolicyFact. Reuse existing validate_request and runtime binding/identity/context gates; invoke only an injected local checkout callback exactly once when the final decision is ALLOW. Preserve DENY / CONFIRMATION_REQUIRED / INDETERMINATE without callback. Do not derive authorization from instruction text, product title, WebShop reward or page content.
```
